07-14 16:57:44.733  5193  5320 W CPU     : Failed to read cpu times
07-14 16:57:44.735  5193  5317 I DataCollector: Iteration 180933
07-14 16:57:44.881  5250  5373 W CPU     : Failed to read cpu times
07-14 16:57:45.733  5193  5320 W CPU     : Failed to read cpu times
07-14 16:57:45.734  5193  5317 I DataCollector: Iteration 180934
07-14 16:57:45.881  5250  5373 W CPU     : Failed to read cpu times
07-14 16:57:46.733  5193  5320 W CPU     : Failed to read cpu times
07-14 16:57:46.733  5193  5317 I DataCollector: Iteration 180935
07-14 16:57:46.881  5250  5373 W CPU     : Failed to read cpu times
07-14 16:57:47.733  5193  5320 W CPU     : Failed to read cpu times
07-14 16:57:47.734  5193  5317 I DataCollector: Iteration 180936
07-14 16:57:47.881  5250  5373 W CPU     : Failed to read cpu times
07-14 16:57:48.243   880   880 W healthd : battery l=100 v=4437 t=33.2 h=2 st=5 c=2441 fc=3877000 cc=44 chg=au
07-14 16:57:48.733  5193  5320 W CPU     : Failed to read cpu times
07-14 16:57:48.733  5193  5317 I DataCollector: Iteration 180937
07-14 16:57:48.881  5250  5373 W CPU     : Failed to read cpu times
07-14 16:57:49.733  5193  5320 W CPU     : Failed to read cpu times
07-14 16:57:49.734  5193  5317 I DataCollector: Iteration 180938
07-14 16:57:49.882  5250  5373 W CPU     : Failed to read cpu times
07-14 16:57:50.732  5193  5320 W CPU     : Failed to read cpu times
07-14 16:57:50.733  5193  5317 I DataCollector: Iteration 180939
07-14 16:57:50.881  5250  5373 W CPU     : Failed to read cpu times
07-14 16:57:51.733  5193  5320 W CPU     : Failed to read cpu times
07-14 16:57:51.735  5193  5317 I DataCollector: Iteration 180940
07-14 16:57:51.881  5250  5373 W CPU     : Failed to read cpu times
07-14 16:57:52.733  5193  5320 W CPU     : Failed to read cpu times
07-14 16:57:52.733  5193  5317 I DataCollector: Iteration 180941
07-14 16:57:52.882  5250  5373 W CPU     : Failed to read cpu times
07-14 16:57:53.732  5193  5320 W CPU     : Failed to read cpu times
07-14 16:57:53.734  5193  5317 I DataCollector: Iteration 180942
07-14 16:57:53.881  5250  5373 W CPU     : Failed to read cpu times
07-14 16:57:54.733  5193  5320 W CPU     : Failed to read cpu times
07-14 16:57:54.734  5193  5317 I DataCollector: Iteration 180943
07-14 16:57:54.881  5250  5373 W CPU     : Failed to read cpu times
07-14 16:57:55.732  5193  5320 W CPU     : Failed to read cpu times
07-14 16:57:55.739  5193  5317 I DataCollector: Iteration 180944
07-14 16:57:55.881  5250  5373 W CPU     : Failed to read cpu times
07-14 16:57:56.733  5193  5320 W CPU     : Failed to read cpu times
07-14 16:57:56.733  5193  5317 I DataCollector: Iteration 180945
07-14 16:57:56.880  5250  5373 W CPU     : Failed to read cpu times
07-14 16:57:57.733  5193  5320 W CPU     : Failed to read cpu times
07-14 16:57:57.734  5193  5317 I DataCollector: Iteration 180946
07-14 16:57:57.882  5250  5373 W CPU     : Failed to read cpu times
07-14 16:57:58.733  5193  5320 W CPU     : Failed to read cpu times
07-14 16:57:58.733  5193  5317 I DataCollector: Iteration 180947
07-14 16:57:58.882  5250  5373 W CPU     : Failed to read cpu times
07-14 16:57:59.732  5193  5320 W CPU     : Failed to read cpu times
07-14 16:57:59.733  5193  5317 I DataCollector: Iteration 180948
07-14 16:57:59.882  5250  5373 W CPU     : Failed to read cpu times
07-14 16:58:00.007  2070  2070 D KeyguardClockSwitch: Updating clock: 4:58
07-14 16:58:00.731  5193  5320 W CPU     : Failed to read cpu times
07-14 16:58:00.733  5193  5317 I DataCollector: Iteration 180949
07-14 16:58:00.881  5250  5373 W CPU     : Failed to read cpu times
07-14 16:58:01.732  5193  5320 W CPU     : Failed to read cpu times
07-14 16:58:01.733  5193  5317 I DataCollector: Iteration 180950
07-14 16:58:01.881  5250  5373 W CPU     : Failed to read cpu times
07-14 16:58:02.733  5193  5320 W CPU     : Failed to read cpu times
07-14 16:58:02.735  5193  5317 I DataCollector: Iteration 180951
07-14 16:58:02.882  5250  5373 W CPU     : Failed to read cpu times
07-14 16:58:03.733  5193  5320 W CPU     : Failed to read cpu times
07-14 16:58:03.734  5193  5317 I DataCollector: Iteration 180952
07-14 16:58:03.882  5250  5373 W CPU     : Failed to read cpu times
07-14 16:58:04.733  5193  5320 W CPU     : Failed to read cpu times
07-14 16:58:04.734  5193  5317 I DataCollector: Iteration 180953
07-14 16:58:04.881  5250  5373 W CPU     : Failed to read cpu times
07-14 16:58:05.732  5193  5320 W CPU     : Failed to read cpu times
07-14 16:58:05.734  5193  5317 I DataCollector: Iteration 180954
07-14 16:58:05.881  5250  5373 W CPU     : Failed to read cpu times
07-14 16:58:06.733  5193  5320 W CPU     : Failed to read cpu times
07-14 16:58:06.735  5193  5317 I DataCollector: Iteration 180955
07-14 16:58:06.882  5250  5373 W CPU     : Failed to read cpu times
07-14 16:58:07.733  5193  5320 W CPU     : Failed to read cpu times
07-14 16:58:07.735  5193  5317 I DataCollector: Iteration 180956
07-14 16:58:07.881  5250  5373 W CPU     : Failed to read cpu times
07-14 16:58:08.733  5193  5320 W CPU     : Failed to read cpu times
07-14 16:58:08.734  5193  5317 I DataCollector: Iteration 180957
07-14 16:58:08.791   896   918 D rlsservice: MonitorDisplayStatus client num 0, display status 1, sensor status 0
07-14 16:58:08.881  5250  5373 W CPU     : Failed to read cpu times
07-14 16:58:09.733  5193  5320 W CPU     : Failed to read cpu times
07-14 16:58:09.734  5193  5317 I DataCollector: Iteration 180958
07-14 16:58:09.882  5250  5373 W CPU     : Failed to read cpu times
07-14 16:58:10.732  5193  5320 W CPU     : Failed to read cpu times
07-14 16:58:10.736  5193  5317 I DataCollector: Iteration 180959
07-14 16:58:10.882  5250  5373 W CPU     : Failed to read cpu times
07-14 16:58:11.732  5193  5320 W CPU     : Failed to read cpu times
07-14 16:58:11.734  5193  5317 I DataCollector: Iteration 180960
07-14 16:58:11.881  5250  5373 W CPU     : Failed to read cpu times
07-14 16:58:12.732  5193  5320 W CPU     : Failed to read cpu times
07-14 16:58:12.734  5193  5317 I DataCollector: Iteration 180961
07-14 16:58:12.882  5250  5373 W CPU     : Failed to read cpu times
07-14 16:58:13.733  5193  5320 W CPU     : Failed to read cpu times
07-14 16:58:13.734  5193  5317 I DataCollector: Iteration 180962
07-14 16:58:13.881  5250  5373 W CPU     : Failed to read cpu times
07-14 16:58:14.733  5193  5320 W CPU     : Failed to read cpu times
07-14 16:58:14.735  5193  5317 I DataCollector: Iteration 180963
07-14 16:58:14.881  5250  5373 W CPU     : Failed to read cpu times
07-14 16:58:15.733  5193  5320 W CPU     : Failed to read cpu times
07-14 16:58:15.735  5193  5317 I DataCollector: Iteration 180964
07-14 16:58:15.882  5250  5373 W CPU     : Failed to read cpu times
07-14 16:58:16.733  5193  5320 W CPU     : Failed to read cpu times
07-14 16:58:16.737  5193  5317 I DataCollector: Iteration 180965
07-14 16:58:16.881  5250  5373 W CPU     : Failed to read cpu times
07-14 16:58:17.731  5193  5320 W CPU     : Failed to read cpu times
07-14 16:58:17.733  5193  5317 I DataCollector: Iteration 180966
07-14 16:58:17.882  5250  5373 W CPU     : Failed to read cpu times
07-14 16:58:18.734  5193  5317 I DataCollector: Iteration 180967
07-14 16:58:18.734  5193  5320 W CPU     : Failed to read cpu times
07-14 16:58:18.881  5250  5373 W CPU     : Failed to read cpu times
07-14 16:58:19.732  5193  5320 W CPU     : Failed to read cpu times
07-14 16:58:19.733  5193  5317 I DataCollector: Iteration 180968
07-14 16:58:19.882  5250  5373 W CPU     : Failed to read cpu times
07-14 16:58:20.733  5193  5320 W CPU     : Failed to read cpu times
07-14 16:58:20.734  5193  5317 I DataCollector: Iteration 180969
07-14 16:58:20.881  5250  5373 W CPU     : Failed to read cpu times
07-14 16:58:21.732  5193  5320 W CPU     : Failed to read cpu times
07-14 16:58:21.733  5193  5317 I DataCollector: Iteration 180970
07-14 16:58:21.882  5250  5373 W CPU     : Failed to read cpu times
07-14 16:58:22.733  5193  5320 W CPU     : Failed to read cpu times
07-14 16:58:22.734  5193  5317 I DataCollector: Iteration 180971
07-14 16:58:22.882  5250  5373 W CPU     : Failed to read cpu times
07-14 16:58:23.732  5193  5320 W CPU     : Failed to read cpu times
07-14 16:58:23.733  5193  5317 I DataCollector: Iteration 180972
07-14 16:58:23.881  5250  5373 W CPU     : Failed to read cpu times
07-14 16:58:24.734  5193  5320 W CPU     : Failed to read cpu times
07-14 16:58:24.734  5193  5317 I DataCollector: Iteration 180973
07-14 16:58:24.882  5250  5373 W CPU     : Failed to read cpu times
07-14 16:58:25.733  5193  5320 W CPU     : Failed to read cpu times
07-14 16:58:25.740  5193  5317 I DataCollector: Iteration 180974
07-14 16:58:25.881  5250  5373 W CPU     : Failed to read cpu times
07-14 16:58:26.733  5193  5320 W CPU     : Failed to read cpu times
07-14 16:58:26.736  5193  5317 I DataCollector: Iteration 180975
07-14 16:58:26.882  5250  5373 W CPU     : Failed to read cpu times
07-14 16:58:27.733  5193  5320 W CPU     : Failed to read cpu times
07-14 16:58:27.735  5193  5317 I DataCollector: Iteration 180976
07-14 16:58:27.881  5250  5373 W CPU     : Failed to read cpu times
07-14 16:58:28.733  5193  5320 W CPU     : Failed to read cpu times
07-14 16:58:28.734  5193  5317 I DataCollector: Iteration 180977
07-14 16:58:28.881  5250  5373 W CPU     : Failed to read cpu times
07-14 16:58:29.733  5193  5320 W CPU     : Failed to read cpu times
07-14 16:58:29.734  5193  5317 I DataCollector: Iteration 180978
07-14 16:58:29.882  5250  5373 W CPU     : Failed to read cpu times
07-14 16:58:30.733  5193  5317 I DataCollector: Iteration 180979
07-14 16:58:30.733  5193  5320 W CPU     : Failed to read cpu times
07-14 16:58:30.882  5250  5373 W CPU     : Failed to read cpu times
07-14 16:58:31.733  5193  5317 I DataCollector: Iteration 180980
07-14 16:58:31.734  5193  5320 W CPU     : Failed to read cpu times
07-14 16:58:31.882  5250  5373 W CPU     : Failed to read cpu times
07-14 16:58:32.733  5193  5320 W CPU     : Failed to read cpu times
07-14 16:58:32.733  5193  5317 I DataCollector: Iteration 180981
07-14 16:58:32.880  5250  5373 W CPU     : Failed to read cpu times
07-14 16:58:33.733  5193  5320 W CPU     : Failed to read cpu times
07-14 16:58:33.734  5193  5317 I DataCollector: Iteration 180982
07-14 16:58:33.881  5250  5373 W CPU     : Failed to read cpu times
07-14 16:58:34.733  5193  5320 W CPU     : Failed to read cpu times
07-14 16:58:34.734  5193  5317 I DataCollector: Iteration 180983
07-14 16:58:34.881  5250  5373 W CPU     : Failed to read cpu times
07-14 16:58:35.732  5193  5320 W CPU     : Failed to read cpu times
07-14 16:58:35.734  5193  5317 I DataCollector: Iteration 180984
07-14 16:58:35.882  5250  5373 W CPU     : Failed to read cpu times
07-14 16:58:36.733  5193  5320 W CPU     : Failed to read cpu times
07-14 16:58:36.734  5193  5317 I DataCollector: Iteration 180985
07-14 16:58:36.881  5250  5373 W CPU     : Failed to read cpu times
07-14 16:58:37.733  5193  5320 W CPU     : Failed to read cpu times
07-14 16:58:37.734  5193  5317 I DataCollector: Iteration 180986
07-14 16:58:37.882  5250  5373 W CPU     : Failed to read cpu times
07-14 16:58:38.733  5193  5320 W CPU     : Failed to read cpu times
07-14 16:58:38.734  5193  5317 I DataCollector: Iteration 180987
07-14 16:58:38.794   896   918 D rlsservice: MonitorDisplayStatus client num 0, display status 1, sensor status 0
07-14 16:58:38.881  5250  5373 W CPU     : Failed to read cpu times
07-14 16:58:39.732  5193  5320 W CPU     : Failed to read cpu times
07-14 16:58:39.733  5193  5317 I DataCollector: Iteration 180988
07-14 16:58:39.881  5250  5373 W CPU     : Failed to read cpu times
07-14 16:58:40.733  5193  5320 W CPU     : Failed to read cpu times
07-14 16:58:40.739  5193  5317 I DataCollector: Iteration 180989
07-14 16:58:40.882  5250  5373 W CPU     : Failed to read cpu times
07-14 16:58:41.732  5193  5320 W CPU     : Failed to read cpu times
07-14 16:58:41.738  5193  5317 I DataCollector: Iteration 180990
07-14 16:58:41.882  5250  5373 W CPU     : Failed to read cpu times
07-14 16:58:42.733  5193  5320 W CPU     : Failed to read cpu times
07-14 16:58:42.734  5193  5317 I DataCollector: Iteration 180991
07-14 16:58:42.882  5250  5373 W CPU     : Failed to read cpu times
07-14 16:58:43.733  5193  5320 W CPU     : Failed to read cpu times
07-14 16:58:43.734  5193  5317 I DataCollector: Iteration 180992
07-14 16:58:43.882  5250  5373 W CPU     : Failed to read cpu times
07-14 16:58:44.734  5193  5317 I DataCollector: Iteration 180993
07-14 16:58:44.734  5193  5320 W CPU     : Failed to read cpu times
07-14 16:58:44.881  5250  5373 W CPU     : Failed to read cpu times
07-14 16:58:45.733  5193  5320 W CPU     : Failed to read cpu times
07-14 16:58:45.735  5193  5317 I DataCollector: Iteration 180994
07-14 16:58:45.882  5250  5373 W CPU     : Failed to read cpu times
07-14 16:58:46.732  5193  5320 W CPU     : Failed to read cpu times
07-14 16:58:46.734  5193  5317 I DataCollector: Iteration 180995
07-14 16:58:46.881  5250  5373 W CPU     : Failed to read cpu times
07-14 16:58:47.733  5193  5320 W CPU     : Failed to read cpu times
07-14 16:58:47.734  5193  5317 I DataCollector: Iteration 180996
07-14 16:58:47.882  5250  5373 W CPU     : Failed to read cpu times
07-14 16:58:48.244   880   880 W healthd : battery l=100 v=4436 t=33.2 h=2 st=5 c=1525 fc=3877000 cc=44 chg=au
07-14 16:58:48.733  5193  5320 W CPU     : Failed to read cpu times
07-14 16:58:48.734  5193  5317 I DataCollector: Iteration 180997
07-14 16:58:48.882  5250  5373 W CPU     : Failed to read cpu times
07-14 16:58:49.732  5193  5320 W CPU     : Failed to read cpu times
07-14 16:58:49.733  5193  5317 I DataCollector: Iteration 180998
07-14 16:58:49.882  5250  5373 W CPU     : Failed to read cpu times
07-14 16:58:50.733  5193  5320 W CPU     : Failed to read cpu times
07-14 16:58:50.735  5193  5317 I DataCollector: Iteration 180999
07-14 16:58:50.881  5250  5373 W CPU     : Failed to read cpu times
07-14 16:58:51.732  5193  5320 W CPU     : Failed to read cpu times
07-14 16:58:51.734  5193  5317 I DataCollector: Iteration 181000
07-14 16:58:51.882  5250  5373 W CPU     : Failed to read cpu times
07-14 16:58:52.733  5193  5320 W CPU     : Failed to read cpu times
07-14 16:58:52.734  5193  5317 I DataCollector: Iteration 181001
07-14 16:58:52.882  5250  5373 W CPU     : Failed to read cpu times
07-14 16:58:53.733  5193  5317 I DataCollector: Iteration 181002
07-14 16:58:53.733  5193  5320 W CPU     : Failed to read cpu times
07-14 16:58:53.881  5250  5373 W CPU     : Failed to read cpu times
07-14 16:58:54.733  5193  5320 W CPU     : Failed to read cpu times
07-14 16:58:54.733  5193  5317 I DataCollector: Iteration 181003
07-14 16:58:54.881  5250  5373 W CPU     : Failed to read cpu times
07-14 16:58:55.733  5193  5320 W CPU     : Failed to read cpu times
07-14 16:58:55.739  5193  5317 I DataCollector: Iteration 181004
07-14 16:58:55.882  5250  5373 W CPU     : Failed to read cpu times
07-14 16:58:56.733  5193  5320 W CPU     : Failed to read cpu times
07-14 16:58:56.734  5193  5317 I DataCollector: Iteration 181005
07-14 16:58:56.880  5250  5373 W CPU     : Failed to read cpu times
07-14 16:58:57.733  5193  5320 W CPU     : Failed to read cpu times
07-14 16:58:57.734  5193  5317 I DataCollector: Iteration 181006
07-14 16:58:57.882  5250  5373 W CPU     : Failed to read cpu times
07-14 16:58:58.732  5193  5320 W CPU     : Failed to read cpu times
07-14 16:58:58.733  5193  5317 I DataCollector: Iteration 181007
07-14 16:58:58.882  5250  5373 W CPU     : Failed to read cpu times
07-14 16:58:59.732  5193  5320 W CPU     : Failed to read cpu times
07-14 16:58:59.733  5193  5317 I DataCollector: Iteration 181008
07-14 16:58:59.881  5250  5373 W CPU     : Failed to read cpu times
07-14 16:59:00.007  2070  2070 D KeyguardClockSwitch: Updating clock: 4:59
07-14 16:59:00.733  5193  5320 W CPU     : Failed to read cpu times
07-14 16:59:00.733  5193  5317 I DataCollector: Iteration 181009
07-14 16:59:00.881  5250  5373 W CPU     : Failed to read cpu times
07-14 16:59:01.732  5193  5320 W CPU     : Failed to read cpu times
07-14 16:59:01.733  5193  5317 I DataCollector: Iteration 181010
07-14 16:59:01.883  5250  5373 W CPU     : Failed to read cpu times
07-14 16:59:02.734  5193  5320 W CPU     : Failed to read cpu times
07-14 16:59:02.734  5193  5317 I DataCollector: Iteration 181011
07-14 16:59:02.882  5250  5373 W CPU     : Failed to read cpu times
07-14 16:59:03.733  5193  5320 W CPU     : Failed to read cpu times
07-14 16:59:03.733  5193  5317 I DataCollector: Iteration 181012
07-14 16:59:03.881  5250  5373 W CPU     : Failed to read cpu times
07-14 16:59:04.733  5193  5320 W CPU     : Failed to read cpu times
07-14 16:59:04.734  5193  5317 I DataCollector: Iteration 181013
07-14 16:59:04.881  5250  5373 W CPU     : Failed to read cpu times
07-14 16:59:05.733  5193  5320 W CPU     : Failed to read cpu times
07-14 16:59:05.733  5193  5317 I DataCollector: Iteration 181014
07-14 16:59:05.882  5250  5373 W CPU     : Failed to read cpu times
07-14 16:59:06.731  5193  5320 W CPU     : Failed to read cpu times
07-14 16:59:06.733  5193  5317 I DataCollector: Iteration 181015
07-14 16:59:06.881  5250  5373 W CPU     : Failed to read cpu times
07-14 16:59:07.731  5193  5320 W CPU     : Failed to read cpu times
07-14 16:59:07.733  5193  5317 I DataCollector: Iteration 181016
07-14 16:59:07.881  5250  5373 W CPU     : Failed to read cpu times
07-14 16:59:08.733  5193  5320 W CPU     : Failed to read cpu times
07-14 16:59:08.733  5193  5317 I DataCollector: Iteration 181017
07-14 16:59:08.796   896   918 D rlsservice: MonitorDisplayStatus client num 0, display status 1, sensor status 0
07-14 16:59:08.881  5250  5373 W CPU     : Failed to read cpu times
07-14 16:59:09.733  5193  5320 W CPU     : Failed to read cpu times
07-14 16:59:09.734  5193  5317 I DataCollector: Iteration 181018
07-14 16:59:09.882  5250  5373 W CPU     : Failed to read cpu times
07-14 16:59:10.733  5193  5320 W CPU     : Failed to read cpu times
07-14 16:59:10.739  5193  5317 I DataCollector: Iteration 181019
07-14 16:59:10.882  5250  5373 W CPU     : Failed to read cpu times
07-14 16:59:11.733  5193  5320 W CPU     : Failed to read cpu times
07-14 16:59:11.736  5193  5317 I DataCollector: Iteration 181020
07-14 16:59:11.881  5250  5373 W CPU     : Failed to read cpu times
07-14 16:59:12.733  5193  5320 W CPU     : Failed to read cpu times
07-14 16:59:12.734  5193  5317 I DataCollector: Iteration 181021
07-14 16:59:12.880  5250  5373 W CPU     : Failed to read cpu times
07-14 16:59:12.916  1212  1212 W llkd    : type=1400 audit(0.0:5656): avc: denied { ptrace } for scontext=u:r:llkd:s0 tcontext=u:r:magisk:s0 tclass=process permissive=0
07-14 16:59:13.300  1212  1212 W llkd    : type=1400 audit(0.0:5659): avc: denied { ptrace } for scontext=u:r:llkd:s0 tcontext=u:r:magisk_client:s0:c197,c256,c512,c768 tclass=process permissive=0
07-14 16:59:13.300  1212  1212 W llkd    : type=1400 audit(0.0:5660): avc: denied { ptrace } for scontext=u:r:llkd:s0 tcontext=u:r:magisk:s0 tclass=process permissive=0
07-14 16:59:13.733  5193  5320 W CPU     : Failed to read cpu times
07-14 16:59:13.733  5193  5317 I DataCollector: Iteration 181022
07-14 16:59:13.880  5250  5373 W CPU     : Failed to read cpu times
07-14 16:59:14.732  5193  5320 W CPU     : Failed to read cpu times
07-14 16:59:14.734  5193  5317 I DataCollector: Iteration 181023
07-14 16:59:14.881  5250  5373 W CPU     : Failed to read cpu times
07-14 16:59:15.733  5193  5320 W CPU     : Failed to read cpu times
07-14 16:59:15.733  5193  5317 I DataCollector: Iteration 181024
07-14 16:59:15.881  5250  5373 W CPU     : Failed to read cpu times
07-14 16:59:16.733  5193  5317 I DataCollector: Iteration 181025
07-14 16:59:16.733  5193  5320 W CPU     : Failed to read cpu times
07-14 16:59:16.882  5250  5373 W CPU     : Failed to read cpu times
07-14 16:59:17.733  5193  5320 W CPU     : Failed to read cpu times
07-14 16:59:17.733  5193  5317 I DataCollector: Iteration 181026
07-14 16:59:17.882  5250  5373 W CPU     : Failed to read cpu times
07-14 16:59:18.731  5193  5320 W CPU     : Failed to read cpu times
07-14 16:59:18.733  5193  5317 I DataCollector: Iteration 181027
07-14 16:59:18.882  5250  5373 W CPU     : Failed to read cpu times
07-14 16:59:19.733  5193  5320 W CPU     : Failed to read cpu times
07-14 16:59:19.734  5193  5317 I DataCollector: Iteration 181028
07-14 16:59:19.882  5250  5373 W CPU     : Failed to read cpu times
07-14 16:59:20.732  5193  5320 W CPU     : Failed to read cpu times
07-14 16:59:20.733  5193  5317 I DataCollector: Iteration 181029
07-14 16:59:20.881  5250  5373 W CPU     : Failed to read cpu times
07-14 16:59:21.733  5193  5320 W CPU     : Failed to read cpu times
07-14 16:59:21.734  5193  5317 I DataCollector: Iteration 181030
07-14 16:59:21.882  5250  5373 W CPU     : Failed to read cpu times
07-14 16:59:22.733  5193  5320 W CPU     : Failed to read cpu times
07-14 16:59:22.734  5193  5317 I DataCollector: Iteration 181031
07-14 16:59:22.881  5250  5373 W CPU     : Failed to read cpu times
07-14 16:59:23.733  5193  5320 W CPU     : Failed to read cpu times
07-14 16:59:23.734  5193  5317 I DataCollector: Iteration 181032
07-14 16:59:23.883  5250  5373 W CPU     : Failed to read cpu times
07-14 16:59:24.732  5193  5320 W CPU     : Failed to read cpu times
07-14 16:59:24.734  5193  5317 I DataCollector: Iteration 181033
07-14 16:59:24.882  5250  5373 W CPU     : Failed to read cpu times
07-14 16:59:25.733  5193  5320 W CPU     : Failed to read cpu times
07-14 16:59:25.741  5193  5317 I DataCollector: Iteration 181034
07-14 16:59:25.883  5250  5373 W CPU     : Failed to read cpu times
07-14 16:59:26.732  5193  5320 W CPU     : Failed to read cpu times
07-14 16:59:26.734  5193  5317 I DataCollector: Iteration 181035
07-14 16:59:26.882  5250  5373 W CPU     : Failed to read cpu times
07-14 16:59:27.733  5193  5320 W CPU     : Failed to read cpu times
07-14 16:59:27.733  5193  5317 I DataCollector: Iteration 181036
07-14 16:59:27.881  5250  5373 W CPU     : Failed to read cpu times
07-14 16:59:28.734  5193  5320 W CPU     : Failed to read cpu times
07-14 16:59:28.734  5193  5317 I DataCollector: Iteration 181037
07-14 16:59:28.882  5250  5373 W CPU     : Failed to read cpu times
07-14 16:59:29.733  5193  5320 W CPU     : Failed to read cpu times
07-14 16:59:29.734  5193  5317 I DataCollector: Iteration 181038
07-14 16:59:29.882  5250  5373 W CPU     : Failed to read cpu times
07-14 16:59:30.733  5193  5320 W CPU     : Failed to read cpu times
07-14 16:59:30.735  5193  5317 I DataCollector: Iteration 181039
07-14 16:59:30.882  5250  5373 W CPU     : Failed to read cpu times
07-14 16:59:31.732  5193  5320 W CPU     : Failed to read cpu times
07-14 16:59:31.735  5193  5317 I DataCollector: Iteration 181040
07-14 16:59:31.881  5250  5373 W CPU     : Failed to read cpu times
07-14 16:59:32.733  5193  5320 W CPU     : Failed to read cpu times
07-14 16:59:32.735  5193  5317 I DataCollector: Iteration 181041
07-14 16:59:32.881  5250  5373 W CPU     : Failed to read cpu times
07-14 16:59:33.733  5193  5320 W CPU     : Failed to read cpu times
07-14 16:59:33.737  5193  5317 I DataCollector: Iteration 181042
07-14 16:59:33.880  5250  5373 W CPU     : Failed to read cpu times
07-14 16:59:34.732  5193  5320 W CPU     : Failed to read cpu times
07-14 16:59:34.734  5193  5317 I DataCollector: Iteration 181043
07-14 16:59:34.882  5250  5373 W CPU     : Failed to read cpu times
07-14 16:59:35.733  5193  5320 W CPU     : Failed to read cpu times
07-14 16:59:35.733  5193  5317 I DataCollector: Iteration 181044
07-14 16:59:35.881  5250  5373 W CPU     : Failed to read cpu times
07-14 16:59:36.733  5193  5320 W CPU     : Failed to read cpu times
07-14 16:59:36.734  5193  5317 I DataCollector: Iteration 181045
07-14 16:59:36.881  5250  5373 W CPU     : Failed to read cpu times
07-14 16:59:37.732  5193  5320 W CPU     : Failed to read cpu times
07-14 16:59:37.733  5193  5317 I DataCollector: Iteration 181046
07-14 16:59:37.881  5250  5373 W CPU     : Failed to read cpu times
07-14 16:59:38.732  5193  5317 I DataCollector: Iteration 181047
07-14 16:59:38.733  5193  5320 W CPU     : Failed to read cpu times
07-14 16:59:38.798   896   918 D rlsservice: MonitorDisplayStatus client num 0, display status 1, sensor status 0
07-14 16:59:38.882  5250  5373 W CPU     : Failed to read cpu times
07-14 16:59:39.733  5193  5320 W CPU     : Failed to read cpu times
07-14 16:59:39.735  5193  5317 I DataCollector: Iteration 181048
07-14 16:59:39.881  5250  5373 W CPU     : Failed to read cpu times
07-14 16:59:40.732  5193  5320 W CPU     : Failed to read cpu times
07-14 16:59:40.739  5193  5317 I DataCollector: Iteration 181049
07-14 16:59:40.882  5250  5373 W CPU     : Failed to read cpu times
07-14 16:59:41.733  5193  5320 W CPU     : Failed to read cpu times
07-14 16:59:41.735  5193  5317 I DataCollector: Iteration 181050
07-14 16:59:41.882  5250  5373 W CPU     : Failed to read cpu times
07-14 16:59:42.611  1152  1211 W xtra-daemon: onRequestXtraData:183] On Req XTRA data Xtrastate:1 retry:1 curReqSource:0 newreqSource:0xffff              isCon:0 isNonMetered:0 isGpsEnabled:1
07-14 16:59:42.614  1152  1204 W xtra-daemon: onXtraDownloadResultInternal:357] XTRA download result status:4 starting timer for 300 sec mXtraRetryTimes:0 
07-14 16:59:42.733  5193  5320 W CPU     : Failed to read cpu times
07-14 16:59:42.734  5193  5317 I DataCollector: Iteration 181051
07-14 16:59:42.881  5250  5373 W CPU     : Failed to read cpu times
07-14 16:59:43.732  5193  5320 W CPU     : Failed to read cpu times
07-14 16:59:43.734  5193  5317 I DataCollector: Iteration 181052
07-14 16:59:43.882  5250  5373 W CPU     : Failed to read cpu times
07-14 16:59:44.733  5193  5320 W CPU     : Failed to read cpu times
07-14 16:59:44.734  5193  5317 I DataCollector: Iteration 181053
07-14 16:59:44.881  5250  5373 W CPU     : Failed to read cpu times
07-14 16:59:45.732  5193  5320 W CPU     : Failed to read cpu times
07-14 16:59:45.733  5193  5317 I DataCollector: Iteration 181054
07-14 16:59:45.881  5250  5373 W CPU     : Failed to read cpu times
07-14 16:59:46.733  5193  5320 W CPU     : Failed to read cpu times
07-14 16:59:46.733  5193  5317 I DataCollector: Iteration 181055
07-14 16:59:46.882  5250  5373 W CPU     : Failed to read cpu times
07-14 16:59:47.734  5193  5320 W CPU     : Failed to read cpu times
07-14 16:59:47.734  5193  5317 I DataCollector: Iteration 181056
07-14 16:59:47.882  5250  5373 W CPU     : Failed to read cpu times
07-14 16:59:48.241   880   880 W healthd : battery l=100 v=4437 t=33.2 h=2 st=5 c=2746 fc=3877000 cc=44 chg=au
07-14 16:59:48.734  5193  5320 W CPU     : Failed to read cpu times
07-14 16:59:48.735  5193  5317 I DataCollector: Iteration 181057
07-14 16:59:48.882  5250  5373 W CPU     : Failed to read cpu times
07-14 16:59:49.733  5193  5320 W CPU     : Failed to read cpu times
07-14 16:59:49.734  5193  5317 I DataCollector: Iteration 181058
07-14 16:59:49.882  5250  5373 W CPU     : Failed to read cpu times
07-14 16:59:50.733  5193  5320 W CPU     : Failed to read cpu times
07-14 16:59:50.734  5193  5317 I DataCollector: Iteration 181059
07-14 16:59:50.882  5250  5373 W CPU     : Failed to read cpu times
07-14 16:59:51.733  5193  5320 W CPU     : Failed to read cpu times
07-14 16:59:51.735  5193  5317 I DataCollector: Iteration 181060
07-14 16:59:51.882  5250  5373 W CPU     : Failed to read cpu times
07-14 16:59:52.732  5193  5320 W CPU     : Failed to read cpu times
07-14 16:59:52.733  5193  5317 I DataCollector: Iteration 181061
07-14 16:59:52.882  5250  5373 W CPU     : Failed to read cpu times
07-14 16:59:53.732  5193  5320 W CPU     : Failed to read cpu times
07-14 16:59:53.733  5193  5317 I DataCollector: Iteration 181062
07-14 16:59:53.882  5250  5373 W CPU     : Failed to read cpu times
07-14 16:59:54.732  5193  5320 W CPU     : Failed to read cpu times
07-14 16:59:54.734  5193  5317 I DataCollector: Iteration 181063
07-14 16:59:54.881  5250  5373 W CPU     : Failed to read cpu times
07-14 16:59:55.733  5193  5320 W CPU     : Failed to read cpu times
07-14 16:59:55.740  5193  5317 I DataCollector: Iteration 181064
07-14 16:59:55.882  5250  5373 W CPU     : Failed to read cpu times
07-14 16:59:56.731  5193  5320 W CPU     : Failed to read cpu times
07-14 16:59:56.732  5193  5317 I DataCollector: Iteration 181065
07-14 16:59:56.882  5250  5373 W CPU     : Failed to read cpu times
07-14 16:59:57.733  5193  5320 W CPU     : Failed to read cpu times
07-14 16:59:57.733  5193  5317 I DataCollector: Iteration 181066
07-14 16:59:57.881  5250  5373 W CPU     : Failed to read cpu times
07-14 16:59:58.731  5193  5320 W CPU     : Failed to read cpu times
07-14 16:59:58.736  5193  5317 I DataCollector: Iteration 181067
07-14 16:59:58.882  5250  5373 W CPU     : Failed to read cpu times
07-14 16:59:59.732  5193  5320 W CPU     : Failed to read cpu times
07-14 16:59:59.734  5193  5317 I DataCollector: Iteration 181068
07-14 16:59:59.882  5250  5373 W CPU     : Failed to read cpu times
07-14 17:00:00.008  2070  2070 D KeyguardClockSwitch: Updating clock: 5:00
07-14 17:00:00.733  5193  5320 W CPU     : Failed to read cpu times
07-14 17:00:00.734  5193  5317 I DataCollector: Iteration 181069
07-14 17:00:00.882  5250  5373 W CPU     : Failed to read cpu times
07-14 17:00:01.732  5193  5320 W CPU     : Failed to read cpu times
07-14 17:00:01.734  5193  5317 I DataCollector: Iteration 181070
07-14 17:00:01.881  5250  5373 W CPU     : Failed to read cpu times
07-14 17:00:02.733  5193  5320 W CPU     : Failed to read cpu times
07-14 17:00:02.734  5193  5317 I DataCollector: Iteration 181071
07-14 17:00:02.882  5250  5373 W CPU     : Failed to read cpu times
07-14 17:00:03.733  5193  5320 W CPU     : Failed to read cpu times
07-14 17:00:03.734  5193  5317 I DataCollector: Iteration 181072
07-14 17:00:03.882  5250  5373 W CPU     : Failed to read cpu times
07-14 17:00:04.733  5193  5320 W CPU     : Failed to read cpu times
07-14 17:00:04.733  5193  5317 I DataCollector: Iteration 181073
07-14 17:00:04.882  5250  5373 W CPU     : Failed to read cpu times
07-14 17:00:05.732  5193  5320 W CPU     : Failed to read cpu times
07-14 17:00:05.734  5193  5317 I DataCollector: Iteration 181074
07-14 17:00:05.882  5250  5373 W CPU     : Failed to read cpu times
07-14 17:00:06.733  5193  5320 W CPU     : Failed to read cpu times
07-14 17:00:06.734  5193  5317 I DataCollector: Iteration 181075
07-14 17:00:06.881  5250  5373 W CPU     : Failed to read cpu times
07-14 17:00:07.733  5193  5320 W CPU     : Failed to read cpu times
07-14 17:00:07.734  5193  5317 I DataCollector: Iteration 181076
07-14 17:00:07.882  5250  5373 W CPU     : Failed to read cpu times
07-14 17:00:08.732  5193  5320 W CPU     : Failed to read cpu times
07-14 17:00:08.734  5193  5317 I DataCollector: Iteration 181077
07-14 17:00:08.801   896   918 D rlsservice: MonitorDisplayStatus client num 0, display status 1, sensor status 0
07-14 17:00:08.881  5250  5373 W CPU     : Failed to read cpu times
07-14 17:00:09.733  5193  5320 W CPU     : Failed to read cpu times
07-14 17:00:09.734  5193  5317 I DataCollector: Iteration 181078
07-14 17:00:09.882  5250  5373 W CPU     : Failed to read cpu times
07-14 17:00:10.734  5193  5320 W CPU     : Failed to read cpu times
07-14 17:00:10.740  5193  5317 I DataCollector: Iteration 181079
07-14 17:00:10.881  5250  5373 W CPU     : Failed to read cpu times
07-14 17:00:11.733  5193  5320 W CPU     : Failed to read cpu times
07-14 17:00:11.735  5193  5317 I DataCollector: Iteration 181080
07-14 17:00:11.882  5250  5373 W CPU     : Failed to read cpu times
07-14 17:00:12.732  5193  5320 W CPU     : Failed to read cpu times
07-14 17:00:12.733  5193  5317 I DataCollector: Iteration 181081
07-14 17:00:12.881  5250  5373 W CPU     : Failed to read cpu times
07-14 17:00:13.732  5193  5320 W CPU     : Failed to read cpu times
07-14 17:00:13.732  5193  5317 I DataCollector: Iteration 181082
07-14 17:00:13.882  5250  5373 W CPU     : Failed to read cpu times
07-14 17:00:14.733  5193  5320 W CPU     : Failed to read cpu times
07-14 17:00:14.733  5193  5317 I DataCollector: Iteration 181083
07-14 17:00:14.881  5250  5373 W CPU     : Failed to read cpu times
07-14 17:00:15.732  5193  5320 W CPU     : Failed to read cpu times
07-14 17:00:15.741  5193  5317 I DataCollector: Iteration 181084
07-14 17:00:15.881  5250  5373 W CPU     : Failed to read cpu times
07-14 17:00:16.733  5193  5320 W CPU     : Failed to read cpu times
07-14 17:00:16.734  5193  5317 I DataCollector: Iteration 181085
07-14 17:00:16.881  5250  5373 W CPU     : Failed to read cpu times
07-14 17:00:17.732  5193  5320 W CPU     : Failed to read cpu times
07-14 17:00:17.733  5193  5317 I DataCollector: Iteration 181086
07-14 17:00:17.882  5250  5373 W CPU     : Failed to read cpu times
07-14 17:00:18.733  5193  5320 W CPU     : Failed to read cpu times
07-14 17:00:18.733  5193  5317 I DataCollector: Iteration 181087
07-14 17:00:18.881  5250  5373 W CPU     : Failed to read cpu times
07-14 17:00:19.733  5193  5320 W CPU     : Failed to read cpu times
07-14 17:00:19.734  5193  5317 I DataCollector: Iteration 181088
07-14 17:00:19.880  5250  5373 W CPU     : Failed to read cpu times
07-14 17:00:19.892   887   960 D ASH     : @ 181125.830: SensorType 195 resampler quality 1
07-14 17:00:20.733  5193  5320 W CPU     : Failed to read cpu times
07-14 17:00:20.734  5193  5317 I DataCollector: Iteration 181089
07-14 17:00:20.880  5250  5373 W CPU     : Failed to read cpu times
07-14 17:00:21.732  5193  5320 W CPU     : Failed to read cpu times
07-14 17:00:21.733  5193  5317 I DataCollector: Iteration 181090
07-14 17:00:21.881  5250  5373 W CPU     : Failed to read cpu times
07-14 17:00:22.732  5193  5320 W CPU     : Failed to read cpu times
07-14 17:00:22.733  5193  5317 I DataCollector: Iteration 181091
07-14 17:00:22.882  5250  5373 W CPU     : Failed to read cpu times
07-14 17:00:23.733  5193  5320 W CPU     : Failed to read cpu times
07-14 17:00:23.734  5193  5317 I DataCollector: Iteration 181092
07-14 17:00:23.882  5250  5373 W CPU     : Failed to read cpu times
07-14 17:00:24.732  5193  5320 W CPU     : Failed to read cpu times
07-14 17:00:24.735  5193  5317 I DataCollector: Iteration 181093
07-14 17:00:24.881  5250  5373 W CPU     : Failed to read cpu times
07-14 17:00:24.901   887   960 D CHRE    : @ 181130.838: [ImuCal] Dynamic sensor configuration: high-performance.
07-14 17:00:25.733  5193  5320 W CPU     : Failed to read cpu times
07-14 17:00:25.743  5193  5317 I DataCollector: Iteration 181094
07-14 17:00:25.881  5250  5373 W CPU     : Failed to read cpu times
07-14 17:00:26.733  5193  5320 W CPU     : Failed to read cpu times
07-14 17:00:26.735  5193  5317 I DataCollector: Iteration 181095
07-14 17:00:26.881  5250  5373 W CPU     : Failed to read cpu times
07-14 17:00:27.731  5193  5320 W CPU     : Failed to read cpu times
07-14 17:00:27.732  5193  5317 I DataCollector: Iteration 181096
07-14 17:00:27.881  5250  5373 W CPU     : Failed to read cpu times
07-14 17:00:28.732  5193  5320 W CPU     : Failed to read cpu times
07-14 17:00:28.734  5193  5317 I DataCollector: Iteration 181097
07-14 17:00:28.882  5250  5373 W CPU     : Failed to read cpu times
07-14 17:00:29.732  5193  5320 W CPU     : Failed to read cpu times
07-14 17:00:29.734  5193  5317 I DataCollector: Iteration 181098
07-14 17:00:29.882  5250  5373 W CPU     : Failed to read cpu times
07-14 17:00:30.733  5193  5320 W CPU     : Failed to read cpu times
07-14 17:00:30.734  5193  5317 I DataCollector: Iteration 181099
07-14 17:00:30.881  5250  5373 W CPU     : Failed to read cpu times
07-14 17:00:31.732  5193  5320 W CPU     : Failed to read cpu times
07-14 17:00:31.734  5193  5317 I DataCollector: Iteration 181100
07-14 17:00:31.882  5250  5373 W CPU     : Failed to read cpu times
07-14 17:00:32.733  5193  5320 W CPU     : Failed to read cpu times
07-14 17:00:32.734  5193  5317 I DataCollector: Iteration 181101
07-14 17:00:32.880  5250  5373 W CPU     : Failed to read cpu times
07-14 17:00:33.732  5193  5320 W CPU     : Failed to read cpu times
07-14 17:00:33.733  5193  5317 I DataCollector: Iteration 181102
07-14 17:00:33.881  5250  5373 W CPU     : Failed to read cpu times
07-14 17:00:34.733  5193  5320 W CPU     : Failed to read cpu times
07-14 17:00:34.734  5193  5317 I DataCollector: Iteration 181103
07-14 17:00:34.881  5250  5373 W CPU     : Failed to read cpu times
07-14 17:00:35.733  5193  5320 W CPU     : Failed to read cpu times
07-14 17:00:35.734  5193  5317 I DataCollector: Iteration 181104
07-14 17:00:35.881  5250  5373 W CPU     : Failed to read cpu times
07-14 17:00:36.733  5193  5320 W CPU     : Failed to read cpu times
07-14 17:00:36.734  5193  5317 I DataCollector: Iteration 181105
07-14 17:00:36.882  5250  5373 W CPU     : Failed to read cpu times
07-14 17:00:37.731  5193  5320 W CPU     : Failed to read cpu times
07-14 17:00:37.732  5193  5317 I DataCollector: Iteration 181106
07-14 17:00:37.882  5250  5373 W CPU     : Failed to read cpu times
07-14 17:00:38.734  5193  5317 I DataCollector: Iteration 181107
07-14 17:00:38.734  5193  5320 W CPU     : Failed to read cpu times
07-14 17:00:38.803   896   918 D rlsservice: MonitorDisplayStatus client num 0, display status 1, sensor status 0
07-14 17:00:38.881  5250  5373 W CPU     : Failed to read cpu times
07-14 17:00:39.731  5193  5320 W CPU     : Failed to read cpu times
07-14 17:00:39.733  5193  5317 I DataCollector: Iteration 181108
07-14 17:00:39.882  5250  5373 W CPU     : Failed to read cpu times
07-14 17:00:40.733  5193  5320 W CPU     : Failed to read cpu times
07-14 17:00:40.740  5193  5317 I DataCollector: Iteration 181109
07-14 17:00:40.881  5250  5373 W CPU     : Failed to read cpu times
07-14 17:00:41.733  5193  5320 W CPU     : Failed to read cpu times
07-14 17:00:41.734  5193  5317 I DataCollector: Iteration 181110
07-14 17:00:41.881  5250  5373 W CPU     : Failed to read cpu times
07-14 17:00:42.733  5193  5320 W CPU     : Failed to read cpu times
07-14 17:00:42.733  5193  5317 I DataCollector: Iteration 181111
07-14 17:00:42.882  5250  5373 W CPU     : Failed to read cpu times
07-14 17:00:43.733  5193  5320 W CPU     : Failed to read cpu times
07-14 17:00:43.734  5193  5317 I DataCollector: Iteration 181112
07-14 17:00:43.881  5250  5373 W CPU     : Failed to read cpu times
07-14 17:00:44.733  5193  5320 W CPU     : Failed to read cpu times
07-14 17:00:44.734  5193  5317 I DataCollector: Iteration 181113
07-14 17:00:44.881  5250  5373 W CPU     : Failed to read cpu times
07-14 17:00:45.733  5193  5320 W CPU     : Failed to read cpu times
07-14 17:00:45.735  5193  5317 I DataCollector: Iteration 181114
07-14 17:00:45.882  5250  5373 W CPU     : Failed to read cpu times
07-14 17:00:46.734  5193  5317 I DataCollector: Iteration 181115
07-14 17:00:46.735  5193  5320 W CPU     : Failed to read cpu times
07-14 17:00:46.882  5250  5373 W CPU     : Failed to read cpu times
07-14 17:00:47.733  5193  5320 W CPU     : Failed to read cpu times
07-14 17:00:47.734  5193  5317 I DataCollector: Iteration 181116
07-14 17:00:47.882  5250  5373 W CPU     : Failed to read cpu times
07-14 17:00:48.244   880   880 W healthd : battery l=100 v=4437 t=33.2 h=2 st=5 c=2136 fc=3877000 cc=44 chg=au
07-14 17:00:48.733  5193  5320 W CPU     : Failed to read cpu times
07-14 17:00:48.734  5193  5317 I DataCollector: Iteration 181117
07-14 17:00:48.881  5250  5373 W CPU     : Failed to read cpu times
07-14 17:00:49.733  5193  5320 W CPU     : Failed to read cpu times
07-14 17:00:49.734  5193  5317 I DataCollector: Iteration 181118
07-14 17:00:49.882  5250  5373 W CPU     : Failed to read cpu times
07-14 17:00:50.733  5193  5320 W CPU     : Failed to read cpu times
07-14 17:00:50.734  5193  5317 I DataCollector: Iteration 181119
07-14 17:00:50.882  5250  5373 W CPU     : Failed to read cpu times
07-14 17:00:51.733  5193  5320 W CPU     : Failed to read cpu times
07-14 17:00:51.734  5193  5317 I DataCollector: Iteration 181120
07-14 17:00:51.881  5250  5373 W CPU     : Failed to read cpu times
07-14 17:00:52.733  5193  5320 W CPU     : Failed to read cpu times
07-14 17:00:52.734  5193  5317 I DataCollector: Iteration 181121
07-14 17:00:52.882  5250  5373 W CPU     : Failed to read cpu times
07-14 17:00:53.731  5193  5320 W CPU     : Failed to read cpu times
07-14 17:00:53.732  5193  5317 I DataCollector: Iteration 181122
07-14 17:00:53.880  5250  5373 W CPU     : Failed to read cpu times
07-14 17:00:54.733  5193  5320 W CPU     : Failed to read cpu times
07-14 17:00:54.734  5193  5317 I DataCollector: Iteration 181123
07-14 17:00:54.881  5250  5373 W CPU     : Failed to read cpu times
07-14 17:00:55.733  5193  5320 W CPU     : Failed to read cpu times
07-14 17:00:55.741  5193  5317 I DataCollector: Iteration 181124
07-14 17:00:55.882  5250  5373 W CPU     : Failed to read cpu times
07-14 17:00:56.732  5193  5320 W CPU     : Failed to read cpu times
07-14 17:00:56.733  5193  5317 I DataCollector: Iteration 181125
07-14 17:00:56.881  5250  5373 W CPU     : Failed to read cpu times
07-14 17:00:57.732  5193  5320 W CPU     : Failed to read cpu times
07-14 17:00:57.732  5193  5317 I DataCollector: Iteration 181126
07-14 17:00:57.882  5250  5373 W CPU     : Failed to read cpu times
07-14 17:00:58.733  5193  5320 W CPU     : Failed to read cpu times
07-14 17:00:58.734  5193  5317 I DataCollector: Iteration 181127
07-14 17:00:58.882  5250  5373 W CPU     : Failed to read cpu times
07-14 17:00:59.733  5193  5320 W CPU     : Failed to read cpu times
07-14 17:00:59.733  5193  5317 I DataCollector: Iteration 181128
07-14 17:00:59.882  5250  5373 W CPU     : Failed to read cpu times
07-14 17:01:00.007  2070  2070 D KeyguardClockSwitch: Updating clock: 5:01
07-14 17:01:00.733  5193  5320 W CPU     : Failed to read cpu times
07-14 17:01:00.734  5193  5317 I DataCollector: Iteration 181129
07-14 17:01:00.882  5250  5373 W CPU     : Failed to read cpu times
07-14 17:01:01.732  5193  5320 W CPU     : Failed to read cpu times
07-14 17:01:01.734  5193  5317 I DataCollector: Iteration 181130
07-14 17:01:01.882  5250  5373 W CPU     : Failed to read cpu times
07-14 17:01:02.732  5193  5320 W CPU     : Failed to read cpu times
07-14 17:01:02.734  5193  5317 I DataCollector: Iteration 181131
07-14 17:01:02.882  5250  5373 W CPU     : Failed to read cpu times
07-14 17:01:03.733  5193  5320 W CPU     : Failed to read cpu times
07-14 17:01:03.733  5193  5317 I DataCollector: Iteration 181132
07-14 17:01:03.882  5250  5373 W CPU     : Failed to read cpu times
07-14 17:01:04.733  5193  5320 W CPU     : Failed to read cpu times
07-14 17:01:04.734  5193  5317 I DataCollector: Iteration 181133
07-14 17:01:04.882  5250  5373 W CPU     : Failed to read cpu times
07-14 17:01:05.732  5193  5320 W CPU     : Failed to read cpu times
07-14 17:01:05.733  5193  5317 I DataCollector: Iteration 181134
07-14 17:01:05.881  5250  5373 W CPU     : Failed to read cpu times
07-14 17:01:06.732  5193  5320 W CPU     : Failed to read cpu times
07-14 17:01:06.733  5193  5317 I DataCollector: Iteration 181135
07-14 17:01:06.882  5250  5373 W CPU     : Failed to read cpu times
07-14 17:01:07.733  5193  5320 W CPU     : Failed to read cpu times
07-14 17:01:07.735  5193  5317 I DataCollector: Iteration 181136
07-14 17:01:07.881  5250  5373 W CPU     : Failed to read cpu times
07-14 17:01:08.733  5193  5320 W CPU     : Failed to read cpu times
07-14 17:01:08.734  5193  5317 I DataCollector: Iteration 181137
07-14 17:01:08.806   896   918 D rlsservice: MonitorDisplayStatus client num 0, display status 1, sensor status 0
07-14 17:01:08.882  5250  5373 W CPU     : Failed to read cpu times
07-14 17:01:09.732  5193  5320 W CPU     : Failed to read cpu times
07-14 17:01:09.733  5193  5317 I DataCollector: Iteration 181138
07-14 17:01:09.881  5250  5373 W CPU     : Failed to read cpu times
07-14 17:01:10.733  5193  5320 W CPU     : Failed to read cpu times
07-14 17:01:10.736  5193  5317 I DataCollector: Iteration 181139
07-14 17:01:10.882  5250  5373 W CPU     : Failed to read cpu times
07-14 17:01:11.732  5193  5320 W CPU     : Failed to read cpu times
07-14 17:01:11.735  5193  5317 I DataCollector: Iteration 181140
07-14 17:01:11.881  5250  5373 W CPU     : Failed to read cpu times
07-14 17:01:12.733  5193  5320 W CPU     : Failed to read cpu times
07-14 17:01:12.734  5193  5317 I DataCollector: Iteration 181141
07-14 17:01:12.881  5250  5373 W CPU     : Failed to read cpu times
07-14 17:01:12.976  1212  1212 W llkd    : type=1400 audit(0.0:5661): avc: denied { ptrace } for scontext=u:r:llkd:s0 tcontext=u:r:magisk:s0 tclass=process permissive=0
07-14 17:01:13.360  1212  1212 W llkd    : type=1400 audit(0.0:5664): avc: denied { ptrace } for scontext=u:r:llkd:s0 tcontext=u:r:magisk_client:s0:c197,c256,c512,c768 tclass=process permissive=0
07-14 17:01:13.360  1212  1212 W llkd    : type=1400 audit(0.0:5665): avc: denied { ptrace } for scontext=u:r:llkd:s0 tcontext=u:r:magisk:s0 tclass=process permissive=0
07-14 17:01:13.385  1212  1212 W livelock: Z 600.000s 26790->26857->26857 [ZIDThreadPoolEx] [kill]
07-14 17:01:13.385  1212  1212 I livelock: Killing 'com.antutu.ABenchMark' (26790) to check forward scheduling progress in Z state for '[ZIDThreadPoolEx]' (26857)
07-14 17:01:13.394  1212  1212 W livelock: Z 600.000s 27025->27073->27073 [ZIDThreadPoolEx] [kill]
07-14 17:01:13.394  1212  1212 I livelock: Killing 'com.antutu.ABenchMark:push' (27025) to check forward scheduling progress in Z state for '[ZIDThreadPoolEx]' (27073)
07-14 17:01:13.430  1436 24655 D ConnectivityService: ConnectivityService NetworkRequestInfo binderDied(NetworkRequest [ TRACK_DEFAULT id=76, [ Capabilities: INTERNET&NOT_RESTRICTED&TRUSTED Uid: 10591 AdministratorUids: [] RequestorUid: 10591 RequestorPackageName: com.antutu.ABenchMark] ], android.os.BinderProxy@f43b394)
07-14 17:01:13.430  1436  2003 I ActivityManager: Process com.antutu.ABenchMark:push (pid 27025) has died: cch+65 CEM 
07-14 17:01:13.430  1436  1986 D ConnectivityService: releasing NetworkRequest [ TRACK_DEFAULT id=76, [ Capabilities: INTERNET&NOT_RESTRICTED&TRUSTED Uid: 10591 AdministratorUids: [] RequestorUid: 10591 RequestorPackageName: com.antutu.ABenchMark] ] (release request)
07-14 17:01:13.359     1     1 I init    : Untracked pid 27073 exited with status 0
07-14 17:01:13.431  1436  1557 I libprocessgroup: Successfully killed process cgroup uid 10591 pid 27025 in 0ms
07-14 17:01:13.431   773   773 I Zygote  : Process 27025 exited due to signal 9 (Killed)
07-14 17:01:13.433  1436  2244 D ConnectivityService: ConnectivityService NetworkRequestInfo binderDied(NetworkRequest [ TRACK_DEFAULT id=75, [ Capabilities: INTERNET&NOT_RESTRICTED&TRUSTED Uid: 10591 AdministratorUids: [] RequestorUid: 10591 RequestorPackageName: com.antutu.ABenchMark] ], android.os.BinderProxy@902be3d)
07-14 17:01:13.433  1436  1986 D ConnectivityService: releasing NetworkRequest [ TRACK_DEFAULT id=75, [ Capabilities: INTERNET&NOT_RESTRICTED&TRUSTED Uid: 10591 AdministratorUids: [] RequestorUid: 10591 RequestorPackageName: com.antutu.ABenchMark] ] (release request)
07-14 17:01:13.433   887   887 I sensors-hal: [hal]batch_physical_sensor:301, android.sensor.accelerometer/11, period=200000000, max_latency=0
07-14 17:01:13.433   887   887 I sensors-hal: [hal]batch_physical_sensor:310, android.sensor.accelerometer/11, period=200000000, max_latency=0 request completed
07-14 17:01:13.433   887   887 I sensors-hal: [hal]activate_physical_sensor:238, android.sensor.gyroscope/41 en=0
07-14 17:01:13.435  1436 24655 I ActivityManager: Process com.antutu.ABenchMark (pid 26790) has died: cch+75 CEM 
07-14 17:01:13.435   773   773 I Zygote  : Process 26790 exited due to signal 9 (Killed)
07-14 17:01:13.437  1436  1557 I libprocessgroup: Successfully killed process cgroup uid 10591 pid 26790 in 0ms
07-14 17:01:13.363     1     1 I init    : Untracked pid 26857 exited with status 0
07-14 17:01:13.439   887   887 I sensors-hal: [hal]activate_physical_sensor:249, android.sensor.gyroscope/41 en=0 completed
07-14 17:01:13.439   887   960 D VSC     : @ 181179.378: [Gravity Sensor] Stop accel
07-14 17:01:13.440   887   960 D VSC     : @ 181179.378: [Gravity Sensor] Stop gyro
07-14 17:01:13.514   887   960 D ASH     : @ 181179.452: SensorType 195 resampler quality 2
07-14 17:01:13.734  5193  5320 W CPU     : Failed to read cpu times
07-14 17:01:13.735  5193  5317 I DataCollector: Iteration 181142
07-14 17:01:13.881  5250  5373 W CPU     : Failed to read cpu times
07-14 17:01:14.732  5193  5320 W CPU     : Failed to read cpu times
07-14 17:01:14.734  5193  5317 I DataCollector: Iteration 181143
07-14 17:01:14.880  5250  5373 W CPU     : Failed to read cpu times
07-14 17:01:15.732  5193  5320 W CPU     : Failed to read cpu times
07-14 17:01:15.733  5193  5317 I DataCollector: Iteration 181144
07-14 17:01:15.881  5250  5373 W CPU     : Failed to read cpu times
07-14 17:01:16.733  5193  5320 W CPU     : Failed to read cpu times
07-14 17:01:16.734  5193  5317 I DataCollector: Iteration 181145
07-14 17:01:16.880  5250  5373 W CPU     : Failed to read cpu times
07-14 17:01:17.733  5193  5320 W CPU     : Failed to read cpu times
07-14 17:01:17.736  5193  5317 I DataCollector: Iteration 181146
07-14 17:01:17.882  5250  5373 W CPU     : Failed to read cpu times
07-14 17:01:18.733  5193  5320 W CPU     : Failed to read cpu times
07-14 17:01:18.733  5193  5317 I DataCollector: Iteration 181147
07-14 17:01:18.881  5250  5373 W CPU     : Failed to read cpu times
07-14 17:01:19.733  5193  5317 I DataCollector: Iteration 181148
07-14 17:01:19.734  5193  5320 W CPU     : Failed to read cpu times
07-14 17:01:19.882  5250  5373 W CPU     : Failed to read cpu times
07-14 17:01:20.733  5193  5320 W CPU     : Failed to read cpu times
