07-14 16:51:44.632  2540  2632 D ModelWriter: 	at com.android.launcher3.model.BaseModelUpdateTask.run(BaseModelUpdateTask.java:67)
07-14 16:51:44.632  2540  2632 D ModelWriter: 	at android.os.Handler.handleCallback(Handler.java:938)
07-14 16:51:44.632  2540  2632 D ModelWriter: 	at android.os.Handler.dispatchMessage(Handler.java:99)
07-14 16:51:44.632  2540  2632 D ModelWriter: 	at android.os.Looper.loop(Looper.java:223)
07-14 16:51:44.632  2540  2632 D ModelWriter: 	at android.os.HandlerThread.run(HandlerThread.java:67)
07-14 16:51:44.635  3156  5378 I MediaProvider: End Intent { act=android.intent.action.PACKAGE_FULLY_REMOVED dat=package:com.opportunistask.scheduling.benchmarking_app_to_test_big_cores flg=0x5000010 cmp=com.android.providers.media.module/com.android.providers.media.MediaService (has extras) }
07-14 16:51:44.543    28    28 W [CONFIG_BEST_EFFORT_FL_TASK_SCHEDULING]: in function migration_cpu_stop, before normal migration of the task 24681 from cpu 1 to cpu 4
07-14 16:51:44.567    36    36 W [CONFIG_BEST_EFFORT_FL_TASK_SCHEDULING]: in function migration_cpu_stop, before normal migration of the task 24722 from cpu 2 to cpu 4
07-14 16:51:44.567    36    36 W [CONFIG_BEST_EFFORT_FL_TASK_SCHEDULING]: in function migration_cpu_stop, before normal migration of the task 24723 from cpu 3 to cpu 4
07-14 16:51:44.568    28    28 W [CONFIG_BEST_EFFORT_FL_TASK_SCHEDULING]: in function migration_cpu_stop, before normal migration of the task 24724 from cpu 3 to cpu 4
07-14 16:51:44.568    28    28 W [CONFIG_BEST_EFFORT_FL_TASK_SCHEDULING]: in function migration_cpu_stop, before normal migration of the task 24725 from cpu 2 to cpu 4
07-14 16:51:44.568    28    28 W [CONFIG_BEST_EFFORT_FL_TASK_SCHEDULING]: in function migration_cpu_stop, before normal migration of the task 24727 from cpu 2 to cpu 4
07-14 16:51:44.568    28    28 W [CONFIG_BEST_EFFORT_FL_TASK_SCHEDULING]: in function migration_cpu_stop, before normal migration of the task 24728 from cpu 2 to cpu 4
07-14 16:51:44.568    28    28 W [CONFIG_BEST_EFFORT_FL_TASK_SCHEDULING]: in function migration_cpu_stop, before normal migration of the task 24729 from cpu 2 to cpu 4
07-14 16:51:44.568    28    28 W [CONFIG_BEST_EFFORT_FL_TASK_SCHEDULING]: in function migration_cpu_stop, before normal migration of the task 24730 from cpu 2 to cpu 4
07-14 16:51:44.568    17    17 W [CONFIG_BEST_EFFORT_FL_TASK_SCHEDULING]: in function migration_cpu_stop, before normal migration of the task 24731 from cpu 2 to cpu 4
07-14 16:51:44.568    28    28 W [CONFIG_BEST_EFFORT_FL_TASK_SCHEDULING]: in function migration_cpu_stop, before normal migration of the task 24732 from cpu 0 to cpu 4
07-14 16:51:44.568    68    68 W [CONFIG_BEST_EFFORT_FL_TASK_SCHEDULING]: in function migration_cpu_stop, before normal migration of the task 24736 from cpu 2 to cpu 4
07-14 16:51:44.731  5193  5320 W CPU     : Failed to read cpu times
07-14 16:51:44.732  5193  5317 I DataCollector: Iteration 180573
07-14 16:51:44.880  5250  5373 W CPU     : Failed to read cpu times
07-14 16:51:44.582    68    68 W [CONFIG_BEST_EFFORT_FL_TASK_SCHEDULING]: in function migration_cpu_stop, before normal migration of the task 27149 from cpu 7 to cpu 6
07-14 16:51:45.562   880   880 W healthd : battery l=100 v=4437 t=32.8 h=2 st=5 c=1831 fc=3877000 cc=44 chg=au
07-14 16:51:45.732  5193  5320 W CPU     : Failed to read cpu times
07-14 16:51:45.734  5193  5317 I DataCollector: Iteration 180574
07-14 16:51:45.882  5250  5373 W CPU     : Failed to read cpu times
07-14 16:51:46.733  5193  5320 W CPU     : Failed to read cpu times
07-14 16:51:46.733  5193  5317 I DataCollector: Iteration 180575
07-14 16:51:46.881  5250  5373 W CPU     : Failed to read cpu times
07-14 16:51:47.731  5193  5320 W CPU     : Failed to read cpu times
07-14 16:51:47.733  5193  5317 I DataCollector: Iteration 180576
07-14 16:51:47.881  5250  5373 W CPU     : Failed to read cpu times
07-14 16:51:48.731  5193  5317 I DataCollector: Iteration 180577
07-14 16:51:48.731  5193  5320 W CPU     : Failed to read cpu times
07-14 16:51:48.881  5250  5373 W CPU     : Failed to read cpu times
07-14 16:51:49.731  5193  5320 W CPU     : Failed to read cpu times
07-14 16:51:49.732  5193  5317 I DataCollector: Iteration 180578
07-14 16:51:49.880  5250  5373 W CPU     : Failed to read cpu times
07-14 16:51:50.732  5193  5317 I DataCollector: Iteration 180579
07-14 16:51:50.732  5193  5320 W CPU     : Failed to read cpu times
07-14 16:51:50.881  5250  5373 W CPU     : Failed to read cpu times
07-14 16:51:51.734  5193  5317 I DataCollector: Iteration 180580
07-14 16:51:51.735  5193  5320 W CPU     : Failed to read cpu times
07-14 16:51:51.880  5250  5373 W CPU     : Failed to read cpu times
07-14 16:51:52.731  5193  5320 W CPU     : Failed to read cpu times
07-14 16:51:52.732  5193  5317 I DataCollector: Iteration 180581
07-14 16:51:52.881  5250  5373 W CPU     : Failed to read cpu times
07-14 16:51:53.611 24671 24671 I ProvidersCache: Updating roots due to change on user 0at content://com.android.providers.media.documents/root
07-14 16:51:53.613 24671 24671 I ProvidersCache: Updating roots due to change on user 0at content://com.android.providers.media.documents/root
07-14 16:51:53.731  5193  5320 W CPU     : Failed to read cpu times
07-14 16:51:53.732  5193  5317 I DataCollector: Iteration 180582
07-14 16:51:53.881  5250  5373 W CPU     : Failed to read cpu times
07-14 16:51:54.732  5193  5320 W CPU     : Failed to read cpu times
07-14 16:51:54.734  5193  5317 I DataCollector: Iteration 180583
07-14 16:51:54.881  5250  5373 W CPU     : Failed to read cpu times
07-14 16:51:48.237   880   880 W healthd : battery l=100 v=4437 t=32.8 h=2 st=5 c=1831 fc=3877000 cc=44 chg=au
07-14 16:51:49.834    20    20 W [CONFIG_BEST_EFFORT_FL_TASK_SCHEDULING]: in function migration_cpu_stop, before normal migration of the task 3056 from cpu 1 to cpu 0
07-14 16:51:55.732  5193  5320 W CPU     : Failed to read cpu times
07-14 16:51:55.738  5193  5317 I DataCollector: Iteration 180584
07-14 16:51:55.881  5250  5373 W CPU     : Failed to read cpu times
07-14 16:51:56.609  1436  1436 W Binder:1436_A: type=1400 audit(0.0:5630): avc: denied { getopt } for scontext=u:r:system_server:s0 tcontext=u:r:shell:s0 tclass=unix_stream_socket permissive=0
07-14 16:51:54.840    20    20 W [CONFIG_BEST_EFFORT_FL_TASK_SCHEDULING]: in function migration_cpu_stop, before normal migration of the task 3052 from cpu 1 to cpu 0
07-14 16:51:56.732  5193  5320 W CPU     : Failed to read cpu times
07-14 16:51:56.733  5193  5317 I DataCollector: Iteration 180585
07-14 16:51:56.881  5250  5373 W CPU     : Failed to read cpu times
07-14 16:51:57.515  1436  1961 W RuleEvaluation: Integrity rule files are not available.
07-14 16:51:57.517  1436  1723 I PackageManager: Integrity check passed for file:///data/app/vmdl1721051425.tmp
07-14 16:51:57.556  1436  1723 D CompatibilityChangeReporter: Compat change id reported: 135549675; UID 10791; state: DISABLED
07-14 16:51:57.628  1436  1723 D PackageManager: Instant App installer not found with android.intent.action.INSTALL_INSTANT_APP_PACKAGE
07-14 16:51:57.628  1436  1723 D PackageManager: Clear ephemeral installer activity
07-14 16:51:57.629  1436  1526 V StorageManagerService: Package null does not have legacy storage
07-14 16:51:57.630  3156 23463 I MediaProvider: Invalidating LocalCallingIdentity cache for package com.opportunistask.scheduling.benchmarking_app_to_test_big_cores. Reason: op android:read_external_storage
07-14 16:51:57.640  1436  1723 V BackupManagerService: [UserID:0] restoreAtInstall pkg=com.opportunistask.scheduling.benchmarking_app_to_test_big_cores token=21 restoreSet=0
07-14 16:51:57.640  1436  1723 W BackupTransportManager: Transport com.google.android.gms/.backup.BackupTransportService not registered
07-14 16:51:57.640  1436  1723 W BackupManagerService: [UserID:0] No transport client
07-14 16:51:57.640  1436  1723 V BackupManagerService: [UserID:0] Finishing install immediately
07-14 16:51:57.642  1436  1526 V StorageManagerService: Package null has legacy storage
07-14 16:51:57.631  3156 23463 I chatty  : uid=10189(com.android.providers.media.module) Binder:3156_6 identical 3 lines
07-14 16:51:57.643  3156 23463 I MediaProvider: Invalidating LocalCallingIdentity cache for package com.opportunistask.scheduling.benchmarking_app_to_test_big_cores. Reason: op android:read_external_storage
07-14 16:51:57.646  1086  1086 E installd: Couldn't opendir /data/app/vmdl1721051425.tmp: No such file or directory
07-14 16:51:57.646  1086  1086 E installd: Failed to delete /data/app/vmdl1721051425.tmp: No such file or directory
07-14 16:51:57.646  1436  1436 W Binder:1436_A: type=1400 audit(0.0:5631): avc: denied { getopt } for scontext=u:r:system_server:s0 tcontext=u:r:shell:s0 tclass=unix_stream_socket permissive=0
07-14 16:51:57.649  7265  8347 I abb     : oneway function results will be dropped but finished with status OK and parcel size 4
07-14 16:51:57.650  3156  3156 I MediaProvider: Invalidating LocalCallingIdentity cache for package com.opportunistask.scheduling.benchmarking_app_to_test_big_cores. Reason: package android.intent.action.PACKAGE_ADDED
07-14 16:51:57.656  1436  1526 I RoleManagerService: Granting default roles...
07-14 16:51:57.658  2460  2581 W EuiccConnector: No valid EuiccService implementation found
07-14 16:51:57.658  1436  1436 I Telecom : DefaultDialerCache: Refreshing default dialer for user 0: now com.android.dialer: DDC.oR@API
07-14 16:51:57.658  1436  1952 I InputReader: Reconfiguring input devices, changes=KEYBOARD_LAYOUTS | 
07-14 16:51:57.678  2046  2046 V AvrcpMediaPlayerList: mPackageChangedBroadcastReceiver: action: android.intent.action.PACKAGE_ADDED
07-14 16:51:57.678  2046  2046 D AvrcpMediaPlayerList: Name of package changed: com.opportunistask.scheduling.benchmarking_app_to_test_big_cores
07-14 16:51:57.681  1436  1436 V BackupManagerConstants: getFullBackupIntervalMilliseconds(...) returns 86400000
07-14 16:51:57.681  1436  1436 V BackupManagerConstants: getFullBackupRequiredNetworkType(...) returns 2
07-14 16:51:57.681  1436  1436 V BackupManagerConstants: getFullBackupRequireCharging(...) returns true
07-14 16:51:57.685  1436 24655 W BroadcastQueue: Background execution not allowed: receiving Intent { act=android.intent.action.PACKAGE_ADDED dat=package:com.opportunistask.scheduling.benchmarking_app_to_test_big_cores flg=0x4000010 (has extras) } to com.android.packageinstaller/.PackageInstalledReceiver
07-14 16:51:57.687  1436  1540 W BroadcastQueue: Background execution not allowed: receiving Intent { act=android.intent.action.PACKAGE_ADDED dat=package:com.opportunistask.scheduling.benchmarking_app_to_test_big_cores flg=0x4000010 (has extras) } to org.lineageos.audiofx/.Compatibility$Receiver
07-14 16:51:57.690  3188  3188 D RegisteredNfcFServicesCache: Service unchanged, not updating
07-14 16:51:57.692 15687 24924 I PermissionControllerServiceImpl: Updating user sensitive for uid 10791
07-14 16:51:57.695   953   953 D AF::TrackHandle: OpPlayAudio: track:55 usage:3 not muted
07-14 16:51:57.697   953   953 I chatty  : uid=1041(audioserver) /system/bin/audioserver identical 3 lines
07-14 16:51:57.698   953   953 D AF::TrackHandle: OpPlayAudio: track:55 usage:3 not muted
07-14 16:51:57.699  1436  1539 W Searchables: No global search activity found
07-14 16:51:57.704  2460  2460 E PhoneInterfaceManager: [PhoneIntfMgr] getCarrierPackageNamesForIntentAndPhone: No UICC
07-14 16:51:57.704  2460  2460 D CarrierSvcBindHelper: No carrier app for: 0
07-14 16:51:57.707 27157 27159 I cmd     : oneway function results will be dropped but finished with status OK and parcel size 4
07-14 16:51:57.712  2460  2460 E VvmPkgInstalledRcvr: cannot create TelephonyManager from ComponentInfo{com.android.phone/com.android.services.telephony.TelephonyConnectionService}, ***, UserHandle{0}
07-14 16:51:57.713  1436  1539 W VoiceInteractionManager: no available voice recognition services found for user 0
07-14 16:51:57.715  2460  2460 D ImsResolver: maybeAddedImsService, packageName: com.opportunistask.scheduling.benchmarking_app_to_test_big_cores
07-14 16:51:57.717  2460  2460 D CarrierConfigLoader: mHandler: 9 phoneId: 0
07-14 16:51:57.731  5193  5317 I DataCollector: Iteration 180586
07-14 16:51:57.731  5193  5320 W CPU     : Failed to read cpu times
07-14 16:51:57.772 27162 27164 I cmd     : oneway function results will be dropped but finished with status OK and parcel size 4
07-14 16:51:57.807  1436  1448 I system_server: Background concurrent copying GC freed 257343(12MB) AllocSpace objects, 94(5360KB) LOS objects, 75% free, 14MB/56MB, paused 211us total 161.626ms
07-14 16:51:57.840 27167 27169 I cmd     : oneway function results will be dropped but finished with status OK and parcel size 4
07-14 16:51:57.848  1436  1450 W System  : A resource failed to call close. 
07-14 16:51:57.881  5250  5373 W CPU     : Failed to read cpu times
07-14 16:51:57.900  1436  1526 W Looper  : Slow delivery took 201ms android.fg h=android.os.Handler c=<recycled PooledLambda@d58eca1> m=0
07-14 16:51:57.907  1436  1526 W Looper  : Drained
07-14 16:51:57.907  3156 23463 I MediaProvider: Invalidating LocalCallingIdentity cache for package com.opportunistask.scheduling.benchmarking_app_to_test_big_cores. Reason: op android:read_external_storage
07-14 16:51:57.911  3156 23463 I MediaProvider: Invalidating LocalCallingIdentity cache for package com.opportunistask.scheduling.benchmarking_app_to_test_big_cores. Reason: op android:read_external_storage
07-14 16:51:57.911 27172 27174 I cmd     : oneway function results will be dropped but finished with status OK and parcel size 4
07-14 16:51:58.732  5193  5320 W CPU     : Failed to read cpu times
07-14 16:51:58.732  5193  5317 I DataCollector: Iteration 180587
07-14 16:51:58.881  5250  5373 W CPU     : Failed to read cpu times
07-14 16:51:59.001  1436  1475 I ActivityTaskManager: START u0 {flg=0x10000000 cmp=com.opportunistask.scheduling.benchmarking_app_to_test_big_cores/.MainActivity} from uid 2000
07-14 16:51:59.015 27179 27181 I cmd     : oneway function results will be dropped but finished with status OK and parcel size 4
07-14 16:51:59.021  1436  1530 D CompatibilityChangeReporter: Compat change id reported: 135634846; UID 10791; state: DISABLED
07-14 16:51:59.022  1436  1530 D CompatibilityChangeReporter: Compat change id reported: 135754954; UID 10791; state: DISABLED
07-14 16:51:59.022  1436  1541 D CompatibilityChangeReporter: Compat change id reported: 143937733; UID 10791; state: DISABLED
07-14 16:51:59.022  1436  1541 W ActivityManager: Unknown package:com.google.android.gms
07-14 16:51:59.037   773   773 D Zygote  : Forked child process 27182
07-14 16:51:59.039 27182 27182 I libc    : SetHeapTaggingLevel: tag level set to 0
07-14 16:51:58.968 27182 27182 W         : [CONFIG_BEST_EFFORT_FL_TASK_CGROUP_HANDLING] in function cgroup_mkdir, creating folder with name uid_10791
07-14 16:51:59.041 27182 27182 I _test_big_core: Late-enabling -Xcheck:jni
07-14 16:51:58.968 27182 27182 W         : [CONFIG_BEST_EFFORT_FL_TASK_CGROUP_HANDLING] in function css_create
07-14 16:51:58.968 27182 27182 W         : [CONFIG_BEST_EFFORT_FL_TASK_CGROUP_HANDLING] in function cgroup_mkdir, creating folder with name pid_27182
07-14 16:51:59.041  1436  1541 I ActivityManager: Start proc 27182:com.opportunistask.scheduling.benchmarking_app_to_test_big_cores/u0a791 for pre-top-activity {com.opportunistask.scheduling.benchmarking_app_to_test_big_cores/com.opportunistask.scheduling.benchmarking_app_to_test_big_cores.MainActivity}
07-14 16:51:59.052 27182 27182 I _test_big_core: Unquickening 12 vdex files!
07-14 16:51:59.056  1173  1216 I adbd    : jdwp connection from 27182
07-14 16:51:59.082 27182 27182 D ApplicationLoaders: Returning zygote-cached class loader: /system/framework/android.test.base.jar
07-14 16:51:59.206 27182 27182 D NetworkSecurityConfig: No Network Security Config specified, using platform default
07-14 16:51:59.206 27182 27182 D NetworkSecurityConfig: No Network Security Config specified, using platform default
07-14 16:51:59.210   573  1102 W DisplayIdentification: Invalid EDID: falling back to serial number due to missing display name.
07-14 16:51:59.210   573  1102 W DisplayIdentification: Invalid EDID: falling back to ASCII text due to missing serial number.
07-14 16:51:59.253 27182 27182 W _test_big_core: Accessing hidden method Landroid/view/View;->computeFitSystemWindows(Landroid/graphics/Rect;Landroid/graphics/Rect;)Z (greylist, reflection, allowed)
07-14 16:51:59.253 27182 27182 W _test_big_core: Accessing hidden method Landroid/view/ViewGroup;->makeOptionalFitsSystemWindows()V (greylist, reflection, allowed)
07-14 16:51:59.310 27182 27182 V MainActivity:  SETTING UI 
07-14 16:51:59.310 27182 27182 V MainActivity:  CHECKING PERMISSIONS 
07-14 16:51:59.310 27182 27182 V MainActivity: Permission has already been granted
07-14 16:51:59.310 27182 27182 V MainActivity: REGISTERING VOLTAGE
07-14 16:51:59.310 27182 27182 V MainActivity:  INITIALIZING THREADS LISTS
07-14 16:51:59.310 27182 27182 V MainActivity:  AUTOMATIC EXPERIMENTS 
07-14 16:51:59.313 27182 27182 V MainActivity:  Reading  the configuration file in folder: /storage/emulated/0/experiments_automatization
07-14 16:51:59.317  1436  2244 D CompatibilityChangeReporter: Compat change id reported: 149924527; UID 10791; state: ENABLED
07-14 16:51:59.317  1436  2244 D CompatibilityChangeReporter: Compat change id reported: 132649864; UID 10791; state: DISABLED
07-14 16:51:59.321 27182 27182 V MainActivity:  Reading  the configuration file in folder: /storage/emulated/0/experiments_automatization
07-14 16:51:59.323 27182 27182 V MainActivity:  Configuration: 0,0,0,0,0,1,2,3
07-14 16:51:59.323 27182 27182 V ExperimentConfiguration:  Reading current string 0: 0
07-14 16:51:59.323 27182 27182 V ExperimentConfiguration:  Reading current string 1: 0
07-14 16:51:59.323 27182 27182 V ExperimentConfiguration:  Reading current string 2: 0
07-14 16:51:59.323 27182 27182 V ExperimentConfiguration:  Reading current string 3: 0
07-14 16:51:59.323 27182 27182 V ExperimentConfiguration:  Reading current string 4: 0
07-14 16:51:59.323 27182 27182 V ExperimentConfiguration:  Reading current string 5: 1
07-14 16:51:59.323 27182 27182 V ExperimentConfiguration:  Reading current string 6: 2
07-14 16:51:59.323 27182 27182 V ExperimentConfiguration:  Reading current string 7: 3
07-14 16:51:59.323 27182 27182 V MainActivity:  Configuration object created : 0,0,0,0,0,1,2,3
07-14 16:51:59.323 27182 27182 V MainActivity:   Number of threads to create : 3
07-14 16:51:59.323 27182 27182 V MainActivity:   Creating threads 
07-14 16:51:59.323 27182 27182 V MainActivity:  INITIALIZING LOCAL THREADS LIST TO STOP THREADS
07-14 16:51:59.324 27182 27182 V Benchmark_thread_: The benchmarking thread 0 is created
07-14 16:51:59.324 27182 27182 V MainActivity:  INITIALIZING GLOBAL THREADS LIST TO START THREADS
07-14 16:51:59.324 27182 27182 V MainActivity:  INITIALIZING LOCAL THREADS LIST TO STOP THREADS
07-14 16:51:59.324 27182 27182 V Benchmark_thread_: The benchmarking thread 1 is created
07-14 16:51:59.324 27182 27182 V MainActivity:  INITIALIZING GLOBAL THREADS LIST TO START THREADS
07-14 16:51:59.324 27182 27182 V MainActivity:  INITIALIZING LOCAL THREADS LIST TO STOP THREADS
07-14 16:51:59.324 27182 27182 V Benchmark_thread_: The benchmarking thread 2 is created
07-14 16:51:59.324 27182 27182 V MainActivity:  INITIALIZING GLOBAL THREADS LIST TO START THREADS
07-14 16:51:59.324 27182 27182 V MainActivity:  Starting threads 
07-14 16:51:59.324 27182 27182 V MainActivity: Starting thread with Thread ID = 1081
07-14 16:51:59.325 27182 27182 V MainActivity: Starting thread with Thread ID = 1082
07-14 16:51:59.325 27182 27182 V MainActivity: Starting thread with Thread ID = 1083
07-14 16:51:59.325 27182 27182 V MainActivity:  Threads are started, now waiting them to run 
07-14 16:51:59.325 27182 27208 I System.out: ---> executing command: cat /sys/class/thermal/thermal_zone0/type
07-14 16:51:59.325 27182 27208 I System.out: ---> executing command: su cat /sys/class/thermal/thermal_zone0/type
07-14 16:51:58.968    68    68 W         : [CONFIG_BEST_EFFORT_FL_TASK_CGROUP_HANDLING] in function css_create
07-14 16:51:59.480 27214 27214 D AndroidRuntime: >>>>>> START com.android.internal.os.RuntimeInit uid 0 <<<<<<
07-14 16:51:59.485 27214 27214 I AndroidRuntime: Using default boot image
07-14 16:51:59.485 27214 27214 I AndroidRuntime: Leaving lock profiling enabled
07-14 16:51:59.490 27214 27214 I app_process: Core platform API reporting enabled, enforcing=false
07-14 16:51:59.625 27214 27214 D app_process: Time zone APEX ICU file found: /apex/com.android.tzdata/etc/icu/icu_tzdata.dat
07-14 16:51:59.625 27214 27214 D app_process: I18n APEX ICU file found: /apex/com.android.i18n/etc/icu/icudt66l.dat
07-14 16:51:59.638 27214 27214 I app_process: The ClassLoaderContext is a special shared library.
07-14 16:51:59.648 27214 27214 W app_process: JNI RegisterNativeMethods: attempt to register 0 native methods for android.media.AudioAttributes
07-14 16:51:59.652 27214 27214 D AndroidRuntime: Calling main entry com.android.commands.am.Am
07-14 16:51:59.656  1436  1475 I ActivityTaskManager: START u0 {act=android.intent.action.VIEW flg=0x18000020 pkg=com.topjohnwu.magisk cmp=com.topjohnwu.magisk/.ui.surequest.SuRequestActivity (has extras)} from uid 0
07-14 16:51:59.663 27214 27214 D AndroidRuntime: Shutting down VM
07-14 16:51:59.731  5193  5320 W CPU     : Failed to read cpu times
07-14 16:51:59.731  5193  5317 I DataCollector: Iteration 180588
07-14 16:51:59.880  5250  5373 W CPU     : Failed to read cpu times
07-14 16:52:00.002  2070  2070 D KeyguardClockSwitch: Updating clock: 4:52
07-14 16:52:00.159  1436  1530 W ActivityTaskManager: Activity top resumed state loss timeout for ActivityRecord{cbfe6f u0 com.opportunistask.scheduling.benchmarking_app_to_test_big_cores/.MainActivity t200}
07-14 16:52:00.161  1436  1530 W ActivityTaskManager: Activity pause timeout for ActivityRecord{cbfe6f u0 com.opportunistask.scheduling.benchmarking_app_to_test_big_cores/.MainActivity t200}
07-14 16:52:00.162  1436  1530 W ActivityTaskManager: Tried to set launchTime (0) < mLastActivityLaunchTime (68174899)
07-14 16:52:00.171 24737 24737 I AppCompatDelegate: The Activity's LayoutInflater already has a Factory installed so we can not install AppCompat's
07-14 16:51:59.254    36    36 W [CONFIG_BEST_EFFORT_FL_TASK_SCHEDULING]: in function migration_cpu_stop, before normal migration of the task 27210 from cpu 7 to cpu 5
07-14 16:52:00.190 27182 27208 I System.out: --->  output : modem-lte-sub6-pa1
07-14 16:52:00.191 27182 27208 I System.out: modem-lte-sub6-pa1
07-14 16:52:00.191 27182 27207 W _test_big_core: Long monitor contention with owner T1 (27208) at java.lang.String utils.DeviceInfo.execute(java.lang.String, boolean)(DeviceInfo.java:517) waiters=0 in java.lang.String utils.DeviceInfo.execute(java.lang.String, boolean) for 866ms
07-14 16:52:00.191 27182 27207 I System.out: ---> executing command: cat /sys/class/thermal/thermal_zone0/type
07-14 16:52:00.191 27182 27207 I System.out: ---> executing command: su cat /sys/class/thermal/thermal_zone0/type
07-14 16:52:00.192  1436  1539 I ActivityTaskManager: Displayed com.topjohnwu.magisk/.ui.surequest.SuRequestActivity: +531ms
07-14 16:52:00.107    28    28 W [CONFIG_BEST_EFFORT_FL_TASK_SCHEDULING]: in function migration_cpu_stop, before normal migration of the task 27230 from cpu 3 to cpu 6
07-14 16:52:00.121    60    60 W [CONFIG_BEST_EFFORT_FL_TASK_SCHEDULING]: in function migration_cpu_stop, before normal migration of the task 27236 from cpu 2 to cpu 6
07-14 16:52:00.127    36    36 W [CONFIG_BEST_EFFORT_FL_TASK_SCHEDULING]: in function migration_cpu_stop, before normal migration of the task 27240 from cpu 6 to cpu 7
07-14 16:52:00.131    20    20 W [CONFIG_BEST_EFFORT_FL_TASK_SCHEDULING]: in function migration_cpu_stop, before normal migration of the task 27242 from cpu 3 to cpu 0
07-14 16:52:00.145    36    36 W [CONFIG_BEST_EFFORT_FL_TASK_SCHEDULING]: in function migration_cpu_stop, before normal migration of the task 24757 from cpu 1 to cpu 4
07-14 16:52:00.218 27182 27207 I System.out: --->  output : modem-lte-sub6-pa1
07-14 16:52:00.218 27182 27207 I System.out: modem-lte-sub6-pa1
07-14 16:52:00.218 27182 27209 W _test_big_core: Long monitor contention with owner T1 (27208) at java.lang.String utils.DeviceInfo.execute(java.lang.String, boolean)(DeviceInfo.java:517) waiters=1 in java.lang.String utils.DeviceInfo.execute(java.lang.String, boolean) for 893ms
07-14 16:52:00.218 27182 27209 I System.out: ---> executing command: cat /sys/class/thermal/thermal_zone0/type
07-14 16:52:00.218 27182 27209 I System.out: ---> executing command: su cat /sys/class/thermal/thermal_zone0/type
07-14 16:52:00.248 27182 27209 I System.out: --->  output : modem-lte-sub6-pa1
07-14 16:52:00.248 27182 27209 I System.out: modem-lte-sub6-pa1
07-14 16:52:00.248 27182 27208 I System.out: ---> executing command: cat /sys/class/thermal/thermal_zone0/temp
07-14 16:52:00.248 27182 27208 I System.out: ---> executing command: su cat /sys/class/thermal/thermal_zone0/temp
07-14 16:52:00.146    60    60 W [CONFIG_BEST_EFFORT_FL_TASK_SCHEDULING]: in function migration_cpu_stop, before normal migration of the task 24774 from cpu 3 to cpu 4
07-14 16:52:00.183    60    60 W [CONFIG_BEST_EFFORT_FL_TASK_SCHEDULING]: in function migration_cpu_stop, before normal migration of the task 27255 from cpu 6 to cpu 2
07-14 16:52:00.258 27240 27240 D AndroidRuntime: >>>>>> START com.android.internal.os.RuntimeInit uid 0 <<<<<<
07-14 16:52:00.260 27240 27240 I AndroidRuntime: Using default boot image
07-14 16:52:00.260 27240 27240 I AndroidRuntime: Leaving lock profiling enabled
07-14 16:52:00.267 27240 27240 I app_process: Core platform API reporting enabled, enforcing=false
07-14 16:52:00.281 27182 27208 I System.out: --->  output : 33000
07-14 16:52:00.281 27182 27207 I System.out: ---> executing command: cat /sys/class/thermal/thermal_zone0/temp
07-14 16:52:00.281 27182 27208 I System.out: zone = 0; temperature = 33000
07-14 16:52:00.281 27182 27207 I System.out: ---> executing command: su cat /sys/class/thermal/thermal_zone0/temp
07-14 16:52:00.282 27182 27208 V Benchmark_thread_: The benchmarking thread :------- current temperature = 33000.0
07-14 16:52:00.282 27182 27208 V Benchmark_thread_: The benchmarking thread 1 is running with Tid : 27208
07-14 16:52:00.282 27182 27208 V Benchmark_thread_: The benchmarking thread : usb cable counter waiting for 10000 seconds to remove cable
07-14 16:52:00.282 27182 27208 I chatty  : uid=10791(com.opportunistask.scheduling.benchmarking_app_to_test_big_cores) T1 identical 22 lines
07-14 16:52:00.282 27182 27208 V Benchmark_thread_: The benchmarking thread : usb cable counter waiting for 10000 seconds to remove cable
07-14 16:52:00.283 27182 27208 V Benchmark_thread_: The benchmarking thread : usb cable counter waiting for 9999 seconds to remove cable
07-14 16:52:00.283 27182 27208 I chatty  : uid=10791(com.opportunistask.scheduling.benchmarking_app_to_test_big_cores) T1 identical 19 lines
07-14 16:52:00.283 27182 27208 V Benchmark_thread_: The benchmarking thread : usb cable counter waiting for 9999 seconds to remove cable
07-14 16:52:00.284 27182 27208 V Benchmark_thread_: The benchmarking thread : usb cable counter waiting for 9998 seconds to remove cable
07-14 16:52:00.284 27182 27208 I chatty  : uid=10791(com.opportunistask.scheduling.benchmarking_app_to_test_big_cores) T1 identical 13 lines
07-14 16:52:00.284 27182 27208 V Benchmark_thread_: The benchmarking thread : usb cable counter waiting for 9998 seconds to remove cable
07-14 16:52:00.285 27182 27208 V Benchmark_thread_: The benchmarking thread : usb cable counter waiting for 9997 seconds to remove cable
07-14 16:52:00.285 27182 27208 I chatty  : uid=10791(com.opportunistask.scheduling.benchmarking_app_to_test_big_cores) T1 identical 12 lines
07-14 16:52:00.285 27182 27208 V Benchmark_thread_: The benchmarking thread : usb cable counter waiting for 9997 seconds to remove cable
07-14 16:52:00.286 27182 27208 V Benchmark_thread_: The benchmarking thread : usb cable counter waiting for 9996 seconds to remove cable
07-14 16:52:00.286 27182 27208 I chatty  : uid=10791(com.opportunistask.scheduling.benchmarking_app_to_test_big_cores) T1 identical 10 lines
07-14 16:52:00.286 27182 27208 V Benchmark_thread_: The benchmarking thread : usb cable counter waiting for 9996 seconds to remove cable
07-14 16:52:00.288 27249 27249 D AndroidRuntime: >>>>>> START com.android.internal.os.RuntimeInit uid 0 <<<<<<
07-14 16:52:00.290 27249 27249 I AndroidRuntime: Using default boot image
07-14 16:52:00.290 27249 27249 I AndroidRuntime: Leaving lock profiling enabled
07-14 16:52:00.291 27182 27208 V Benchmark_thread_: The benchmarking thread : usb cable counter waiting for 9996 seconds to remove cable
07-14 16:52:00.298 27249 27249 I app_process: Core platform API reporting enabled, enforcing=false
07-14 16:52:00.325 27182 27182 V MainActivity: Testing if threa 0 is running thread 
07-14 16:52:00.325 27182 27182 V MainActivity: Thread 0 is not running
07-14 16:52:00.184    36    36 W [CONFIG_BEST_EFFORT_FL_TASK_SCHEDULING]: in function migration_cpu_stop, before normal migration of the task 27256 from cpu 6 to cpu 3
07-14 16:52:00.335 27233 27233 D AndroidRuntime: >>>>>> START com.android.internal.os.RuntimeInit uid 0 <<<<<<
07-14 16:52:00.340 27182 27207 I System.out: --->  output : 33000
07-14 16:52:00.340 27182 27207 I System.out: zone = 0; temperature = 33000
07-14 16:52:00.340 27182 27207 V Benchmark_thread_: The benchmarking thread :------- current temperature = 33000.0
07-14 16:52:00.340 27182 27209 I System.out: ---> executing command: cat /sys/class/thermal/thermal_zone0/temp
07-14 16:52:00.340 27182 27207 V Benchmark_thread_: The benchmarking thread 0 is running with Tid : 27207
07-14 16:52:00.340 27182 27209 I System.out: ---> executing command: su cat /sys/class/thermal/thermal_zone0/temp
07-14 16:52:00.340 27182 27207 V Benchmark_thread_: The benchmarking thread 0 reached 0 workload
07-14 16:52:00.340 27182 27207 V Benchmark_thread_: The benchmarking thread : usb cable counter waiting for 10000 seconds to remove cable
07-14 16:52:00.340 27182 27207 I chatty  : uid=10791(com.opportunistask.scheduling.benchmarking_app_to_test_big_cores) T0 identical 11 lines
07-14 16:52:00.340 27182 27207 V Benchmark_thread_: The benchmarking thread : usb cable counter waiting for 10000 seconds to remove cable
07-14 16:52:00.340 27233 27233 I AndroidRuntime: Using default boot image
07-14 16:52:00.340 27233 27233 I AndroidRuntime: Leaving lock profiling enabled
07-14 16:52:00.340 27182 27207 V Benchmark_thread_: The benchmarking thread : usb cable counter waiting for 10000 seconds to remove cable
07-14 16:52:00.341 27182 27207 V Benchmark_thread_: The benchmarking thread : usb cable counter waiting for 9999 seconds to remove cable
07-14 16:52:00.341 27182 27207 I chatty  : uid=10791(com.opportunistask.scheduling.benchmarking_app_to_test_big_cores) T0 identical 21 lines
07-14 16:52:00.342 27182 27207 V Benchmark_thread_: The benchmarking thread : usb cable counter waiting for 9999 seconds to remove cable
07-14 16:52:00.342 27182 27207 V Benchmark_thread_: The benchmarking thread : usb cable counter waiting for 9998 seconds to remove cable
07-14 16:52:00.342 27182 27207 V Benchmark_thread_: The benchmarking thread : usb cable counter waiting for 9998 seconds to remove cable
07-14 16:52:00.343 27182 27207 V Benchmark_thread_: The benchmarking thread : usb cable counter waiting for 9997 seconds to remove cable
07-14 16:52:00.343 27182 27207 I chatty  : uid=10791(com.opportunistask.scheduling.benchmarking_app_to_test_big_cores) T0 identical 1 line
07-14 16:52:00.343 27182 27207 V Benchmark_thread_: The benchmarking thread : usb cable counter waiting for 9997 seconds to remove cable
07-14 16:52:00.344 27182 27207 V Benchmark_thread_: The benchmarking thread : usb cable counter waiting for 9996 seconds to remove cable
07-14 16:52:00.344 27182 27207 I chatty  : uid=10791(com.opportunistask.scheduling.benchmarking_app_to_test_big_cores) T0 identical 7 lines
07-14 16:52:00.345 27182 27207 V Benchmark_thread_: The benchmarking thread : usb cable counter waiting for 9996 seconds to remove cable
07-14 16:52:00.345 27233 27233 I app_process: Core platform API reporting enabled, enforcing=false
07-14 16:52:00.253    68    68 W [CONFIG_BEST_EFFORT_FL_TASK_SCHEDULING]: in function migration_cpu_stop, before normal migration of the task 27264 from cpu 3 to cpu 6
07-14 16:52:00.283    68    68 W [CONFIG_BEST_EFFORT_FL_TASK_SCHEDULING]: in function migration_cpu_stop, before normal migration of the task 27269 from cpu 7 to cpu 6
07-14 16:52:00.375 27182 27209 I System.out: --->  output : 33000
07-14 16:52:00.376 27182 27209 I System.out: zone = 0; temperature = 33000
07-14 16:52:00.376 27182 27209 V Benchmark_thread_: The benchmarking thread :------- current temperature = 33000.0
07-14 16:52:00.376 27182 27209 V Benchmark_thread_: The benchmarking thread 2 is running with Tid : 27209
07-14 16:52:00.376 27182 27209 V Benchmark_thread_: The benchmarking thread : usb cable counter waiting for 10000 seconds to remove cable
07-14 16:52:00.376 27182 27209 I chatty  : uid=10791(com.opportunistask.scheduling.benchmarking_app_to_test_big_cores) T2 identical 9 lines
07-14 16:52:00.376 27182 27209 V Benchmark_thread_: The benchmarking thread : usb cable counter waiting for 10000 seconds to remove cable
07-14 16:52:00.376  2070  2086 I ndroid.systemu: NativeAlloc concurrent copying GC freed 287822(12MB) AllocSpace objects, 0(0B) LOS objects, 75% free, 10MB/42MB, paused 97us total 170.053ms
07-14 16:52:00.376 27182 27209 V Benchmark_thread_: The benchmarking thread : usb cable counter waiting for 10000 seconds to remove cable
07-14 16:52:00.376 27182 27209 I chatty  : uid=10791(com.opportunistask.scheduling.benchmarking_app_to_test_big_cores) T2 identical 6 lines
07-14 16:52:00.376 27182 27209 V Benchmark_thread_: The benchmarking thread : usb cable counter waiting for 10000 seconds to remove cable
07-14 16:52:00.377 27182 27209 V Benchmark_thread_: The benchmarking thread : usb cable counter waiting for 9999 seconds to remove cable
07-14 16:52:00.377 27182 27209 I chatty  : uid=10791(com.opportunistask.scheduling.benchmarking_app_to_test_big_cores) T2 identical 13 lines
07-14 16:52:00.381 27182 27209 V Benchmark_thread_: The benchmarking thread : usb cable counter waiting for 9999 seconds to remove cable
07-14 16:52:00.403 27249 27249 D app_process: Time zone APEX ICU file found: /apex/com.android.tzdata/etc/icu/icu_tzdata.dat
07-14 16:52:00.403 27249 27249 D app_process: I18n APEX ICU file found: /apex/com.android.i18n/etc/icu/icudt66l.dat
07-14 16:52:00.404 27240 27240 D app_process: Time zone APEX ICU file found: /apex/com.android.tzdata/etc/icu/icu_tzdata.dat
07-14 16:52:00.404 27240 27240 D app_process: I18n APEX ICU file found: /apex/com.android.i18n/etc/icu/icudt66l.dat
07-14 16:52:00.421 27240 27240 I app_process: The ClassLoaderContext is a special shared library.
07-14 16:52:00.421 27249 27249 I app_process: The ClassLoaderContext is a special shared library.
07-14 16:52:00.443 27249 27249 W app_process: JNI RegisterNativeMethods: attempt to register 0 native methods for android.media.AudioAttributes
07-14 16:52:00.448 27249 27249 D AndroidRuntime: Calling main entry com.android.commands.content.Content
07-14 16:52:00.449 27240 27240 W app_process: JNI RegisterNativeMethods: attempt to register 0 native methods for android.media.AudioAttributes
07-14 16:52:00.452 27255 27255 D AndroidRuntime: >>>>>> START com.android.internal.os.RuntimeInit uid 0 <<<<<<
07-14 16:52:00.452  2070  2089 W System  : A resource failed to call release. 
07-14 16:52:00.456 27263 27263 D AndroidRuntime: >>>>>> START com.android.internal.os.RuntimeInit uid 0 <<<<<<
07-14 16:52:00.458 27255 27255 I AndroidRuntime: Using default boot image
07-14 16:52:00.458 27255 27255 I AndroidRuntime: Leaving lock profiling enabled
07-14 16:52:00.461 27263 27263 I AndroidRuntime: Using default boot image
07-14 16:52:00.461 27263 27263 I AndroidRuntime: Leaving lock profiling enabled
07-14 16:52:00.463 27263 27263 I app_process: Core platform API reporting enabled, enforcing=false
07-14 16:52:00.465 27255 27255 I app_process: Core platform API reporting enabled, enforcing=false
07-14 16:52:00.466 27240 27240 D AndroidRuntime: Calling main entry com.android.commands.content.Content
07-14 16:52:00.474 27249 27249 D AndroidRuntime: Shutting down VM
07-14 16:52:00.489 27240 27240 D AndroidRuntime: Shutting down VM
07-14 16:52:00.513 27233 27233 D app_process: Time zone APEX ICU file found: /apex/com.android.tzdata/etc/icu/icu_tzdata.dat
07-14 16:52:00.513 27233 27233 D app_process: I18n APEX ICU file found: /apex/com.android.i18n/etc/icu/icudt66l.dat
07-14 16:52:00.514  2070  2089 W System  : A resource failed to call release. 
07-14 16:52:00.533 27233 27233 I app_process: The ClassLoaderContext is a special shared library.
07-14 16:52:00.553 27255 27255 D app_process: Time zone APEX ICU file found: /apex/com.android.tzdata/etc/icu/icu_tzdata.dat
07-14 16:52:00.553 27255 27255 D app_process: I18n APEX ICU file found: /apex/com.android.i18n/etc/icu/icudt66l.dat
07-14 16:52:00.558 27255 27255 I app_process: The ClassLoaderContext is a special shared library.
07-14 16:52:00.564 27271 27271 D AndroidRuntime: >>>>>> START com.android.internal.os.RuntimeInit uid 0 <<<<<<
07-14 16:52:00.570 27271 27271 I AndroidRuntime: Using default boot image
07-14 16:52:00.570 27271 27271 I AndroidRuntime: Leaving lock profiling enabled
07-14 16:52:00.574 27233 27233 W app_process: JNI RegisterNativeMethods: attempt to register 0 native methods for android.media.AudioAttributes
07-14 16:52:00.575 27271 27271 I app_process: Core platform API reporting enabled, enforcing=false
07-14 16:52:00.587 27263 27263 D app_process: Time zone APEX ICU file found: /apex/com.android.tzdata/etc/icu/icu_tzdata.dat
07-14 16:52:00.587 27263 27263 D app_process: I18n APEX ICU file found: /apex/com.android.i18n/etc/icu/icudt66l.dat
07-14 16:52:00.589 27233 27233 D AndroidRuntime: Calling main entry com.android.commands.content.Content
07-14 16:52:00.593 27263 27263 I app_process: The ClassLoaderContext is a special shared library.
07-14 16:52:00.600 27233 27233 D AndroidRuntime: Shutting down VM
07-14 16:52:00.602 27182 27208 V Benchmark_thread_: The benchmarking thread 1 reached 10000 workload
07-14 16:52:00.602 27255 27255 W app_process: JNI RegisterNativeMethods: attempt to register 0 native methods for android.media.AudioAttributes
07-14 16:52:00.612 27255 27255 D AndroidRuntime: Calling main entry com.android.commands.content.Content
07-14 16:52:00.626 27255 27255 D AndroidRuntime: Shutting down VM
07-14 16:52:00.632 27263 27263 W app_process: JNI RegisterNativeMethods: attempt to register 0 native methods for android.media.AudioAttributes
07-14 16:52:00.643 27263 27263 D AndroidRuntime: Calling main entry com.android.commands.content.Content
07-14 16:52:00.657 27263 27263 D AndroidRuntime: Shutting down VM
07-14 16:52:00.721 27271 27271 D app_process: Time zone APEX ICU file found: /apex/com.android.tzdata/etc/icu/icu_tzdata.dat
07-14 16:52:00.721 27271 27271 D app_process: I18n APEX ICU file found: /apex/com.android.i18n/etc/icu/icudt66l.dat
07-14 16:52:00.731  5193  5317 I DataCollector: Iteration 180589
07-14 16:52:00.731  5193  5320 W CPU     : Failed to read cpu times
07-14 16:52:00.734 27271 27271 I app_process: The ClassLoaderContext is a special shared library.
07-14 16:52:00.758 27271 27271 W app_process: JNI RegisterNativeMethods: attempt to register 0 native methods for android.media.AudioAttributes
07-14 16:52:00.768 27271 27271 D AndroidRuntime: Calling main entry com.android.commands.content.Content
07-14 16:52:00.777 27271 27271 D AndroidRuntime: Shutting down VM
07-14 16:52:00.880  5250  5373 W CPU     : Failed to read cpu times
07-14 16:52:00.287    68    68 W [CONFIG_BEST_EFFORT_FL_TASK_SCHEDULING]: in function migration_cpu_stop, before normal migration of the task 27270 from cpu 7 to cpu 6
07-14 16:52:00.854     1     1 I init    : Untracked pid 27246 exited with status 0
07-14 16:52:00.866     1     1 I init    : Untracked pid 27239 exited with status 0
07-14 16:52:00.967     1     1 I init    : Untracked pid 27231 exited with status 0
07-14 16:52:00.998     1     1 I init    : Untracked pid 27254 exited with status 0
07-14 16:52:01.027     1     1 I init    : Untracked pid 27261 exited with status 0
07-14 16:52:01.129     1     1 I init    : Untracked pid 27268 exited with status 0
07-14 16:52:01.178   880   880 W healthd : battery l=100 v=4437 t=32.8 h=2 st=5 c=1525 fc=3877000 cc=44 chg=au
07-14 16:52:01.325 27182 27182 V MainActivity: Testing if threa 0 is running thread 
07-14 16:52:01.325 27182 27182 V MainActivity: Thread 0 is running with process Tid : 27207
07-14 16:52:01.325 27182 27182 V MainActivity: Testing if threa 1 is running thread 
07-14 16:52:01.325 27182 27182 V MainActivity: Thread 1 is running with process Tid : 27208
07-14 16:52:01.325 27182 27182 V MainActivity: Testing if threa 2 is running thread 
07-14 16:52:01.325 27182 27182 V MainActivity: Thread 2 is running with process Tid : 27209
07-14 16:52:01.325 27182 27182 V MainActivity: ALL THREADS ARE RUNNING
07-14 16:52:01.325 27182 27182 V MainActivity:  Threads are running, now pinning the thread 
07-14 16:52:01.325 27182 27182 V MainActivity:  Pinning thread 0 to core : 5
07-14 16:52:01.325 27182 27182 V MainActivity:  Getting byte of core 5
07-14 16:52:01.326 27182 27182 V MainActivity:  result  = 20
07-14 16:52:01.326 27182 27182 V DeviceInfo:  Pinning thread with pid 27207 to mask 20; mask used in command line 20
07-14 16:52:01.326 27182 27182 I System.out: ---> executing command: taskset -p 20 27207
07-14 16:52:01.326 27182 27182 I System.out: ---> executing command: su taskset -p 20 27207
07-14 16:52:01.340 27182 27182 I System.out: --->  output : pid 27207's current affinity mask: ff
07-14 16:52:01.340 27182 27182 I System.out: pid 27207's new affinity mask: 20
07-14 16:52:01.340 27182 27182 V MainActivity:  Pinning result = pid 27207's current affinity mask: ff
07-14 16:52:01.340 27182 27182 V MainActivity: pid 27207's new affinity mask: 20
07-14 16:52:01.340 27182 27182 V MainActivity:  Pinning thread 1 to core : 6
07-14 16:52:01.340 27182 27182 V MainActivity:  Getting byte of core 6
07-14 16:52:01.340 27182 27182 V MainActivity:  result  = 40
07-14 16:52:01.340 27182 27182 V DeviceInfo:  Pinning thread with pid 27208 to mask 40; mask used in command line 40
07-14 16:52:01.340 27182 27182 I System.out: ---> executing command: taskset -p 40 27208
07-14 16:52:01.340 27182 27182 I System.out: ---> executing command: su taskset -p 40 27208
07-14 16:52:01.268    60    60 W [CONFIG_BEST_EFFORT_FL_TASK_SCHEDULING]: in function migration_cpu_stop, before normal migration of the task 27207 from cpu 4 to cpu 5
07-14 16:52:01.278    68    68 W [CONFIG_BEST_EFFORT_FL_TASK_SCHEDULING]: in function migration_cpu_stop, before normal migration of the task 27365 from cpu 6 to cpu 3
07-14 16:52:01.362 27182 27182 I System.out: --->  output : pid 27208's current affinity mask: ff
07-14 16:52:01.362 27182 27182 I System.out: pid 27208's new affinity mask: 40
07-14 16:52:01.362 27182 27182 V MainActivity:  Pinning result = pid 27208's current affinity mask: ff
07-14 16:52:01.362 27182 27182 V MainActivity: pid 27208's new affinity mask: 40
07-14 16:52:01.362 27182 27182 V MainActivity:  Pinning thread 2 to core : 7
07-14 16:52:01.362 27182 27182 V MainActivity:  Getting byte of core 7
07-14 16:52:01.363 27182 27182 V MainActivity:  result  = ffffff80
07-14 16:52:01.363 27182 27182 V DeviceInfo:  Pinning thread with pid 27209 to mask ffffff80; mask used in command line ffffff80
07-14 16:52:01.363 27182 27182 I System.out: ---> executing command: taskset -p ffffff80 27209
07-14 16:52:01.363 27182 27182 I System.out: ---> executing command: su taskset -p ffffff80 27209
07-14 16:52:01.289    28    28 W [CONFIG_BEST_EFFORT_FL_TASK_SCHEDULING]: in function migration_cpu_stop, before normal migration of the task 27208 from cpu 7 to cpu 6
07-14 16:52:01.297    17    17 W [CONFIG_BEST_EFFORT_FL_TASK_SCHEDULING]: in function migration_cpu_stop, before normal migration of the task 27371 from cpu 2 to cpu 7
07-14 16:52:01.385 27182 27182 I System.out: --->  output : pid 27209's current affinity mask: ff
07-14 16:52:01.385 27182 27182 I System.out: pid 27209's new affinity mask: 80
07-14 16:52:01.385 27182 27182 V MainActivity:  Pinning result = pid 27209's current affinity mask: ff
07-14 16:52:01.385 27182 27182 V MainActivity: pid 27209's new affinity mask: 80
07-14 16:52:01.386 27182 27182 V MainActivity:  WRITING PERMISSION GRANTED !!!
07-14 16:52:01.473 27182 27204 I AdrenoGLES-0: QUALCOMM build                   : 4783c89, I46ff5fc46f
07-14 16:52:01.473 27182 27204 I AdrenoGLES-0: Build Date                       : 11/30/20
07-14 16:52:01.473 27182 27204 I AdrenoGLES-0: OpenGL ES Shader Compiler Version: EV031.31.04.01
07-14 16:52:01.473 27182 27204 I AdrenoGLES-0: Local Branch                     : QPR2
07-14 16:52:01.473 27182 27204 I AdrenoGLES-0: Remote Branch                    : 
07-14 16:52:01.473 27182 27204 I AdrenoGLES-0: Remote Branch                    : 
07-14 16:52:01.473 27182 27204 I AdrenoGLES-0: Reconstruct Branch               : 
07-14 16:52:01.473 27182 27204 I AdrenoGLES-0: Build Config                     : S P 10.0.4 AArch64
07-14 16:52:01.473 27182 27204 I AdrenoGLES-0: Driver Path                      : /vendor/lib64/egl/libGLESv2_adreno.so
07-14 16:52:01.480 27182 27204 I AdrenoGLES-0: PFP: 0x016dd090, ME: 0x00000000
07-14 16:52:01.481 27357 27357 D AndroidRuntime: >>>>>> START com.android.internal.os.RuntimeInit uid 0 <<<<<<
07-14 16:52:01.486 27182 27204 E Adreno-AppProfiles: Could not find QSPM HAL service
07-14 16:52:01.487 27357 27357 I AndroidRuntime: Using default boot image
07-14 16:52:01.487 27357 27357 I AndroidRuntime: Leaving lock profiling enabled
07-14 16:52:01.489 27371 27371 D AndroidRuntime: >>>>>> START com.android.internal.os.RuntimeInit uid 0 <<<<<<
07-14 16:52:01.489 27364 27364 D AndroidRuntime: >>>>>> START com.android.internal.os.RuntimeInit uid 0 <<<<<<
07-14 16:52:01.490 27182 27204 W AdrenoUtils: <ReadGpuID_from_sysfs:197>: Failed to open /sys/class/kgsl/kgsl-3d0/gpu_model
07-14 16:52:01.490 27182 27204 W AdrenoUtils: <ReadGpuID:221>: Failed to read chip ID from gpu_model. Fallback to use the GSL path
07-14 16:52:01.492 27357 27357 I app_process: Core platform API reporting enabled, enforcing=false
07-14 16:52:01.494 27371 27371 I AndroidRuntime: Using default boot image
07-14 16:52:01.494 27364 27364 I AndroidRuntime: Using default boot image
07-14 16:52:01.494 27371 27371 I AndroidRuntime: Leaving lock profiling enabled
07-14 16:52:01.494 27364 27364 I AndroidRuntime: Leaving lock profiling enabled
07-14 16:52:01.498 27371 27371 I app_process: Core platform API reporting enabled, enforcing=false
07-14 16:52:01.498 27364 27364 I app_process: Core platform API reporting enabled, enforcing=false
07-14 16:52:01.597 27182 27209 V Benchmark_thread_: The benchmarking thread 2 reached 20000 workload
07-14 16:52:01.639 27357 27357 D app_process: Time zone APEX ICU file found: /apex/com.android.tzdata/etc/icu/icu_tzdata.dat
07-14 16:52:01.639 27357 27357 D app_process: I18n APEX ICU file found: /apex/com.android.i18n/etc/icu/icudt66l.dat
07-14 16:52:01.655 27357 27357 I app_process: The ClassLoaderContext is a special shared library.
07-14 16:52:01.667 27364 27364 D app_process: Time zone APEX ICU file found: /apex/com.android.tzdata/etc/icu/icu_tzdata.dat
07-14 16:52:01.667 27364 27364 D app_process: I18n APEX ICU file found: /apex/com.android.i18n/etc/icu/icudt66l.dat
07-14 16:52:01.682  1436  1539 I ActivityTaskManager: Displayed com.opportunistask.scheduling.benchmarking_app_to_test_big_cores/.MainActivity: +2s659ms
07-14 16:52:01.683 27364 27364 I app_process: The ClassLoaderContext is a special shared library.
07-14 16:52:01.699 27371 27371 D app_process: Time zone APEX ICU file found: /apex/com.android.tzdata/etc/icu/icu_tzdata.dat
07-14 16:52:01.699 27371 27371 D app_process: I18n APEX ICU file found: /apex/com.android.i18n/etc/icu/icudt66l.dat
07-14 16:52:01.710   573   598 W ServiceManager: Permission failure: android.permission.ACCESS_SURFACE_FLINGER from uid=10791 pid=27182
07-14 16:52:01.710   573   598 D PermissionCache: checking android.permission.ACCESS_SURFACE_FLINGER for uid=10791 => denied (341 us)
07-14 16:52:01.712 27364 27364 W app_process: JNI RegisterNativeMethods: attempt to register 0 native methods for android.media.AudioAttributes
07-14 16:52:01.715 27371 27371 I app_process: The ClassLoaderContext is a special shared library.
07-14 16:52:01.720 27357 27357 W app_process: JNI RegisterNativeMethods: attempt to register 0 native methods for android.media.AudioAttributes
07-14 16:52:01.726 27364 27364 D AndroidRuntime: Calling main entry com.android.commands.content.Content
07-14 16:52:01.730 27357 27357 D AndroidRuntime: Calling main entry com.android.commands.content.Content
07-14 16:52:01.731  5193  5320 W CPU     : Failed to read cpu times
07-14 16:52:01.732  5193  5317 I DataCollector: Iteration 180590
07-14 16:52:01.744 27364 27364 D AndroidRuntime: Shutting down VM
07-14 16:52:01.746 27371 27371 W app_process: JNI RegisterNativeMethods: attempt to register 0 native methods for android.media.AudioAttributes
07-14 16:52:01.756 27371 27371 D AndroidRuntime: Calling main entry com.android.commands.content.Content
07-14 16:52:01.760 27357 27357 D AndroidRuntime: Shutting down VM
