07-14 16:52:10.901 27950 27950 D AndroidRuntime: Shutting down VM
07-14 16:52:10.552    68    68 W [CONFIG_BEST_EFFORT_FL_TASK_SCHEDULING]: in function migration_cpu_stop, before normal migration of the task 27953 from cpu 7 to cpu 6
07-14 16:52:11.060     1     1 I init    : Untracked pid 27895 exited with status 0
07-14 16:52:11.061     1     1 I init    : Untracked pid 27879 exited with status 0
07-14 16:52:11.090     1     1 I init    : Untracked pid 27906 exited with status 0
07-14 16:52:11.126     1     1 I init    : Untracked pid 27917 exited with status 0
07-14 16:52:11.194     1     1 I init    : Untracked pid 27925 exited with status 0
07-14 16:52:11.263     1     1 I init    : Untracked pid 27948 exited with status 0
07-14 16:52:11.670   887   960 D ASH     : @ 180637.608: AP has been up: last 180336754852, now 180637607906 usec
07-14 16:52:11.671   887   960 I CHRE    : @ 180637.608: [ImuCal] [NanoSensorCal:GYRO_RPS] Offset | Temperature [C]: 0.000076, 0.000419, 0.000513 | 30.48
07-14 16:52:11.672   887   960 I CHRE    : @ 180637.608: [ImuCal] [NanoSensorCal:GYRO_RPS] Temp Sensitivity: 0.000044, -0.000026, -0.000056
07-14 16:52:11.672   887   960 I CHRE    : @ 180637.608: [ImuCal] [NanoSensorCal:GYRO_RPS] Temp Intercept: -0.001312, 0.001209, 0.002217
07-14 16:52:11.732  5193  5320 W CPU     : Failed to read cpu times
07-14 16:52:11.736  5193  5317 I DataCollector: Iteration 180600
07-14 16:52:11.880  5250  5373 W CPU     : Failed to read cpu times
07-14 16:52:12.004  1436  1530 W WindowManager: Unable to start animation, surface is null or no children.
07-14 16:52:12.514  1436  2003 W NotificationService: Toast already killed. pkg=com.topjohnwu.magisk token=android.os.BinderProxy@c002bae
07-14 16:52:12.732  5193  5320 W CPU     : Failed to read cpu times
07-14 16:52:12.734  5193  5317 I DataCollector: Iteration 180601
07-14 16:52:12.736    17    17 W [CONFIG_BEST_EFFORT_FL_TASK_SCHEDULING]: in function migration_cpu_stop, before normal migration of the task 15701 from cpu 3 to cpu 4
07-14 16:52:12.738    36    36 W [CONFIG_BEST_EFFORT_FL_TASK_SCHEDULING]: in function migration_cpu_stop, before normal migration of the task 15707 from cpu 0 to cpu 4
07-14 16:52:12.738    28    28 W [CONFIG_BEST_EFFORT_FL_TASK_SCHEDULING]: in function migration_cpu_stop, before normal migration of the task 16113 from cpu 3 to cpu 4
07-14 16:52:12.739    20    20 W [CONFIG_BEST_EFFORT_FL_TASK_SCHEDULING]: in function migration_cpu_stop, before normal migration of the task 16114 from cpu 2 to cpu 4
07-14 16:52:12.739    36    36 W [CONFIG_BEST_EFFORT_FL_TASK_SCHEDULING]: in function migration_cpu_stop, before normal migration of the task 16249 from cpu 1 to cpu 4
07-14 16:52:12.880  5250  5373 W CPU     : Failed to read cpu times
07-14 16:52:13.469  1436  1436 W WindowManager: removeWindowToken: Attempted to remove non-existing token: android.os.Binder@e458fb3
07-14 16:52:13.732  5193  5320 W CPU     : Failed to read cpu times
07-14 16:52:13.733  5193  5317 I DataCollector: Iteration 180602
07-14 16:52:13.881  5250  5373 W CPU     : Failed to read cpu times
07-14 16:52:14.015  1436  1530 W WindowManager: Unable to start animation, surface is null or no children.
07-14 16:52:14.530  1436 24655 W NotificationService: Toast already killed. pkg=com.topjohnwu.magisk token=android.os.BinderProxy@93ae199
07-14 16:52:14.732  5193  5317 I DataCollector: Iteration 180603
07-14 16:52:14.732  5193  5320 W CPU     : Failed to read cpu times
07-14 16:52:14.880  5250  5373 W CPU     : Failed to read cpu times
07-14 16:52:15.481  1436  1436 W WindowManager: removeWindowToken: Attempted to remove non-existing token: android.os.Binder@f51155d
07-14 16:52:15.733  5193  5320 W CPU     : Failed to read cpu times
07-14 16:52:15.734  5193  5317 I DataCollector: Iteration 180604
07-14 16:52:15.882  5250  5373 W CPU     : Failed to read cpu times
07-14 16:52:16.026  1436  1530 W WindowManager: Unable to start animation, surface is null or no children.
07-14 16:52:16.547  1436  1475 W NotificationService: Toast already killed. pkg=com.topjohnwu.magisk token=android.os.BinderProxy@5afc10
07-14 16:52:16.732  5193  5320 W CPU     : Failed to read cpu times
07-14 16:52:16.732  5193  5317 I DataCollector: Iteration 180605
07-14 16:52:16.881  5250  5373 W CPU     : Failed to read cpu times
07-14 16:52:17.489  1436  1436 W WindowManager: removeWindowToken: Attempted to remove non-existing token: android.os.Binder@70f4cc
07-14 16:52:17.733  5193  5320 W CPU     : Failed to read cpu times
07-14 16:52:17.734  5193  5317 I DataCollector: Iteration 180606
07-14 16:52:17.882  5250  5373 W CPU     : Failed to read cpu times
07-14 16:52:18.043  1436  1530 W WindowManager: Unable to start animation, surface is null or no children.
07-14 16:52:18.567  1436  1475 W NotificationService: Toast already killed. pkg=com.topjohnwu.magisk token=android.os.BinderProxy@6ec8cc3
07-14 16:52:18.731  5193  5317 I DataCollector: Iteration 180607
07-14 16:52:18.732  5193  5320 W CPU     : Failed to read cpu times
07-14 16:52:18.881  5250  5373 W CPU     : Failed to read cpu times
07-14 16:52:19.496  1436  1436 W WindowManager: removeWindowToken: Attempted to remove non-existing token: android.os.Binder@c1e91b8
07-14 16:52:19.732  5193  5320 W CPU     : Failed to read cpu times
07-14 16:52:19.734  5193  5317 I DataCollector: Iteration 180608
07-14 16:52:19.881  5250  5373 W CPU     : Failed to read cpu times
07-14 16:52:20.057  1436  1530 W WindowManager: Unable to start animation, surface is null or no children.
07-14 16:52:20.582  1436  1475 W NotificationService: Toast already killed. pkg=com.topjohnwu.magisk token=android.os.BinderProxy@48e9a22
07-14 16:52:20.731  5193  5320 W CPU     : Failed to read cpu times
07-14 16:52:20.732  5193  5317 I DataCollector: Iteration 180609
07-14 16:52:20.880  5250  5373 W CPU     : Failed to read cpu times
07-14 16:52:21.503  1436  1436 W WindowManager: removeWindowToken: Attempted to remove non-existing token: android.os.Binder@9071164
07-14 16:52:21.733  5193  5320 W CPU     : Failed to read cpu times
07-14 16:52:21.734  5193  5317 I DataCollector: Iteration 180610
07-14 16:52:21.882  5250  5373 W CPU     : Failed to read cpu times
07-14 16:52:22.077  1436  1530 W WindowManager: Unable to start animation, surface is null or no children.
07-14 16:52:22.594  1436 24655 W NotificationService: Toast already killed. pkg=com.topjohnwu.magisk token=android.os.BinderProxy@9fa6a5d
07-14 16:52:22.731  5193  5320 W CPU     : Failed to read cpu times
07-14 16:52:22.732  5193  5317 I DataCollector: Iteration 180611
07-14 16:52:22.881  5250  5373 W CPU     : Failed to read cpu times
07-14 16:52:23.512  1436  1436 W WindowManager: removeWindowToken: Attempted to remove non-existing token: android.os.Binder@d21dbc9
07-14 16:52:23.732  5193  5320 W CPU     : Failed to read cpu times
07-14 16:52:23.733  5193  5317 I DataCollector: Iteration 180612
07-14 16:52:23.881  5250  5373 W CPU     : Failed to read cpu times
07-14 16:52:24.093  1436  1530 W WindowManager: Unable to start animation, surface is null or no children.
07-14 16:52:24.607  1436  2003 W NotificationService: Toast already killed. pkg=com.topjohnwu.magisk token=android.os.BinderProxy@4d0da64
07-14 16:52:24.732  5193  5320 W CPU     : Failed to read cpu times
07-14 16:52:24.732  5193  5317 I DataCollector: Iteration 180613
07-14 16:52:24.880  5250  5373 W CPU     : Failed to read cpu times
07-14 16:52:25.527  1436  1436 W WindowManager: removeWindowToken: Attempted to remove non-existing token: android.os.Binder@16c78ad
07-14 16:52:25.731  5193  5320 W CPU     : Failed to read cpu times
07-14 16:52:25.742  5193  5317 I DataCollector: Iteration 180614
07-14 16:52:25.881  5250  5373 W CPU     : Failed to read cpu times
07-14 16:52:26.104  1436  1530 W WindowManager: Unable to start animation, surface is null or no children.
07-14 16:52:26.622  1436 24655 W NotificationService: Toast already killed. pkg=com.topjohnwu.magisk token=android.os.BinderProxy@7605b3d
07-14 16:52:26.731  5193  5320 W CPU     : Failed to read cpu times
07-14 16:52:26.732  5193  5317 I DataCollector: Iteration 180615
07-14 16:52:26.880  5250  5373 W CPU     : Failed to read cpu times
07-14 16:52:27.543  1436  1436 W WindowManager: removeWindowToken: Attempted to remove non-existing token: android.os.Binder@bbcd55c
07-14 16:52:27.732  5193  5320 W CPU     : Failed to read cpu times
07-14 16:52:27.732  5193  5317 I DataCollector: Iteration 180616
07-14 16:52:27.880  5250  5373 W CPU     : Failed to read cpu times
07-14 16:52:28.119  1436  1530 W WindowManager: Unable to start animation, surface is null or no children.
07-14 16:52:28.639  1436 24655 W NotificationService: Toast already killed. pkg=com.topjohnwu.magisk token=android.os.BinderProxy@c715ac4
07-14 16:52:28.731  5193  5320 W CPU     : Failed to read cpu times
07-14 16:52:28.732  5193  5317 I DataCollector: Iteration 180617
07-14 16:52:28.880  5250  5373 W CPU     : Failed to read cpu times
07-14 16:52:29.562  1436  1436 W WindowManager: removeWindowToken: Attempted to remove non-existing token: android.os.Binder@3efeb48
07-14 16:52:29.732  5193  5320 W CPU     : Failed to read cpu times
07-14 16:52:29.734  5193  5317 I DataCollector: Iteration 180618
07-14 16:52:29.881  5250  5373 W CPU     : Failed to read cpu times
07-14 16:52:30.133  1436  1530 W WindowManager: Unable to start animation, surface is null or no children.
07-14 16:52:30.651  1436 24655 W NotificationService: Toast already killed. pkg=com.topjohnwu.magisk token=android.os.BinderProxy@ded6ec7
07-14 16:52:12.740    20    20 W [CONFIG_BEST_EFFORT_FL_TASK_SCHEDULING]: in function migration_cpu_stop, before normal migration of the task 16250 from cpu 3 to cpu 4
07-14 16:52:30.581    20    20 W [CONFIG_BEST_EFFORT_FL_TASK_SCHEDULING]: in function migration_cpu_stop, before normal migration of the task 24752 from cpu 1 to cpu 4
07-14 16:52:30.582    68    68 W [CONFIG_BEST_EFFORT_FL_TASK_SCHEDULING]: in function migration_cpu_stop, before normal migration of the task 24811 from cpu 1 to cpu 4
07-14 16:52:30.582    20    20 W [CONFIG_BEST_EFFORT_FL_TASK_SCHEDULING]: in function migration_cpu_stop, before normal migration of the task 24812 from cpu 7 to cpu 4
07-14 16:52:30.582    20    20 W [CONFIG_BEST_EFFORT_FL_TASK_SCHEDULING]: in function migration_cpu_stop, before normal migration of the task 25128 from cpu 1 to cpu 4
07-14 16:52:30.583    17    17 W [CONFIG_BEST_EFFORT_FL_TASK_SCHEDULING]: in function migration_cpu_stop, before normal migration of the task 25191 from cpu 1 to cpu 4
07-14 16:52:30.583    20    20 W [CONFIG_BEST_EFFORT_FL_TASK_SCHEDULING]: in function migration_cpu_stop, before normal migration of the task 25195 from cpu 0 to cpu 4
07-14 16:52:30.731  5193  5320 W CPU     : Failed to read cpu times
07-14 16:52:30.731  5193  5317 I DataCollector: Iteration 180619
07-14 16:52:30.880  5250  5373 W CPU     : Failed to read cpu times
07-14 16:52:31.579  1436  1436 W WindowManager: removeWindowToken: Attempted to remove non-existing token: android.os.Binder@b5c1402
07-14 16:52:31.732  5193  5320 W CPU     : Failed to read cpu times
07-14 16:52:31.735  5193  5317 I DataCollector: Iteration 180620
07-14 16:52:31.882  5250  5373 W CPU     : Failed to read cpu times
07-14 16:52:32.150  1436  1530 W WindowManager: Unable to start animation, surface is null or no children.
07-14 16:52:32.733  5193  5320 W CPU     : Failed to read cpu times
07-14 16:52:32.735  5193  5317 I DataCollector: Iteration 180621
07-14 16:52:32.882  5250  5373 W CPU     : Failed to read cpu times
07-14 16:52:33.591  1436  1436 W WindowManager: removeWindowToken: Attempted to remove non-existing token: android.os.Binder@2c9c549
07-14 16:52:33.734  5193  5317 I DataCollector: Iteration 180622
07-14 16:52:33.735  5193  5320 W CPU     : Failed to read cpu times
07-14 16:52:33.882  5250  5373 W CPU     : Failed to read cpu times
07-14 16:52:34.733  5193  5320 W CPU     : Failed to read cpu times
07-14 16:52:34.733  5193  5317 I DataCollector: Iteration 180623
07-14 16:52:34.882  5250  5373 W CPU     : Failed to read cpu times
07-14 16:52:35.604  1436  1436 W WindowManager: removeWindowToken: Attempted to remove non-existing token: android.os.Binder@133407c
07-14 16:52:35.733  5193  5320 W CPU     : Failed to read cpu times
07-14 16:52:35.733  5193  5317 I DataCollector: Iteration 180624
07-14 16:52:35.881  5250  5373 W CPU     : Failed to read cpu times
07-14 16:52:36.733  5193  5320 W CPU     : Failed to read cpu times
07-14 16:52:36.734  5193  5317 I DataCollector: Iteration 180625
07-14 16:52:36.881  5250  5373 W CPU     : Failed to read cpu times
07-14 16:52:37.621  1436  1436 W WindowManager: removeWindowToken: Attempted to remove non-existing token: android.os.Binder@cd437bd
07-14 16:52:37.733  5193  5320 W CPU     : Failed to read cpu times
07-14 16:52:37.734  5193  5317 I DataCollector: Iteration 180626
07-14 16:52:37.881  5250  5373 W CPU     : Failed to read cpu times
07-14 16:52:38.732  5193  5320 W CPU     : Failed to read cpu times
07-14 16:52:38.733  5193  5317 I DataCollector: Iteration 180627
07-14 16:52:38.772   896   918 D rlsservice: MonitorDisplayStatus client num 0, display status 1, sensor status 0
07-14 16:52:38.881  5250  5373 W CPU     : Failed to read cpu times
07-14 16:52:39.638  1436  1436 W WindowManager: removeWindowToken: Attempted to remove non-existing token: android.os.Binder@605c0ac
07-14 16:52:39.733  5193  5320 W CPU     : Failed to read cpu times
07-14 16:52:39.734  5193  5317 I DataCollector: Iteration 180628
07-14 16:52:39.882  5250  5373 W CPU     : Failed to read cpu times
07-14 16:52:39.935   887   960 D ASH     : @ 180665.872: SensorType 195 resampler quality 1
07-14 16:52:40.733  5193  5320 W CPU     : Failed to read cpu times
07-14 16:52:40.739  5193  5317 I DataCollector: Iteration 180629
07-14 16:52:40.881  5250  5373 W CPU     : Failed to read cpu times
07-14 16:52:41.649  1436  1436 W WindowManager: removeWindowToken: Attempted to remove non-existing token: android.os.Binder@3643b98
07-14 16:52:41.733  5193  5320 W CPU     : Failed to read cpu times
07-14 16:52:41.734  5193  5317 I DataCollector: Iteration 180630
07-14 16:52:41.881  5250  5373 W CPU     : Failed to read cpu times
07-14 16:52:42.733  5193  5320 W CPU     : Failed to read cpu times
07-14 16:52:42.734  5193  5317 I DataCollector: Iteration 180631
07-14 16:52:42.881  5250  5373 W CPU     : Failed to read cpu times
07-14 16:52:43.732  5193  5320 W CPU     : Failed to read cpu times
07-14 16:52:43.733  5193  5317 I DataCollector: Iteration 180632
07-14 16:52:43.882  5250  5373 W CPU     : Failed to read cpu times
07-14 16:52:44.731  5193  5320 W CPU     : Failed to read cpu times
07-14 16:52:44.732  5193  5317 I DataCollector: Iteration 180633
07-14 16:52:44.880  5250  5373 W CPU     : Failed to read cpu times
07-14 16:52:44.947   887   960 D CHRE    : @ 180670.885: [ImuCal] Dynamic sensor configuration: high-performance.
07-14 16:52:45.731  5193  5320 W CPU     : Failed to read cpu times
07-14 16:52:45.732  5193  5317 I DataCollector: Iteration 180634
07-14 16:52:45.880  5250  5373 W CPU     : Failed to read cpu times
07-14 16:52:46.733  5193  5320 W CPU     : Failed to read cpu times
07-14 16:52:46.733  5193  5317 I DataCollector: Iteration 180635
07-14 16:52:46.880  5250  5373 W CPU     : Failed to read cpu times
07-14 16:52:47.731  5193  5320 W CPU     : Failed to read cpu times
07-14 16:52:47.733  5193  5317 I DataCollector: Iteration 180636
07-14 16:52:47.881  5250  5373 W CPU     : Failed to read cpu times
07-14 16:52:48.311   880   880 I android.hardware.health@2.1-service: Recording a sample at time 180661
07-14 16:52:30.584    20    20 W [CONFIG_BEST_EFFORT_FL_TASK_SCHEDULING]: in function migration_cpu_stop, before normal migration of the task 27273 from cpu 1 to cpu 4
07-14 16:52:48.246   880   880 W healthd : battery l=100 v=4436 t=32.9 h=2 st=5 c=2136 fc=3877000 cc=44 chg=au
07-14 16:52:48.733  5193  5320 W CPU     : Failed to read cpu times
07-14 16:52:48.734  5193  5317 I DataCollector: Iteration 180637
07-14 16:52:48.882  5250  5373 W CPU     : Failed to read cpu times
07-14 16:52:49.733  5193  5320 W CPU     : Failed to read cpu times
07-14 16:52:49.734  5193  5317 I DataCollector: Iteration 180638
07-14 16:52:49.882  5250  5373 W CPU     : Failed to read cpu times
07-14 16:52:50.733  5193  5317 I DataCollector: Iteration 180639
07-14 16:52:50.734  5193  5320 W CPU     : Failed to read cpu times
07-14 16:52:50.881  5250  5373 W CPU     : Failed to read cpu times
07-14 16:52:51.733  5193  5320 W CPU     : Failed to read cpu times
07-14 16:52:51.735  5193  5317 I DataCollector: Iteration 180640
07-14 16:52:51.882  5250  5373 W CPU     : Failed to read cpu times
07-14 16:52:52.732  5193  5320 W CPU     : Failed to read cpu times
07-14 16:52:52.733  5193  5317 I DataCollector: Iteration 180641
07-14 16:52:52.882  5250  5373 W CPU     : Failed to read cpu times
07-14 16:52:53.732  5193  5320 W CPU     : Failed to read cpu times
07-14 16:52:53.734  5193  5317 I DataCollector: Iteration 180642
07-14 16:52:53.882  5250  5373 W CPU     : Failed to read cpu times
07-14 16:52:54.733  5193  5320 W CPU     : Failed to read cpu times
07-14 16:52:54.733  5193  5317 I DataCollector: Iteration 180643
07-14 16:52:54.881  5250  5373 W CPU     : Failed to read cpu times
07-14 16:52:55.732  5193  5320 W CPU     : Failed to read cpu times
07-14 16:52:55.739  5193  5317 I DataCollector: Iteration 180644
07-14 16:52:55.881  5250  5373 W CPU     : Failed to read cpu times
07-14 16:52:56.733  5193  5320 W CPU     : Failed to read cpu times
07-14 16:52:56.734  5193  5317 I DataCollector: Iteration 180645
07-14 16:52:56.881  5250  5373 W CPU     : Failed to read cpu times
07-14 16:52:57.732  5193  5320 W CPU     : Failed to read cpu times
07-14 16:52:57.733  5193  5317 I DataCollector: Iteration 180646
07-14 16:52:57.880  5250  5373 W CPU     : Failed to read cpu times
07-14 16:52:58.002  3156  7705 I MediaProvider: Deleted 1 items on external_primary due to com.android.shell
07-14 16:52:58.015  3156  3852 I MediaProvider: Deleted 1 items on external_primary due to com.android.shell
07-14 16:52:58.025  3156  3319 I MediaProvider: Invalidating LocalCallingIdentity cache for package com.opportunistask.scheduling.benchmarking_app_to_test_big_cores. Reason: owned_database_row_deleted:/storage/emulated/0/experiments_automatization/app_output_folder/27208_started
07-14 16:52:58.027  3156  3319 I MediaProvider: Deleted 1 items on external_primary due to com.android.shell
07-14 16:52:58.032  3156  3852 I MediaProvider: Invalidating LocalCallingIdentity cache for package com.opportunistask.scheduling.benchmarking_app_to_test_big_cores. Reason: owned_database_row_deleted:/storage/emulated/0/experiments_automatization/app_output_folder/27207_started
07-14 16:52:58.034  3156  3852 I MediaProvider: Deleted 1 items on external_primary due to com.android.shell
07-14 16:52:58.039  3156  7705 I MediaProvider: Invalidating LocalCallingIdentity cache for package com.opportunistask.scheduling.benchmarking_app_to_test_big_cores. Reason: owned_database_row_deleted:/storage/emulated/0/experiments_automatization/app_output_folder/27209_started
07-14 16:52:58.041  3156  7705 I MediaProvider: Deleted 1 items on external_primary due to com.android.shell
07-14 16:52:58.045  3156  3320 I MediaProvider: Invalidating LocalCallingIdentity cache for package com.opportunistask.scheduling.benchmarking_app_to_test_big_cores. Reason: owned_database_row_deleted:/storage/emulated/0/experiments_automatization/app_output_folder/27208_ended
07-14 16:52:58.056  3156  3320 I MediaProvider: Deleted 1 items on external_primary due to com.android.shell
07-14 16:52:58.061  3156  3852 I MediaProvider: Invalidating LocalCallingIdentity cache for package com.opportunistask.scheduling.benchmarking_app_to_test_big_cores. Reason: owned_database_row_deleted:/storage/emulated/0/experiments_automatization/app_output_folder/27207_ended
07-14 16:52:58.062  3156  3852 I MediaProvider: Deleted 1 items on external_primary due to com.android.shell
07-14 16:52:58.067  3156  3320 I MediaProvider: Invalidating LocalCallingIdentity cache for package com.opportunistask.scheduling.benchmarking_app_to_test_big_cores. Reason: owned_database_row_deleted:/storage/emulated/0/experiments_automatization/app_output_folder/27209_ended
07-14 16:52:58.069  3156  3320 I MediaProvider: Deleted 1 items on external_primary due to com.android.shell
07-14 16:52:58.507  1436  1540 I ActivityManager: Force stopping com.opportunistask.scheduling.benchmarking_app_to_test_big_cores appid=10791 user=-1: deletePackageX
07-14 16:52:58.508  1436  1540 I ActivityManager: Killing 27182:com.opportunistask.scheduling.benchmarking_app_to_test_big_cores/u0a791 (adj 0): stop com.opportunistask.scheduling.benchmarking_app_to_test_big_cores due to deletePackageX
07-14 16:52:58.509  1436  1540 W ActivityTaskManager: Force removing ActivityRecord{cbfe6f u0 com.opportunistask.scheduling.benchmarking_app_to_test_big_cores/.MainActivity t200 f}}: app died, no saved state
07-14 16:52:58.520   773   773 I Zygote  : Process 27182 exited due to signal 9 (Killed)
07-14 16:52:58.427    20    20 W [CONFIG_BEST_EFFORT_FL_TASK_SCHEDULING]: in function migration_cpu_stop, before normal migration of the task 28046 from cpu 1 to cpu 7
07-14 16:52:58.450 25500 25500 I binder  : undelivered transaction 2956297, process died.
07-14 16:52:58.532  1436  1557 I libprocessgroup: Successfully killed process cgroup uid 10791 pid 27182 in 22ms
07-14 16:52:58.607  1088  1088 I keystore: clear_uid 10791
07-14 16:52:58.608  1436  1723 D PackageManager: Instant App installer not found with android.intent.action.INSTALL_INSTANT_APP_PACKAGE
07-14 16:52:58.608  1436  1723 D PackageManager: Clear ephemeral installer activity
07-14 16:52:58.608  1436  1723 E PermissionMonitor: unknown permission type: -1for uid: 10791
07-14 16:52:58.626  1436  1530 W system_server: Long monitor contention with owner ActivityManager (1540) at void com.android.server.am.ActivityManagerService$MainHandler.handleMessage(android.os.Message)(ActivityManagerService.java:1832) waiters=1 in void com.android.server.am.ActivityManagerService$LocalService.updateActivityUsageStats(android.content.ComponentName, int, int, android.os.IBinder, android.content.ComponentName) for 117ms
07-14 16:52:58.626  1436  4591 W ActivityManager: Unable to start service Intent { act=com.android.launcher3.WINDOW_OVERLAY dat=app://com.android.launcher3:10185?v=9&cv=14 pkg=com.google.android.googlequicksearchbox } U=0: not found
07-14 16:52:58.627  1436  1528 W Looper  : Slow dispatch took 119ms android.ui h=com.android.server.am.ActivityManagerService$UiHandler c=null m=53
07-14 16:52:58.628  1436  1530 W ActivityManager: setHasOverlayUi called on unknown pid: 27182
07-14 16:52:58.731  5193  5320 W CPU     : Failed to read cpu times
07-14 16:52:58.731  5193  5317 I DataCollector: Iteration 180647
07-14 16:52:58.812  1436  1723 I system_server: Explicit concurrent copying GC freed 225746(9623KB) AllocSpace objects, 58(1544KB) LOS objects, 75% free, 13MB/55MB, paused 210us total 203.628ms
07-14 16:52:58.816  1436  1723 I ActivityManager: Force stopping com.opportunistask.scheduling.benchmarking_app_to_test_big_cores appid=10791 user=0: pkg removed
07-14 16:52:58.816  1436  1450 W System  : A resource failed to call release. 
07-14 16:52:58.817  1436  1450 I chatty  : uid=1000(system) FinalizerDaemon identical 4 lines
07-14 16:52:58.817  1436  1450 W System  : A resource failed to call release. 
07-14 16:52:58.880  5250  5373 W CPU     : Failed to read cpu times
07-14 16:52:58.887  7265  7265 I abb     : StartCommandInProcess(73657474696e67730067657400656e61 settings.get.ena [truncated])
07-14 16:52:58.889  7265  7281 I abb     : oneway function results will be dropped but finished with status OK and parcel size 4
07-14 16:52:58.886  1436  1436 W Binder:1436_1: type=1400 audit(0.0:5634): avc: denied { getopt } for scontext=u:r:system_server:s0 tcontext=u:r:shell:s0 tclass=unix_stream_socket permissive=0
07-14 16:52:58.893  7265  7265 I abb     : StartCommandInProcess(7061636b61676500696e7374616c6c00 package.install. [truncated])
07-14 16:52:58.909  3156  3156 I MediaProvider: Invalidating LocalCallingIdentity cache for package com.opportunistask.scheduling.benchmarking_app_to_test_big_cores. Reason: package android.intent.action.PACKAGE_REMOVED
07-14 16:52:58.910  1436  1962 V StorageManagerService: Package com.opportunistask.scheduling.benchmarking_app_to_test_big_cores does not have legacy storage
07-14 16:52:58.916  1436  1526 I RoleManagerService: Granting default roles...
07-14 16:52:58.918  2460  2581 W EuiccConnector: No valid EuiccService implementation found
07-14 16:52:58.920  1436  1919 I RollbackManager: broadcast=ACTION_PACKAGE_FULLY_REMOVED pkg=com.opportunistask.scheduling.benchmarking_app_to_test_big_cores
07-14 16:52:58.920  1436  1540 W BroadcastQueue: Background execution not allowed: receiving Intent { act=android.intent.action.PACKAGE_REMOVED dat=package:com.opportunistask.scheduling.benchmarking_app_to_test_big_cores flg=0x4000010 (has extras) } to org.lineageos.audiofx/.Compatibility$Receiver
07-14 16:52:58.920  2046  2046 V AvrcpMediaPlayerList: mPackageChangedBroadcastReceiver: action: android.intent.action.PACKAGE_REMOVED
07-14 16:52:58.924  1436  1540 W BroadcastQueue: Background execution not allowed: receiving Intent { act=android.intent.action.PACKAGE_REMOVED dat=package:com.opportunistask.scheduling.benchmarking_app_to_test_big_cores flg=0x4000010 (has extras) } to com.antutu.ABenchMark/com.taobao.accs.EventReceiver
07-14 16:52:58.924  1436  1540 W BroadcastQueue: Background execution not allowed: receiving Intent { act=android.intent.action.PACKAGE_REMOVED dat=package:com.opportunistask.scheduling.benchmarking_app_to_test_big_cores flg=0x4000010 (has extras) } to com.antutu.ABenchMark/com.taobao.agoo.AgooCommondReceiver
07-14 16:52:58.924  1436  1540 W BroadcastQueue: Background execution not allowed: receiving Intent { act=android.intent.action.PACKAGE_REMOVED dat=package:com.opportunistask.scheduling.benchmarking_app_to_test_big_cores flg=0x4000010 (has extras) } to com.antutu.aibenchmark/com.taobao.accs.EventReceiver
07-14 16:52:58.925  1436  1540 W BroadcastQueue: Background execution not allowed: receiving Intent { act=android.intent.action.PACKAGE_REMOVED dat=package:com.opportunistask.scheduling.benchmarking_app_to_test_big_cores flg=0x4000010 (has extras) } to com.antutu.aibenchmark/com.taobao.agoo.AgooCommondReceiver
07-14 16:52:58.926  3188  3188 D RegisteredNfcFServicesCache: Service unchanged, not updating
07-14 16:52:58.932  5687  5713 I LatinIME:LogUtils: Dictionary info: dictionary = main:en_us ; version = 54 ; date = 1414726260
07-14 16:52:58.934  1436  1436 W WifiService: Couldn't get PackageInfo for package:com.opportunistask.scheduling.benchmarking_app_to_test_big_cores
07-14 16:52:58.934  1436  1436 D WifiService: Remove settings for package:com.opportunistask.scheduling.benchmarking_app_to_test_big_cores
07-14 16:52:58.934  1436  1977 D WifiConfigManager: Remove all networks for app ApplicationInfo{ae0fbe4 com.opportunistask.scheduling.benchmarking_app_to_test_big_cores}
07-14 16:52:58.935  1436  1436 W WifiService: Couldn't get PackageInfo for package:com.opportunistask.scheduling.benchmarking_app_to_test_big_cores
07-14 16:52:58.935  1436  1436 D WifiService: Remove settings for package:com.opportunistask.scheduling.benchmarking_app_to_test_big_cores
07-14 16:52:58.936  1436  1436 I ConditionProviders: Disallowing condition provider com.opportunistask.scheduling.benchmarking_app_to_test_big_cores
07-14 16:52:58.867    17    17 W [CONFIG_BEST_EFFORT_FL_TASK_SCHEDULING]: in function migration_cpu_stop, before normal migration of the task 24668 from cpu 0 to cpu 4
07-14 16:52:58.940   953  1182 D AF::TrackHandle: OpPlayAudio: track:58 usage:13 not muted
07-14 16:52:58.940   953   953 D AF::TrackHandle: OpPlayAudio: track:55 usage:3 not muted
07-14 16:52:58.940   953  1182 D AF::TrackHandle: OpPlayAudio: track:58 usage:13 not muted
07-14 16:52:58.941  1436  1952 I InputReader: Reconfiguring input devices, changes=KEYBOARD_LAYOUTS | 
07-14 16:52:58.941  1436  1977 D WifiConfigStore: Writing to stores completed in 7 ms.
07-14 16:52:58.941  1436  1977 I PasspointManager: No app ops listener found for com.opportunistask.scheduling.benchmarking_app_to_test_big_cores
07-14 16:52:58.941  1436  1977 D WifiConfigManager: Remove all networks for app ApplicationInfo{431d405 com.opportunistask.scheduling.benchmarking_app_to_test_big_cores}
07-14 16:52:58.942   953  7280 D AF::TrackHandle: OpPlayAudio: track:64 usage:13 not muted
07-14 16:52:58.942   953  7280 D AF::TrackHandle: OpPlayAudio: track:64 usage:13 not muted
07-14 16:52:58.942   953  1182 D AF::TrackHandle: OpPlayAudio: track:58 usage:13 not muted
07-14 16:52:58.942   953  7280 D AF::TrackHandle: OpPlayAudio: track:64 usage:13 not muted
07-14 16:52:58.942   953  7280 D AF::TrackHandle: OpPlayAudio: track:64 usage:13 not muted
07-14 16:52:58.943  1436  1973 W BestClock: java.time.DateTimeException: Missing NTP fix
07-14 16:52:58.943   953  7280 D AF::TrackHandle: OpPlayAudio: track:64 usage:13 not muted
07-14 16:52:58.944   953   953 D AF::TrackHandle: OpPlayAudio: track:55 usage:3 not muted
07-14 16:52:58.944   953  7280 D AF::TrackHandle: OpPlayAudio: track:64 usage:13 not muted
07-14 16:52:58.944   953 15562 D AF::TrackHandle: OpPlayAudio: track:58 usage:13 not muted
07-14 16:52:58.944   953   953 D AF::TrackHandle: OpPlayAudio: track:55 usage:3 not muted
07-14 16:52:58.944   953 15562 D AF::TrackHandle: OpPlayAudio: track:58 usage:13 not muted
07-14 16:52:58.945   953 15562 I chatty  : uid=1041(audioserver) Binder:953_9 identical 3 lines
07-14 16:52:58.945   953 15562 D AF::TrackHandle: OpPlayAudio: track:58 usage:13 not muted
07-14 16:52:58.945   953   953 D AF::TrackHandle: OpPlayAudio: track:55 usage:3 not muted
07-14 16:52:58.945   953 15562 D AF::TrackHandle: OpPlayAudio: track:58 usage:13 not muted
07-14 16:52:58.945   953   953 D AF::TrackHandle: OpPlayAudio: track:55 usage:3 not muted
07-14 16:52:58.945   953  7280 D AF::TrackHandle: OpPlayAudio: track:64 usage:13 not muted
07-14 16:52:58.945   953 15562 D AF::TrackHandle: OpPlayAudio: track:58 usage:13 not muted
07-14 16:52:58.945   953   953 D AF::TrackHandle: OpPlayAudio: track:55 usage:3 not muted
07-14 16:52:58.945   953 15562 D AF::TrackHandle: OpPlayAudio: track:58 usage:13 not muted
07-14 16:52:58.945   953 15562 D AF::TrackHandle: OpPlayAudio: track:58 usage:13 not muted
07-14 16:52:58.946   953   953 D AF::TrackHandle: OpPlayAudio: track:55 usage:3 not muted
07-14 16:52:58.946   953  7280 D AF::TrackHandle: OpPlayAudio: track:64 usage:13 not muted
07-14 16:52:58.947   953  7280 D AF::TrackHandle: OpPlayAudio: track:64 usage:13 not muted
07-14 16:52:58.947   953   953 D AF::TrackHandle: OpPlayAudio: track:55 usage:3 not muted
07-14 16:52:58.947   953  7280 D AF::TrackHandle: OpPlayAudio: track:64 usage:13 not muted
07-14 16:52:58.947   953  7280 D AF::TrackHandle: OpPlayAudio: track:64 usage:13 not muted
07-14 16:52:58.947   953  2014 D AF::TrackHandle: OpPlayAudio: track:58 usage:13 not muted
07-14 16:52:58.947   953  7280 D AF::TrackHandle: OpPlayAudio: track:64 usage:13 not muted
07-14 16:52:58.947   953  2014 D AF::TrackHandle: OpPlayAudio: track:58 usage:13 not muted
07-14 16:52:58.947   953  7280 D AF::TrackHandle: OpPlayAudio: track:64 usage:13 not muted
07-14 16:52:58.947   953  2014 D AF::TrackHandle: OpPlayAudio: track:58 usage:13 not muted
07-14 16:52:58.948   953  7280 D AF::TrackHandle: OpPlayAudio: track:64 usage:13 not muted
07-14 16:52:58.948   953  7280 I chatty  : uid=1041(audioserver) Binder:953_6 identical 1 line
07-14 16:52:58.948   953  7280 D AF::TrackHandle: OpPlayAudio: track:64 usage:13 not muted
07-14 16:52:58.948   953   953 D AF::TrackHandle: OpPlayAudio: track:55 usage:3 not muted
07-14 16:52:58.948   953   953 D AF::TrackHandle: OpPlayAudio: track:55 usage:3 not muted
07-14 16:52:58.948  1436  1973 W BestClock: java.time.DateTimeException: Missing NTP fix
07-14 16:52:58.948   953   953 D AF::TrackHandle: OpPlayAudio: track:55 usage:3 not muted
07-14 16:52:58.950   953   953 I chatty  : uid=1041(audioserver) /system/bin/audioserver identical 8 lines
07-14 16:52:58.950   953   953 D AF::TrackHandle: OpPlayAudio: track:55 usage:3 not muted
07-14 16:52:58.950  1436  1977 D WifiConfigStore: Writing to stores completed in 8 ms.
07-14 16:52:58.950  1436  1977 I PasspointManager: No app ops listener found for com.opportunistask.scheduling.benchmarking_app_to_test_big_cores
07-14 16:52:58.951   953   953 D AF::TrackHandle: OpPlayAudio: track:55 usage:3 not muted
07-14 16:52:58.952  2460  2460 E PhoneInterfaceManager: [PhoneIntfMgr] getCarrierPackageNamesForIntentAndPhone: No UICC
07-14 16:52:58.952  2460  2460 D CarrierSvcBindHelper: No carrier app for: 0
07-14 16:52:58.956  1436  1539 W Searchables: No global search activity found
07-14 16:52:58.956  1436  1974 W BestClock: java.time.DateTimeException: Missing NTP fix
07-14 16:52:58.957  1436  1974 W BestClock: java.time.DateTimeException: Missing NTP fix
07-14 16:52:58.965  2540  2540 D Launcher.Model: package removed received com.opportunistask.scheduling.benchmarking_app_to_test_big_cores
07-14 16:52:58.966  2540  2632 D PackageUpdatedTask: Removing app iconcom.opportunistask.scheduling.benchmarking_app_to_test_big_cores
07-14 16:52:58.967  3156  5378 I MediaProvider: Begin Intent { act=android.intent.action.PACKAGE_FULLY_REMOVED dat=package:com.opportunistask.scheduling.benchmarking_app_to_test_big_cores flg=0x5000010 cmp=com.android.providers.media.module/com.android.providers.media.MediaService (has extras) }
07-14 16:52:58.968  3156  5378 I MediaProvider: End Intent { act=android.intent.action.PACKAGE_FULLY_REMOVED dat=package:com.opportunistask.scheduling.benchmarking_app_to_test_big_cores flg=0x5000010 cmp=com.android.providers.media.module/com.android.providers.media.MediaService (has extras) }
07-14 16:52:58.973  2540  2632 D ModelWriter: removing items from db 
07-14 16:52:58.973  2540  2632 D ModelWriter: java.lang.Exception
07-14 16:52:58.973  2540  2632 D ModelWriter: 	at com.android.launcher3.model.ModelWriter.deleteItemsFromDatabase(ModelWriter.java:272)
07-14 16:52:58.973  2540  2632 D ModelWriter: 	at com.android.launcher3.model.ModelWriter.deleteItemsFromDatabase(ModelWriter.java:262)
07-14 16:52:58.973  2540  2632 D ModelWriter: 	at com.android.launcher3.model.BaseModelUpdateTask.deleteAndBindComponentsRemoved(BaseModelUpdateTask.java:111)
07-14 16:52:58.973  2540  2632 D ModelWriter: 	at com.android.launcher3.model.PackageUpdatedTask.execute(PackageUpdatedTask.java:323)
07-14 16:52:58.973  2540  2632 D ModelWriter: 	at com.android.launcher3.model.BaseModelUpdateTask.run(BaseModelUpdateTask.java:67)
07-14 16:52:58.973  2540  2632 D ModelWriter: 	at android.os.Handler.handleCallback(Handler.java:938)
07-14 16:52:58.973  2540  2632 D ModelWriter: 	at android.os.Handler.dispatchMessage(Handler.java:99)
07-14 16:52:58.973  2540  2632 D ModelWriter: 	at android.os.Looper.loop(Looper.java:223)
07-14 16:52:58.973  2540  2632 D ModelWriter: 	at android.os.HandlerThread.run(HandlerThread.java:67)
07-14 16:52:59.161  1436  1526 W Looper  : Slow delivery took 208ms android.fg h=android.os.Handler c=<recycled PooledLambda@1c10dc8> m=0
07-14 16:52:59.732  5193  5320 W CPU     : Failed to read cpu times
07-14 16:52:59.734  5193  5317 I DataCollector: Iteration 180648
07-14 16:52:59.881  5250  5373 W CPU     : Failed to read cpu times
07-14 16:52:58.867    17    17 W [CONFIG_BEST_EFFORT_FL_TASK_SCHEDULING]: in function migration_cpu_stop, before normal migration of the task 24669 from cpu 0 to cpu 4
07-14 16:52:59.849    17    17 W [CONFIG_BEST_EFFORT_FL_TASK_SCHEDULING]: in function migration_cpu_stop, before normal migration of the task 3056 from cpu 0 to cpu 1
07-14 16:52:59.904   880   880 W healthd : battery l=100 v=4436 t=32.9 h=2 st=5 c=915 fc=3877000 cc=44 chg=au
07-14 16:53:00.005  2070  2070 D KeyguardClockSwitch: Updating clock: 4:53
07-14 16:53:00.514  1436  1977 E WifiNative: Could not get Iface object for interface null
07-14 16:53:00.515  1436  1977 E HalDevMgr: Should have at least 1 chip!
07-14 16:53:00.604   885   885 E libpixelpowerstats: getResults: wlan is unloaded
07-14 16:53:00.732  5193  5317 I DataCollector: Iteration 180649
07-14 16:53:00.733  5193  5320 W CPU     : Failed to read cpu times
07-14 16:53:00.881  5250  5373 W CPU     : Failed to read cpu times
07-14 16:53:01.732  5193  5320 W CPU     : Failed to read cpu times
07-14 16:53:01.733  5193  5317 I DataCollector: Iteration 180650
07-14 16:53:01.881  5250  5373 W CPU     : Failed to read cpu times
07-14 16:53:02.731  5193  5317 I DataCollector: Iteration 180651
07-14 16:53:02.731  5193  5320 W CPU     : Failed to read cpu times
07-14 16:53:02.880  5250  5373 W CPU     : Failed to read cpu times
07-14 16:53:03.731  5193  5320 W CPU     : Failed to read cpu times
07-14 16:53:03.732  5193  5317 I DataCollector: Iteration 180652
07-14 16:53:03.880  5250  5373 W CPU     : Failed to read cpu times
07-14 16:53:04.732  5193  5320 W CPU     : Failed to read cpu times
07-14 16:53:04.732  5193  5317 I DataCollector: Iteration 180653
07-14 16:53:04.880  5250  5373 W CPU     : Failed to read cpu times
07-14 16:53:05.732  5193  5320 W CPU     : Failed to read cpu times
07-14 16:53:05.734  5193  5317 I DataCollector: Iteration 180654
07-14 16:53:05.882  5250  5373 W CPU     : Failed to read cpu times
07-14 16:53:06.731  5193  5320 W CPU     : Failed to read cpu times
07-14 16:53:06.732  5193  5317 I DataCollector: Iteration 180655
07-14 16:53:06.880  5250  5373 W CPU     : Failed to read cpu times
07-14 16:53:07.732  5193  5320 W CPU     : Failed to read cpu times
07-14 16:53:07.732  5193  5317 I DataCollector: Iteration 180656
07-14 16:53:07.880  5250  5373 W CPU     : Failed to read cpu times
07-14 16:53:08.011 24671 24671 I ProvidersCache: Updating roots due to change on user 0at content://com.android.providers.media.documents/root
07-14 16:53:08.040 24671 24671 I ProvidersCache: Updating roots due to change on user 0at content://com.android.providers.media.documents/root
07-14 16:53:08.731  5193  5320 W CPU     : Failed to read cpu times
07-14 16:53:08.732  5193  5317 I DataCollector: Iteration 180657
07-14 16:53:08.773   896   918 D rlsservice: MonitorDisplayStatus client num 0, display status 1, sensor status 0
07-14 16:53:08.880  5250  5373 W CPU     : Failed to read cpu times
07-14 16:53:09.731  5193  5320 W CPU     : Failed to read cpu times
07-14 16:53:09.734  5193  5317 I DataCollector: Iteration 180658
07-14 16:53:09.880  5250  5373 W CPU     : Failed to read cpu times
07-14 16:53:10.732  5193  5320 W CPU     : Failed to read cpu times
07-14 16:53:10.736  5193  5317 I DataCollector: Iteration 180659
07-14 16:53:10.880  5250  5373 W CPU     : Failed to read cpu times
07-14 16:53:10.903  1436  1526 W Looper  : Drained
07-14 16:53:11.016  1436  1436 W Binder:1436_1: type=1400 audit(0.0:5637): avc: denied { getopt } for scontext=u:r:system_server:s0 tcontext=u:r:shell:s0 tclass=unix_stream_socket permissive=0
07-14 16:53:04.831    17    17 W [CONFIG_BEST_EFFORT_FL_TASK_SCHEDULING]: in function migration_cpu_stop, before normal migration of the task 3052 from cpu 0 to cpu 1
07-14 16:53:11.714  1436  1961 W RuleEvaluation: Integrity rule files are not available.
07-14 16:53:11.715  1436  1723 I PackageManager: Integrity check passed for file:///data/app/vmdl1038687548.tmp
07-14 16:53:11.732  5193  5320 W CPU     : Failed to read cpu times
07-14 16:53:11.732  5193  5317 I DataCollector: Iteration 180660
07-14 16:53:11.737  1436  1723 D CompatibilityChangeReporter: Compat change id reported: 135549675; UID 10792; state: DISABLED
07-14 16:53:11.801  1436  1723 D PackageManager: Instant App installer not found with android.intent.action.INSTALL_INSTANT_APP_PACKAGE
07-14 16:53:11.802  1436  1723 D PackageManager: Clear ephemeral installer activity
07-14 16:53:11.805  1436  1526 V StorageManagerService: Package null does not have legacy storage
07-14 16:53:11.805  3156  3187 I MediaProvider: Invalidating LocalCallingIdentity cache for package com.opportunistask.scheduling.benchmarking_app_to_test_big_cores. Reason: op android:read_external_storage
07-14 16:53:11.815  1436  1723 V BackupManagerService: [UserID:0] restoreAtInstall pkg=com.opportunistask.scheduling.benchmarking_app_to_test_big_cores token=22 restoreSet=0
07-14 16:53:11.815  1436  1723 W BackupTransportManager: Transport com.google.android.gms/.backup.BackupTransportService not registered
07-14 16:53:11.815  1436  1723 W BackupManagerService: [UserID:0] No transport client
07-14 16:53:11.815  1436  1723 V BackupManagerService: [UserID:0] Finishing install immediately
07-14 16:53:11.818  1436  1526 V StorageManagerService: Package null has legacy storage
07-14 16:53:11.806  3156  3187 I chatty  : uid=10189(com.android.providers.media.module) Binder:3156_2 identical 3 lines
07-14 16:53:11.818  3156  3187 I MediaProvider: Invalidating LocalCallingIdentity cache for package com.opportunistask.scheduling.benchmarking_app_to_test_big_cores. Reason: op android:read_external_storage
07-14 16:53:11.820  1086  1086 E installd: Couldn't opendir /data/app/vmdl1038687548.tmp: No such file or directory
07-14 16:53:11.820  1086  1086 E installd: Failed to delete /data/app/vmdl1038687548.tmp: No such file or directory
07-14 16:53:11.820  1436  1436 W Binder:1436_1: type=1400 audit(0.0:5638): avc: denied { getopt } for scontext=u:r:system_server:s0 tcontext=u:r:shell:s0 tclass=unix_stream_socket permissive=0
07-14 16:53:11.822  7265  7281 I abb     : oneway function results will be dropped but finished with status OK and parcel size 4
07-14 16:53:11.820  1436  1436 W Binder:1436_1: type=1400 audit(0.0:5639): avc: denied { getopt } for scontext=u:r:system_server:s0 tcontext=u:r:shell:s0 tclass=unix_stream_socket permissive=0
07-14 16:53:11.824  3156  3156 I MediaProvider: Invalidating LocalCallingIdentity cache for package com.opportunistask.scheduling.benchmarking_app_to_test_big_cores. Reason: package android.intent.action.PACKAGE_ADDED
07-14 16:53:11.820  1436  1436 W Binder:1436_1: type=1400 audit(0.0:5640): avc: denied { getopt } for scontext=u:r:system_server:s0 tcontext=u:r:shell:s0 tclass=unix_stream_socket permissive=0
07-14 16:53:11.828  1436  1526 I RoleManagerService: Granting default roles...
07-14 16:53:11.830  2460  2581 W EuiccConnector: No valid EuiccService implementation found
07-14 16:53:11.831  1436  1952 I InputReader: Reconfiguring input devices, changes=KEYBOARD_LAYOUTS | 
07-14 16:53:11.833  2046  2046 V AvrcpMediaPlayerList: mPackageChangedBroadcastReceiver: action: android.intent.action.PACKAGE_ADDED
07-14 16:53:11.833  2046  2046 D AvrcpMediaPlayerList: Name of package changed: com.opportunistask.scheduling.benchmarking_app_to_test_big_cores
07-14 16:53:11.833  1436  1436 I Telecom : DefaultDialerCache: Refreshing default dialer for user 0: now com.android.dialer: DDC.oR@APc
07-14 16:53:11.845  1436  1475 W BroadcastQueue: Background execution not allowed: receiving Intent { act=android.intent.action.PACKAGE_ADDED dat=package:com.opportunistask.scheduling.benchmarking_app_to_test_big_cores flg=0x4000010 (has extras) } to com.android.packageinstaller/.PackageInstalledReceiver
07-14 16:53:11.847  1436  1436 V BackupManagerConstants: getFullBackupIntervalMilliseconds(...) returns 86400000
07-14 16:53:11.847  1436  1436 V BackupManagerConstants: getFullBackupRequiredNetworkType(...) returns 2
07-14 16:53:11.847  1436  1436 V BackupManagerConstants: getFullBackupRequireCharging(...) returns true
07-14 16:53:11.849  1436  1540 W BroadcastQueue: Background execution not allowed: receiving Intent { act=android.intent.action.PACKAGE_ADDED dat=package:com.opportunistask.scheduling.benchmarking_app_to_test_big_cores flg=0x4000010 (has extras) } to org.lineageos.audiofx/.Compatibility$Receiver
07-14 16:53:11.853 15687 16453 I PermissionControllerServiceImpl: Updating user sensitive for uid 10792
07-14 16:53:11.859  3188  3188 D RegisteredNfcFServicesCache: Service unchanged, not updating
07-14 16:53:11.860   953   953 D AF::TrackHandle: OpPlayAudio: track:55 usage:3 not muted
07-14 16:53:11.860   953   953 I chatty  : uid=1041(audioserver) /system/bin/audioserver identical 1 line
07-14 16:53:11.861   953   953 D AF::TrackHandle: OpPlayAudio: track:55 usage:3 not muted
07-14 16:53:11.862  1436  1539 W Searchables: No global search activity found
07-14 16:53:11.863   953   953 D AF::TrackHandle: OpPlayAudio: track:55 usage:3 not muted
07-14 16:53:11.866   953  7280 D AF::TrackHandle: OpPlayAudio: track:55 usage:3 not muted
07-14 16:53:11.869  2460  2460 E PhoneInterfaceManager: [PhoneIntfMgr] getCarrierPackageNamesForIntentAndPhone: No UICC
07-14 16:53:11.869  2460  2460 D CarrierSvcBindHelper: No carrier app for: 0
07-14 16:53:11.873  2460  2460 E VvmPkgInstalledRcvr: cannot create TelephonyManager from ComponentInfo{com.android.phone/com.android.services.telephony.TelephonyConnectionService}, ***, UserHandle{0}
07-14 16:53:11.874  1436  1539 W VoiceInteractionManager: no available voice recognition services found for user 0
07-14 16:53:11.878  2460  2460 D ImsResolver: maybeAddedImsService, packageName: com.opportunistask.scheduling.benchmarking_app_to_test_big_cores
07-14 16:53:11.879  2460  2460 D CarrierConfigLoader: mHandler: 9 phoneId: 0
07-14 16:53:11.880  5250  5373 W CPU     : Failed to read cpu times
07-14 16:53:11.917 28068 28070 I cmd     : oneway function results will be dropped but finished with status OK and parcel size 4
07-14 16:53:11.951  1436  1448 I system_server: Background concurrent copying GC freed 252135(12MB) AllocSpace objects, 101(5596KB) LOS objects, 75% free, 14MB/56MB, paused 164us total 130.692ms
07-14 16:53:11.986  1212  1212 W llkd    : type=1400 audit(0.0:5641): avc: denied { ptrace } for scontext=u:r:llkd:s0 tcontext=u:r:magisk:s0 tclass=process permissive=0
07-14 16:53:11.990  1212  1212 I chatty  : uid=1070(llkd) /system/bin/llkd identical 1 line
07-14 16:53:11.990  1212  1212 W llkd    : type=1400 audit(0.0:5643): avc: denied { ptrace } for scontext=u:r:llkd:s0 tcontext=u:r:magisk:s0 tclass=process permissive=0
07-14 16:53:11.991 28073 28075 I cmd     : oneway function results will be dropped but finished with status OK and parcel size 4
07-14 16:53:12.066  3156  3187 I MediaProvider: Invalidating LocalCallingIdentity cache for package com.opportunistask.scheduling.benchmarking_app_to_test_big_cores. Reason: op android:read_external_storage
07-14 16:53:12.082  1436  1450 W System  : A resource failed to call close. 
07-14 16:53:12.137  3156  3187 I MediaProvider: Invalidating LocalCallingIdentity cache for package com.opportunistask.scheduling.benchmarking_app_to_test_big_cores. Reason: op android:read_external_storage
07-14 16:53:12.137 28083 28084 I cmd     : oneway function results will be dropped but finished with status OK and parcel size 4
07-14 16:53:12.363  1212  1212 W llkd    : type=1400 audit(0.0:5644): avc: denied { ptrace } for scontext=u:r:llkd:s0 tcontext=u:r:magisk_client:s0:c197,c256,c512,c768 tclass=process permissive=0
07-14 16:53:12.363  1212  1212 W llkd    : type=1400 audit(0.0:5645): avc: denied { ptrace } for scontext=u:r:llkd:s0 tcontext=u:r:magisk:s0 tclass=process permissive=0
07-14 16:53:12.733  5193  5317 I DataCollector: Iteration 180661
07-14 16:53:12.733  5193  5320 W CPU     : Failed to read cpu times
07-14 16:53:12.880  5250  5373 W CPU     : Failed to read cpu times
07-14 16:53:13.217  1436  1476 I ActivityTaskManager: START u0 {flg=0x10000000 cmp=com.opportunistask.scheduling.benchmarking_app_to_test_big_cores/.MainActivity} from uid 2000
07-14 16:53:13.235  1436  1530 D CompatibilityChangeReporter: Compat change id reported: 135634846; UID 10792; state: DISABLED
07-14 16:53:13.235  1436  1530 D CompatibilityChangeReporter: Compat change id reported: 135754954; UID 10792; state: DISABLED
07-14 16:53:13.235  1436  1541 D CompatibilityChangeReporter: Compat change id reported: 143937733; UID 10792; state: DISABLED
07-14 16:53:13.235  1436  1541 W ActivityManager: Unknown package:com.google.android.gms
07-14 16:53:13.241   773   773 D Zygote  : Forked child process 28094
07-14 16:53:13.137 28094 28094 W [CONFIG_BEST_EFFORT_FL_TASK_SCHEDULING]: in function migration_cpu_stop, before normal migration of the task 28091 from cpu 3 to cpu 6
07-14 16:53:13.248 28094 28094 I libc    : SetHeapTaggingLevel: tag level set to 0
07-14 16:53:13.249 28094 28094 I _test_big_core: Late-enabling -Xcheck:jni
07-14 16:53:13.172 28094 28094 W         : [CONFIG_BEST_EFFORT_FL_TASK_CGROUP_HANDLING] in function cgroup_mkdir, creating folder with name uid_10792
07-14 16:53:13.177 28094 28094 W         : [CONFIG_BEST_EFFORT_FL_TASK_CGROUP_HANDLING] in function css_create
07-14 16:53:13.177 28094 28094 W         : [CONFIG_BEST_EFFORT_FL_TASK_CGROUP_HANDLING] in function cgroup_mkdir, creating folder with name pid_28094
07-14 16:53:13.251  1436  1541 I ActivityManager: Start proc 28094:com.opportunistask.scheduling.benchmarking_app_to_test_big_cores/u0a792 for pre-top-activity {com.opportunistask.scheduling.benchmarking_app_to_test_big_cores/com.opportunistask.scheduling.benchmarking_app_to_test_big_cores.MainActivity}
07-14 16:53:13.261 28094 28094 I _test_big_core: Unquickening 12 vdex files!
07-14 16:53:13.264  1173  1216 I adbd    : jdwp connection from 28094
07-14 16:53:13.281 28094 28094 D ApplicationLoaders: Returning zygote-cached class loader: /system/framework/android.test.base.jar
07-14 16:53:13.337 28094 28094 D NetworkSecurityConfig: No Network Security Config specified, using platform default
