--------- beginning of main
07-14 16:51:19.732  5193  5320 W CPU     : Failed to read cpu times
07-14 16:51:19.732  5193  5317 I DataCollector: Iteration 180548
07-14 16:51:19.882  5250  5373 W CPU     : Failed to read cpu times
--------- beginning of kernel
07-14 16:51:20.627    17    17 W [CONFIG_BEST_EFFORT_FL_TASK_SCHEDULING]: in function migration_cpu_stop, before normal migration of the task 3056 from cpu 0 to cpu 1
07-14 16:51:20.634   531   531 D logd    : logdr: UID=2000 GID=2000 PID=27109 b tail=0 logMask=99 pid=0 start=0ns timeout=0ns
07-14 16:51:20.731  5193  5320 W CPU     : Failed to read cpu times
07-14 16:51:20.732  5193  5317 I DataCollector: Iteration 180549
07-14 16:51:20.882  5250  5373 W CPU     : Failed to read cpu times
07-14 16:51:21.732  5193  5320 W CPU     : Failed to read cpu times
07-14 16:51:21.733  5193  5317 I DataCollector: Iteration 180550
07-14 16:51:21.882  5250  5373 W CPU     : Failed to read cpu times
07-14 16:51:22.732  5193  5320 W CPU     : Failed to read cpu times
07-14 16:51:22.734  5193  5317 I DataCollector: Iteration 180551
07-14 16:51:22.882  5250  5373 W CPU     : Failed to read cpu times
07-14 16:51:23.733  5193  5320 W CPU     : Failed to read cpu times
07-14 16:51:23.734  5193  5317 I DataCollector: Iteration 180552
07-14 16:51:23.881  5250  5373 W CPU     : Failed to read cpu times
07-14 16:51:24.733  5193  5320 W CPU     : Failed to read cpu times
07-14 16:51:24.734  5193  5317 I DataCollector: Iteration 180553
07-14 16:51:24.882  5250  5373 W CPU     : Failed to read cpu times
07-14 16:51:25.733  5193  5320 W CPU     : Failed to read cpu times
07-14 16:51:25.740  5193  5317 I DataCollector: Iteration 180554
07-14 16:51:25.882  5250  5373 W CPU     : Failed to read cpu times
07-14 16:51:26.732  5193  5320 W CPU     : Failed to read cpu times
07-14 16:51:26.733  5193  5317 I DataCollector: Iteration 180555
07-14 16:51:26.882  5250  5373 W CPU     : Failed to read cpu times
07-14 16:51:27.732  5193  5320 W CPU     : Failed to read cpu times
07-14 16:51:27.733  5193  5317 I DataCollector: Iteration 180556
07-14 16:51:27.881  5250  5373 W CPU     : Failed to read cpu times
07-14 16:51:28.732  5193  5320 W CPU     : Failed to read cpu times
07-14 16:51:28.733  5193  5317 I DataCollector: Iteration 180557
07-14 16:51:28.882  5250  5373 W CPU     : Failed to read cpu times
07-14 16:51:29.733  5193  5320 W CPU     : Failed to read cpu times
07-14 16:51:29.734  5193  5317 I DataCollector: Iteration 180558
07-14 16:51:29.882  5250  5373 W CPU     : Failed to read cpu times
07-14 16:51:30.733  5193  5320 W CPU     : Failed to read cpu times
07-14 16:51:30.734  5193  5317 I DataCollector: Iteration 180559
07-14 16:51:30.881  5250  5373 W CPU     : Failed to read cpu times
07-14 16:51:31.733  5193  5320 W CPU     : Failed to read cpu times
07-14 16:51:31.734  5193  5317 I DataCollector: Iteration 180560
07-14 16:51:31.881  5250  5373 W CPU     : Failed to read cpu times
07-14 16:51:32.733  5193  5320 W CPU     : Failed to read cpu times
07-14 16:51:32.735  5193  5317 I DataCollector: Iteration 180561
07-14 16:51:32.882  5250  5373 W CPU     : Failed to read cpu times
07-14 16:51:33.733  5193  5320 W CPU     : Failed to read cpu times
07-14 16:51:33.734  5193  5317 I DataCollector: Iteration 180562
07-14 16:51:33.881  5250  5373 W CPU     : Failed to read cpu times
07-14 16:51:34.732  5193  5320 W CPU     : Failed to read cpu times
07-14 16:51:34.733  5193  5317 I DataCollector: Iteration 180563
07-14 16:51:34.882  5250  5373 W CPU     : Failed to read cpu times
07-14 16:51:35.733  5193  5320 W CPU     : Failed to read cpu times
07-14 16:51:35.733  5193  5317 I DataCollector: Iteration 180564
07-14 16:51:35.881  5250  5373 W CPU     : Failed to read cpu times
07-14 16:51:36.489   887   960 D ASH     : @ 180602.427: SensorType 195 resampler quality 1
07-14 16:51:36.503  1436 11610 I system_server: oneway function results will be dropped but finished with status OK and parcel size 4
07-14 16:51:36.504   871  3397 D audio_hw_primary: start_output_stream: enter: stream(0xeb0021a0)usecase(1: low-latency-playback)  devices(0x2) is_haptic_usecase(0)
07-14 16:51:36.504  1436 11610 I system_server: oneway function results will be dropped but finished with status OK and parcel size 4
07-14 16:51:36.504   871  3397 D audio_hw_primary: select_devices for use case (low-latency-playback)
07-14 16:51:36.504   871  3397 I msm8974_platform: platform_check_and_set_codec_backend_cfg:becf: afe: bitwidth 24, samplerate 48000 channels 2, backend_idx 0 usecase = 1 device (speaker)
07-14 16:51:36.504   871  3397 D msm8974_platform: platform_split_snd_device: snd_device(2) num devices(1) new_snd_devices(0)
07-14 16:51:36.504   871  3397 I msm8974_platform: platform_check_and_set_codec_backend_cfg: new_snd_devices[0] is 2
07-14 16:51:36.504   871  3397 I msm8974_platform: platform_check_codec_backend_cfg:becf: afe: bitwidth 24, samplerate 48000 channels 2, backend_idx 0 usecase = 1 device (speaker)
07-14 16:51:36.507   871  3397 D audio_hw_extn: audio_extn_enable_hifi_filter: mixer_value set 0
07-14 16:51:36.507   871  3397 D msm8974_platform: platform_check_codec_backend_cfg:becf: updated afe: bitwidth 24, samplerate 48000 channels 2,backend_idx 0 usecase = 1 device (speaker)
07-14 16:51:36.507   871  3397 D msm8974_platform: platform_check_codec_backend_cfg:becf: afe: playback on codec device not supporting native playback set default Sample Rate(48k)
07-14 16:51:36.507   871  3397 I msm8974_platform: platform_check_codec_backend_cfg:becf: afe: Codec selected backend: 0 updated bit width: 24 and sample rate: 48000
07-14 16:51:36.507   871  3397 I msm8974_platform: platform_check_codec_backend_cfg:becf: afe: Codec backend needs to be updated. new bit width: 24new sample rate: 48000 new channels: 2
07-14 16:51:36.507   871  3397 I msm8974_platform: platform_set_codec_backend_cfg:becf: afe: bitwidth 24, samplerate 48000 channels 2 format 1, backend_idx 0 device (speaker)
07-14 16:51:36.507   871  3397 E msm8974_platform: platform_set_codec_backend_cfg:becf: afe: Could not get ctl for mixer command - SLIM_0_RX Format
07-14 16:51:36.507   871  3397 D audio_hw_primary: check_usecases_codec_backend:becf: force routing 0
07-14 16:51:36.507   871  3397 E msm8974_platform: platform_check_backends_match: Invalid snd_device = 
07-14 16:51:36.507   871  3397 D audio_hw_primary: check_usecases_codec_backend:becf: (75) check_usecases curr device: speaker, usecase device: backends match 0
07-14 16:51:36.507   871  3397 D audio_hw_primary: check_usecases_codec_backend:becf: check_usecases num.of Usecases to switch 0
07-14 16:51:36.507   871  3397 D hardware_info: hw_info_append_hw_type : device_name = speaker
07-14 16:51:36.507   871  3397 D audio_route: Apply path: speaker
07-14 16:51:36.440  3397  3397 I cs35l41 1-0040: main amp event 2
07-14 16:51:36.452  3397  3397 I cs35l41 1-0041: main amp event 2
07-14 16:51:36.531   871  3397 D hardware_info: hw_info_append_hw_type : device_name = vi-feedback
07-14 16:51:36.531   871  3397 D msm8974_platform: platform_split_snd_device: snd_device(195) num devices(0) new_snd_devices(0)
07-14 16:51:36.531   871  3397 D audio_hw_primary: enable_snd_device: snd_device(195: vi-feedback)
07-14 16:51:36.531   871  3397 I soundtrigger: audio_extn_sound_trigger_update_device_status: device 0xc3 of type 1 for Event 1, with Raise=0
07-14 16:51:36.531   871  3397 D audio_route: Apply path: vi-feedback
07-14 16:51:36.531   871  3397 D soundtrigger: audio_extn_sound_trigger_update_stream_status: uc_info->id 52 of type 1 for Event 3, with Raise=0
07-14 16:51:36.531   871  3397 D audio_hw_utils: audio_extn_utils_send_app_type_cfg: usecase->in_snd_device vi-feedback
07-14 16:51:36.531   871  3397 E voice   : voice_is_in_call_rec_stream: input stream is NULL
07-14 16:51:36.531   871  3397 D msm8974_platform: platform_split_snd_device: snd_device(195) num devices(0) new_snd_devices(0)
07-14 16:51:36.532   871  3397 E audio_hw_utils: send_app_type_cfg_for_device: Could not get ctl for mixer cmd - Audio Stream Capture 65 App Type Cfg
07-14 16:51:36.532   871  3397 D audio_hw_waves: ma_set_device: 52 is not supported usecase
07-14 16:51:36.532   871  3397 D msm8974_platform: platform_split_snd_device: snd_device(195) num devices(1) new_snd_devices(0)
07-14 16:51:36.532   871  3397 D ACDB-LOADER: ACDB -> send_audio_cal, acdb_id = 512, path = 1, app id = 0x11132, sample rate = 8000, afe_sample_rate = 8000
07-14 16:51:36.532   871  3397 D ACDB-LOADER: ACDB -> send_asm_topology
07-14 16:51:36.532   871  3397 D ACDB-LOADER: ACDB -> ACDB_CMD_GET_AUDPROC_STREAM_TOPOLOGY_ID
07-14 16:51:36.532   871  3397 D ACDB-LOADER: ACDB -> send_adm_topology
07-14 16:51:36.532   871  3397 D ACDB-LOADER: ACDB -> ACDB_CMD_GET_AUDPROC_COMMON_TOPOLOGY_ID
07-14 16:51:36.532   871  3397 D ACDB-LOADER: ACDB -> send_audtable
07-14 16:51:36.532   871  3397 D ACDB-LOADER: ACDB -> ACDB_CMD_GET_AUDPROC_INSTANCE_COMMON_TABLE_SIZE
07-14 16:51:36.532   871  3397 D android.hardware.audio.service: Failed to fetch the lookup information of the device 00000200 
07-14 16:51:36.532   871  3397 D ACDB-LOADER: Error: ACDB_CMD_GET_AUDPROC_INSTANCE_COMMON_TABLE_SIZE Returned = -19
07-14 16:51:36.532   871  3397 D ACDB-LOADER: ACDB -> ACDB_CMD_GET_AUDPROC_INSTANCE_COMMON_TABLE
07-14 16:51:36.532   871  3397 D android.hardware.audio.service: Failed to fetch the lookup information of the device 00000200 
07-14 16:51:36.532   871  3397 D ACDB-LOADER: Error: ACDB audproc returned = -19
07-14 16:51:36.532   871  3397 D ACDB-LOADER: ACDB -> AUDIO_SET_AUDPROC_CAL cal_type[11] acdb_id[512] app_type[69938]
07-14 16:51:36.532   871  3397 D ACDB-LOADER: ACDB -> ACDB_CMD_GET_AUDPROC_INSTANCE_STREAM_TABLE_SIZE
07-14 16:51:36.532   871  3397 D ACDB-LOADER: ACDB -> send_audstrmtable
07-14 16:51:36.532   871  3397 D ACDB-LOADER: ACDB -> ACDB_CMD_GET_AUDPROC_INSTANCE_STREAM_TABLE
07-14 16:51:36.532   871  3397 D ACDB-LOADER: ACDB -> audstrm_cal->cal_type.cal_data.cal_size = 20
07-14 16:51:36.532   871  3397 D ACDB-LOADER: ACDB -> send_afe_topology
07-14 16:51:36.532   871  3397 D ACDB-LOADER: ACDB -> ACDB_CMD_GET_AFE_TOPOLOGY_ID
07-14 16:51:36.532   871  3397 D ACDB-LOADER: ACDB -> GET_AFE_TOPOLOGY_ID for adcd_id 512, Topology Id 112fb
07-14 16:51:36.532   871  3397 D ACDB-LOADER: ACDB -> send_afe_cal
07-14 16:51:36.533   871  3397 D ACDB-LOADER: ACDB -> ACDB_CMD_GET_AFE_INSTANCE_COMMON_TABLE_SIZE
07-14 16:51:36.533   871  3397 D android.hardware.audio.service: Failed to fetch the lookup information of the device 00000200 
07-14 16:51:36.533   871  3397 D ACDB-LOADER: Error: ACDB_CMD_GET_AFE_INSTANCE_COMMON_TABLE_SIZE Returned = -19
07-14 16:51:36.533   871  3397 D ACDB-LOADER: ACDB -> ACDB_CMD_GET_AFE_INSTANCE_COMMON_TABLE
07-14 16:51:36.533   871  3397 D android.hardware.audio.service: Failed to fetch the lookup information of the device 00000200 
07-14 16:51:36.533   871  3397 D ACDB-LOADER: Error: ACDB AFE returned = -19
07-14 16:51:36.533   871  3397 D ACDB-LOADER: ACDB -> AUDIO_SET_AFE_CAL cal_type[17] acdb_id[512]
07-14 16:51:36.533   871  3397 D ACDB-LOADER: ACDB -> send_hw_delay : acdb_id = 512 path = 1
07-14 16:51:36.533   871  3397 D ACDB-LOADER: ACDB -> ACDB_AVSYNC_INFO: ACDB_CMD_GET_DEVICE_PROPERTY
07-14 16:51:36.533   871  3397 D audio_hw_primary: enable_audio_route: apply mixer and update path: spkr-vi-record
07-14 16:51:36.533   871  3397 D audio_route: Apply path: spkr-vi-record
07-14 16:51:36.467  3397  3397 I afe_find_cal_topo_id_by_port: port id: 0x9041, dev_acdb_id: -22
07-14 16:51:36.467  3397  3397 I afe_find_cal_topo_id_by_port: top_id:112fb acdb_id:512 afe_port:0x9041
07-14 16:51:36.467  3397  3397 I afe_get_cal_topology_id: port_id = 0x9041 acdb_id = 512 topology_id = 0x112fb cal_type_index=8 ret=0
07-14 16:51:36.467  3397  3397 I afe_send_port_topology_id: AFE set topology id 0x112fb  enable for port 0x9041 ret 0
07-14 16:51:36.467  3397  3397 I send_afe_cal_type: cal_index is 1
07-14 16:51:36.467  3397  3397 I send_afe_cal_type: dev_acdb_id[147] is -22
07-14 16:51:36.467  3397  3397 I send_afe_cal_type: Sending cal_index cal 1
07-14 16:51:36.467  3397  3397 E send_afe_cal_type: No cal sent for cal_index 1, port_id = 0x9041! ret -22
07-14 16:51:36.467  3397  3397 I send_afe_cal_type: cal_index is 2
07-14 16:51:36.467  3397  3397 I send_afe_cal_type: dev_acdb_id[147] is -22
07-14 16:51:36.467  3397  3397 E         : send_afe_cal_type cal_block not found!!
07-14 16:51:36.467  3397  3397 I afe_send_hw_delay: port_id 0x9041 rate 48000 delay_usec 0 status 0
07-14 16:51:36.549   871  3397 W audio_hw_cirrus_playback: spkr_prot_start_processing: ret: 0, state: 3, snd_device: 2
07-14 16:51:36.549   871  3397 I audio_hw_utils: audio_extn_utils_update_stream_output_app_type_cfg Allowing 24 and above bits playback on speaker ONLY at default sampling rate
07-14 16:51:36.549   871  3397 E soundtrigger: audio_extn_sound_trigger_update_stream_status: invalid input device 0x0, for event 3
07-14 16:51:36.549   871  3397 D soundtrigger: audio_extn_sound_trigger_update_stream_status: uc_info->id 1 of type 0 for Event 3, with Raise=0
07-14 16:51:36.549   871  3397 D audio_hw_utils: audio_extn_utils_send_app_type_cfg: usecase->out_snd_device speaker
07-14 16:51:36.549   871  3397 D msm8974_platform: platform_split_snd_device: snd_device(2) num devices(0) new_snd_devices(0)
07-14 16:51:36.549   871  3397 D audio_hw_utils: audio_extn_btsco_get_sample_rate:Not a BT SCO device, need not update sampling rate
07-14 16:51:36.549   871  3397 I audio_hw_utils: send_app_type_cfg_for_device PLAYBACK app_type 69936, acdb_dev_id 513, sample_rate 48000, snd_device_be_idx 119
07-14 16:51:36.551   871  3397 D msm8974_platform: Setting audio calibration for snd_device(2) acdb_id(513)
07-14 16:51:36.551   871  3397 E ACDB-LOADER: [acdb_loader_adsp_set_audio_cal] active device/stream not found (result=-100) for topology 0x1000dffb and apptype 0x11130
07-14 16:51:36.551   871  3397 E ACDB-LOADER: [acdb_loader_adsp_set_audio_cal] set parameters failed with status -100
07-14 16:51:36.551   871  3397 D audio_hw_hfp: hfp_set_parameters: enter
07-14 16:51:36.551   871  3397 D msm8974_platform: Setting audio calibration for snd_device(2) acdb_id(513)
07-14 16:51:36.551   871  3397 D android.hardware.audio.service: AcdbCmdSetOnlineData: Unable to set delta file data!
07-14 16:51:36.551   871  3397 D android.hardware.audio.service: [ACDB Command]->[AcdbCmdSetAudProcInstanceData]->Unable to save delta file data
07-14 16:51:36.551   871  3397 E ACDB-LOADER: [acdb_loader_store_set_audio_cal] ACDB settting parameters failed -1
07-14 16:51:36.551   871  3397 D audio_hw_hfp: hfp_set_parameters: enter
07-14 16:51:36.552   871  3397 D msm8974_platform: Setting audio calibration for snd_device(2) acdb_id(513)
07-14 16:51:36.553   871  3397 E ACDB-LOADER: [acdb_loader_adsp_set_audio_cal] active device/stream not found (result=-100) for topology 0x1000dffb and apptype 0x11130
07-14 16:51:36.553   871  3397 E ACDB-LOADER: [acdb_loader_adsp_set_audio_cal] set parameters failed with status -100
07-14 16:51:36.553   871  3397 D audio_hw_hfp: hfp_set_parameters: enter
07-14 16:51:36.553   871  3397 D msm8974_platform: Setting audio calibration for snd_device(2) acdb_id(513)
07-14 16:51:36.553   871  3397 D android.hardware.audio.service: AcdbCmdSetOnlineData: Unable to set delta file data!
07-14 16:51:36.553   871  3397 D android.hardware.audio.service: [ACDB Command]->[AcdbCmdSetAudProcInstanceData]->Unable to save delta file data
07-14 16:51:36.553   871  3397 E ACDB-LOADER: [acdb_loader_store_set_audio_cal] ACDB settting parameters failed -1
07-14 16:51:36.553   871  3397 D audio_hw_hfp: hfp_set_parameters: enter
07-14 16:51:36.554   871  3397 D msm8974_platform: platform_split_snd_device: snd_device(2) num devices(1) new_snd_devices(0)
07-14 16:51:36.554   871  3397 D audio_hw_utils: audio_extn_btsco_get_sample_rate:Not a BT SCO device, need not update sampling rate
07-14 16:51:36.554   871  3397 D ACDB-LOADER: ACDB -> send_audio_cal, acdb_id = 513, path = 0, app id = 0x11130, sample rate = 48000, afe_sample_rate = 48000
07-14 16:51:36.554   871  3397 D ACDB-LOADER: ACDB -> send_asm_topology
07-14 16:51:36.554   871  3397 D ACDB-LOADER: ACDB -> ACDB_CMD_GET_AUDPROC_STREAM_TOPOLOGY_ID
07-14 16:51:36.554   871  3397 D ACDB-LOADER: ACDB -> send_adm_topology
07-14 16:51:36.554   871  3397 D ACDB-LOADER: ACDB -> ACDB_CMD_GET_AUDPROC_COMMON_TOPOLOGY_ID
07-14 16:51:36.554   871  3397 D ACDB-LOADER: ACDB -> send_audtable
07-14 16:51:36.554   871  3397 D ACDB-LOADER: ACDB -> ACDB_CMD_GET_AUDPROC_INSTANCE_COMMON_TABLE_SIZE
07-14 16:51:36.554   871  3397 D ACDB-LOADER: ACDB -> ACDB_CMD_GET_AUDPROC_INSTANCE_COMMON_TABLE
07-14 16:51:36.554   871  3397 D ACDB-LOADER: ACDB -> AUDIO_SET_AUDPROC_CAL cal_type[11] acdb_id[513] app_type[69936]
07-14 16:51:36.554   871  3397 D ACDB-LOADER: ACDB -> send_audvoltable
07-14 16:51:36.554   871  3397 D ACDB-LOADER: ACDB -> ACDB_CMD_GET_AUDPROC_INSTANCE_GAIN_DEP_STEP_TABLE_SIZE
07-14 16:51:36.554   871  3397 D android.hardware.audio.service: Failed to fetch the lookup information of the device 00000201 
07-14 16:51:36.554   871  3397 D ACDB-LOADER: Error: ACDB_CMD_GET_AUDPROC_INSTANCE_GAIN_DEP_STEP_TABLE_SIZE Returned = -19
07-14 16:51:36.554   871  3397 D ACDB-LOADER: ACDB -> ACDB_CMD_GET_AUDPROC_INSTANCE_GAIN_DEP_STEP_TABLE, vol index 0
07-14 16:51:36.554   871  3397 D android.hardware.audio.service: Failed to fetch the lookup information of the device 00000201 
07-14 16:51:36.554   871  3397 D ACDB-LOADER: Error: ACDB AudProc vol returned = -19
07-14 16:51:36.554   871  3397 D ACDB-LOADER: ACDB -> AUDIO_SET_VOL_CAL cal type = 12
07-14 16:51:36.554   871  3397 D ACDB-LOADER: ACDB -> ACDB_CMD_GET_AUDPROC_INSTANCE_STREAM_TABLE_SIZE
07-14 16:51:36.554   871  3397 D ACDB-LOADER: ACDB -> send_audstrmtable
07-14 16:51:36.554   871  3397 D ACDB-LOADER: ACDB -> ACDB_CMD_GET_AUDPROC_INSTANCE_STREAM_TABLE
07-14 16:51:36.554   871  3397 D ACDB-LOADER: ACDB -> audstrm_cal->cal_type.cal_data.cal_size = 536
07-14 16:51:36.554   871  3397 D ACDB-LOADER: ACDB -> send_afe_topology
07-14 16:51:36.554   871  3397 D ACDB-LOADER: ACDB -> ACDB_CMD_GET_AFE_TOPOLOGY_ID
07-14 16:51:36.555   871  3397 D ACDB-LOADER: ACDB -> GET_AFE_TOPOLOGY_ID for adcd_id 513, Topology Id 112fc
07-14 16:51:36.555   871  3397 D ACDB-LOADER: ACDB -> send_afe_cal
07-14 16:51:36.555   871  3397 D ACDB-LOADER: ACDB -> ACDB_CMD_GET_AFE_INSTANCE_COMMON_TABLE_SIZE
07-14 16:51:36.555   871  3397 D android.hardware.audio.service: Failed to fetch the lookup information of the device 00000201 
07-14 16:51:36.555   871  3397 D ACDB-LOADER: Error: ACDB_CMD_GET_AFE_INSTANCE_COMMON_TABLE_SIZE Returned = -19
07-14 16:51:36.555   871  3397 D ACDB-LOADER: ACDB -> ACDB_CMD_GET_AFE_INSTANCE_COMMON_TABLE
07-14 16:51:36.555   871  3397 D android.hardware.audio.service: Failed to fetch the lookup information of the device 00000201 
07-14 16:51:36.555   871  3397 D ACDB-LOADER: Error: ACDB AFE returned = -19
07-14 16:51:36.555   871  3397 D ACDB-LOADER: ACDB -> AUDIO_SET_AFE_CAL cal_type[16] acdb_id[513]
07-14 16:51:36.555   871  3397 D ACDB-LOADER: ACDB -> send_hw_delay : acdb_id = 513 path = 0
07-14 16:51:36.555   871  3397 D ACDB-LOADER: ACDB -> ACDB_AVSYNC_INFO: ACDB_CMD_GET_DEVICE_PROPERTY
07-14 16:51:36.555   871  3397 D msm8974_platform: platform_split_snd_device: snd_device(2) num devices(0) new_snd_devices(0)
07-14 16:51:36.555   871  3397 I msm8974_platform: platform_get_custom_mtmx_params: no matching param with id 0 ip_ch 2 op_ch 2 uc_id 1 snd_dev 2
07-14 16:51:36.555   871  3397 D audio_hw_primary: enable_audio_route: apply mixer and update path: low-latency-playback
07-14 16:51:36.555   871  3397 D audio_route: Apply path: low-latency-playback
--------- beginning of system
07-14 16:51:36.556  1436  1526 D AutofillManagerService: Close system dialogs
07-14 16:51:36.557  2070  2070 V ShadeControllerImpl: NotificationShadeWindow: com.android.systemui.statusbar.phone.NotificationShadeWindowView{3c7c115 I.E...... ......ID 0,0-1080,2340} canPanelBeCollapsed(): false
07-14 16:51:36.557   871  3397 D audio_hw_primary: select_devices: done
07-14 16:51:36.558  1436 11610 I ActivityTaskManager: START u0 {act=android.intent.action.MAIN cat=[android.intent.category.HOME] flg=0x10000000 pkg=com.android.launcher3 cmp=com.android.launcher3/.uioverrides.QuickstepLauncher (has extras)} from uid 10185
07-14 16:51:36.567   871  3397 D msm8974_platform: platform_set_channel_map mixer_ctl_name:Playback Channel Map9
07-14 16:51:36.567   871  3397 D msm8974_platform: platform_set_channel_map: set mapping(1 2 0 0 0 0 0 0) for channel:2
07-14 16:51:36.500  3397  3397 I afe_find_cal_topo_id_by_port: port id: 0x9040, dev_acdb_id: 513
07-14 16:51:36.500  3397  3397 I afe_find_cal_topo_id_by_port: top_id:112fc acdb_id:513 afe_port_id:0x9040
07-14 16:51:36.500  3397  3397 I afe_get_cal_topology_id: port_id = 0x9040 acdb_id = 513 topology_id = 0x112fc cal_type_index=8 ret=0
07-14 16:51:36.501  3397  3397 I afe_send_port_topology_id: AFE set topology id 0x112fc  enable for port 0x9040 ret 0
07-14 16:51:36.501  3397  3397 I send_afe_cal_type: cal_index is 0
07-14 16:51:36.501  3397  3397 I send_afe_cal_type: dev_acdb_id[146] is 513
07-14 16:51:36.501  3397  3397 I afe_find_cal: cal_index 0 port_id 0x9040 port_index 146
07-14 16:51:36.501  3397  3397 I afe_find_cal: acdb_id 513 dev_acdb_id 513 sample_rate 48000 afe_sample_rates 48000
07-14 16:51:36.501  3397  3397 I afe_find_cal: cal block is a match, size is 0
07-14 16:51:36.501  3397  3397 I send_afe_cal_type: Sending cal_index cal 0
07-14 16:51:36.501  3397  3397 E send_afe_cal_type: No cal sent for cal_index 0, port_id = 0x9040! ret -22
07-14 16:51:36.501  3397  3397 I afe_send_hw_delay: port_id 0x9040 rate 48000 delay_usec 0 status 0
07-14 16:51:36.569  1436  2244 W ActivityManager: Unable to start service Intent { act=com.android.launcher3.WINDOW_OVERLAY dat=app://com.android.launcher3:10185?v=9&cv=14 pkg=com.google.android.googlequicksearchbox } U=0: not found
07-14 16:51:36.570  1436  1530 I ActivityManager: Killing 23960:com.android.cellbroadcastreceiver.module/u0a196 (adj 945): empty for 1867s
07-14 16:51:36.575  2540  2540 D RecentsOrientedState: current RecentsOrientedState: [this=RecentsOrientedState@4ba6cfa mOrientationHandler=PortraitPagedViewHandler@3f0c2ab mDisplayRotation=0 mTouchRotation=0 mRecentsActivityRotation=0 isRecentsActivityRotationAllowed=false mSystemRotation=true mFlags=299]
07-14 16:51:36.575  2540  2540 D RecentsOrientedState: current RecentsOrientedState: [this=RecentsOrientedState@4ba6cfa mOrientationHandler=PortraitPagedViewHandler@3f0c2ab mDisplayRotation=0 mTouchRotation=0 mRecentsActivityRotation=0 isRecentsActivityRotationAllowed=false mSystemRotation=true mFlags=299]
07-14 16:51:36.578   887   887 I sensors-hal: [hal]flush_physical_sensor:342, android.sensor.accelerometer/11
07-14 16:51:36.578   887   887 I sensors-hal: [hal]flush_physical_sensor:348, android.sensor.accelerometer/11 completed
07-14 16:51:36.579   887  4992 I sensors-hal: [ssc_sensor]ssc_conn_resp_cb:663, resp_value = 0
07-14 16:51:36.582  1436 11610 W ActivityManager: Unable to start service Intent { act=com.android.launcher3.WINDOW_OVERLAY dat=app://com.android.launcher3:10185?v=9&cv=14 pkg=com.google.android.googlequicksearchbox } U=0: not found
07-14 16:51:36.590   871  3397 D audio_hw_primary: start_output_stream: exit
07-14 16:51:36.592   773   773 I Zygote  : Process 23960 exited due to signal 9 (Killed)
07-14 16:51:36.596  1436  1557 I libprocessgroup: Successfully killed process cgroup uid 10196 pid 23960 in 25ms
07-14 16:51:36.602  2540  2540 D RecentsOrientedState: current RecentsOrientedState: [this=RecentsOrientedState@7b2bd3a mOrientationHandler=PortraitPagedViewHandler@3f0c2ab mDisplayRotation=0 mTouchRotation=0 mRecentsActivityRotation=0 isRecentsActivityRotationAllowed=false mSystemRotation=true mFlags=43]
07-14 16:51:36.602  2540  2540 I chatty  : uid=10185(com.android.launcher3) identical 2 lines
07-14 16:51:36.602  2540  2540 D RecentsOrientedState: current RecentsOrientedState: [this=RecentsOrientedState@7b2bd3a mOrientationHandler=PortraitPagedViewHandler@3f0c2ab mDisplayRotation=0 mTouchRotation=0 mRecentsActivityRotation=0 isRecentsActivityRotationAllowed=false mSystemRotation=true mFlags=43]
07-14 16:51:36.732  5193  5317 I DataCollector: Iteration 180565
07-14 16:51:36.733  5193  5320 W CPU     : Failed to read cpu times
07-14 16:51:36.742  1436  4591 I system_server: oneway function results will be dropped but finished with status OK and parcel size 4
07-14 16:51:36.742   953  1156 W APM::AudioPolicyEngine: getDevicesForStrategy() unknown strategy: -1
07-14 16:51:36.748   871   913 D audio_hw_waves: ma_set_source_metadata_l: All tracks was removed from app_type(69936) device_type(2)
07-14 16:51:36.788    20    20 W [CONFIG_BEST_EFFORT_FL_TASK_SCHEDULING]: in function migration_cpu_stop, before normal migration of the task 25983 from cpu 1 to cpu 4
07-14 16:51:36.788    28    28 W [CONFIG_BEST_EFFORT_FL_TASK_SCHEDULING]: in function migration_cpu_stop, before normal migration of the task 25984 from cpu 1 to cpu 4
07-14 16:51:36.788    20    20 W [CONFIG_BEST_EFFORT_FL_TASK_SCHEDULING]: in function migration_cpu_stop, before normal migration of the task 25985 from cpu 2 to cpu 4
07-14 16:51:36.789    17    17 W [CONFIG_BEST_EFFORT_FL_TASK_SCHEDULING]: in function migration_cpu_stop, before normal migration of the task 25988 from cpu 1 to cpu 4
07-14 16:51:36.866   573   573 E Layer   : [Surface(name=Task=1)/@0x8499d35 - animation-leash#0] No local sync point found
07-14 16:51:36.866   573   573 E Layer   : [Surface(name=Task=198)/@0x5d6018f - animation-leash#0] No local sync point found
07-14 16:51:36.880  5250  5373 W CPU     : Failed to read cpu times
07-14 16:51:36.789    17    17 W [CONFIG_BEST_EFFORT_FL_TASK_SCHEDULING]: in function migration_cpu_stop, before normal migration of the task 25993 from cpu 0 to cpu 4
07-14 16:51:37.189  1898  1898 I cs35l41 1-0040: cs35l41_imp_put: L: 731356 -> 100000
07-14 16:51:37.189  1898  1898 I cs35l41 1-0041: cs35l41_imp_put: R: 692175 -> 100000
07-14 16:51:37.732  5193  5317 I DataCollector: Iteration 180566
07-14 16:51:37.733  5193  5320 W CPU     : Failed to read cpu times
07-14 16:51:37.881  5250  5373 W CPU     : Failed to read cpu times
07-14 16:51:38.732  5193  5317 I DataCollector: Iteration 180567
07-14 16:51:38.732  5193  5320 W CPU     : Failed to read cpu times
07-14 16:51:38.769   896   918 D rlsservice: MonitorDisplayStatus client num 0, display status 1, sensor status 0
07-14 16:51:38.880  5250  5373 W CPU     : Failed to read cpu times
07-14 16:51:39.721   871   913 D audio_hw_primary: out_standby: enter: stream (0xeb0021a0) usecase(1: low-latency-playback)
07-14 16:51:39.732  5193  5320 W CPU     : Failed to read cpu times
07-14 16:51:39.733  5193  5317 I DataCollector: Iteration 180568
07-14 16:51:39.680   913   913 I afe_close: port_id = 0x9040
07-14 16:51:39.757   871   913 D audio_hw_primary: disable_audio_route: reset and update mixer path: low-latency-playback
07-14 16:51:39.761   871   913 E soundtrigger: audio_extn_sound_trigger_update_stream_status: invalid input device 0x0, for event 2
07-14 16:51:39.761   871   913 D soundtrigger: audio_extn_sound_trigger_update_stream_status: uc_info->id 1 of type 0 for Event 2, with Raise=0
07-14 16:51:39.761   871   913 D msm8974_platform: platform_split_snd_device: snd_device(2) num devices(0) new_snd_devices(0)
07-14 16:51:39.761   871   913 I msm8974_platform: platform_get_custom_mtmx_params: no matching param with id 0 ip_ch 2 op_ch 2 uc_id 1 snd_dev 2
07-14 16:51:39.761   871   913 D hardware_info: hw_info_append_hw_type : device_name = speaker
07-14 16:51:39.762   871   913 D audio_hw_primary: disable_snd_device: snd_device(2: speaker)
07-14 16:51:39.695   913   913 I cs35l41 1-0041: main amp event 8
07-14 16:51:39.709   913   913 I cs35l41 1-0040: main amp event 8
07-14 16:51:39.722   913   913 I afe_close: port_id = 0x9041
07-14 16:51:39.806   871   913 D audio_hw_primary: disable_audio_route: reset and update mixer path: spkr-vi-record
07-14 16:51:39.807   871   913 D soundtrigger: audio_extn_sound_trigger_update_stream_status: uc_info->id 52 of type 1 for Event 2, with Raise=0
07-14 16:51:39.807   871   913 D hardware_info: hw_info_append_hw_type : device_name = vi-feedback
07-14 16:51:39.807   871   913 D audio_hw_primary: disable_snd_device: snd_device(195: vi-feedback)
07-14 16:51:39.807   871   913 D msm8974_platform: platform_split_snd_device: snd_device(195) num devices(0) new_snd_devices(0)
07-14 16:51:39.807   871   913 I soundtrigger: audio_extn_sound_trigger_update_device_status: device 0xc3 of type 1 for Event 0, with Raise=0
07-14 16:51:39.807   871   913 W audio_hw_cirrus_playback: spkr_prot_stop_processing: state: 2, snd_device: 2
07-14 16:51:39.812   871   913 I soundtrigger: audio_extn_sound_trigger_update_device_status: device 0x2 of type 0 for Event 0, with Raise=0
07-14 16:51:39.812   871   913 D audio_hw_primary: out_standby: exit
07-14 16:51:39.816  1436  1476 I system_server: oneway function results will be dropped but finished with status OK and parcel size 4
07-14 16:51:39.881  5250  5373 W CPU     : Failed to read cpu times
07-14 16:51:40.732  5193  5320 W CPU     : Failed to read cpu times
07-14 16:51:40.736  5193  5317 I DataCollector: Iteration 180569
07-14 16:51:40.880  5250  5373 W CPU     : Failed to read cpu times
07-14 16:51:40.916   887   887 I sensors-hal: [hal]batch_physical_sensor:301, android.sensor.accelerometer/11, period=200000000, max_latency=0
07-14 16:51:40.916   887   887 I sensors-hal: [hal]batch_physical_sensor:310, android.sensor.accelerometer/11, period=200000000, max_latency=0 request completed
07-14 16:51:40.920  1436  1530 I ActivityManager: Killing 25973:com.opportunistask.scheduling.benchmarking_app_to_test_big_cores/u0a790 (adj 905): remove task
07-14 16:51:40.903 25916 25916 I binder  : undelivered transaction 2937918, process died.
07-14 16:51:40.976  1436  2244 I WindowManager: WIN DEATH: Window{b2fa398 u0 com.opportunistask.scheduling.benchmarking_app_to_test_big_cores/com.opportunistask.scheduling.benchmarking_app_to_test_big_cores.MainActivity}
07-14 16:51:40.976  1436  2244 W InputDispatcher: Attempted to unregister already unregistered input channel 'b2fa398 com.opportunistask.scheduling.benchmarking_app_to_test_big_cores/com.opportunistask.scheduling.benchmarking_app_to_test_big_cores.MainActivity (server)'
07-14 16:51:40.976   773   773 I Zygote  : Process 25973 exited due to signal 9 (Killed)
07-14 16:51:40.980  1436  1557 I libprocessgroup: Successfully killed process cgroup uid 10790 pid 25973 in 58ms
07-14 16:51:40.982  1436  1530 W ActivityManager: setHasOverlayUi called on unknown pid: 25973
07-14 16:51:41.070 24896 24896 I google_charger: usbchg=USB_CDP typec=C usbv=4960 usbc=160 usbMv=5000 usbMc=1500
07-14 16:51:41.070 24896 24896 I sm7250_bms: MSC_PCS chg_state=320115501040003 [0x3:1:4:4437:800] chg=u
07-14 16:51:41.070 24896 24896 I google_battery: MSC_DIN chg_state=320115501040003 f=0x3 chg_s=Full chg_t=None vchg=4437 icl=800
07-14 16:51:41.071 24896 24896 I google_battery: MSC_DSG vbatt_idx:4->4 vbatt=4437528 ibatt=-1831 fv_uv=4450000 cv_cnt=0 ov_cnt=0
07-14 16:51:41.071 24896 24896 I google_battery: MSC_LOGIC cv_cnt=0 ov_cnt=0 temp_idx:2->2, vbatt_idx:4->4, fv=4450000->4450000, cc_max=490000
07-14 16:51:41.071 24896 24896 I google_battery: MSC_VOTE fv_uv=4450000 cc_max=0 update_interval=-1
07-14 16:51:41.182  2540  2540 D RecentsOrientedState: current RecentsOrientedState: [this=RecentsOrientedState@4ba6cfa mOrientationHandler=PortraitPagedViewHandler@3f0c2ab mDisplayRotation=0 mTouchRotation=0 mRecentsActivityRotation=0 isRecentsActivityRotationAllowed=false mSystemRotation=true mFlags=299]
07-14 16:51:41.182  2540  2540 I chatty  : uid=10185(com.android.launcher3) identical 2 lines
07-14 16:51:41.182  2540  2540 D RecentsOrientedState: current RecentsOrientedState: [this=RecentsOrientedState@4ba6cfa mOrientationHandler=PortraitPagedViewHandler@3f0c2ab mDisplayRotation=0 mTouchRotation=0 mRecentsActivityRotation=0 isRecentsActivityRotationAllowed=false mSystemRotation=true mFlags=299]
07-14 16:51:41.511   887   960 D CHRE    : @ 180607.447: [ImuCal] Dynamic sensor configuration: high-performance.
07-14 16:51:41.732  5193  5320 W CPU     : Failed to read cpu times
07-14 16:51:41.734  5193  5317 I DataCollector: Iteration 180570
07-14 16:51:41.881  5250  5373 W CPU     : Failed to read cpu times
07-14 16:51:42.732  5193  5320 W CPU     : Failed to read cpu times
07-14 16:51:42.735  5193  5317 I DataCollector: Iteration 180571
07-14 16:51:42.881  5250  5373 W CPU     : Failed to read cpu times
07-14 16:51:43.584  3156  7705 I MediaProvider: Deleted 1 items on external_primary due to com.android.shell
07-14 16:51:43.597  3156  7705 I MediaProvider: Deleted 1 items on external_primary due to com.android.shell
07-14 16:51:43.608  3156  3320 I MediaProvider: Invalidating LocalCallingIdentity cache for package com.opportunistask.scheduling.benchmarking_app_to_test_big_cores. Reason: owned_database_row_deleted:/storage/emulated/0/experiments_automatization/app_output_folder/25999_started
07-14 16:51:43.610  3156  3320 I MediaProvider: Deleted 1 items on external_primary due to com.android.shell
07-14 16:51:43.616  3156  7705 I MediaProvider: Invalidating LocalCallingIdentity cache for package com.opportunistask.scheduling.benchmarking_app_to_test_big_cores. Reason: owned_database_row_deleted:/storage/emulated/0/experiments_automatization/app_output_folder/25998_started
07-14 16:51:43.627  3156  7705 I MediaProvider: Deleted 1 items on external_primary due to com.android.shell
07-14 16:51:43.633  3156  3852 I MediaProvider: Invalidating LocalCallingIdentity cache for package com.opportunistask.scheduling.benchmarking_app_to_test_big_cores. Reason: owned_database_row_deleted:/storage/emulated/0/experiments_automatization/app_output_folder/26000_started
07-14 16:51:43.635  3156  3852 I MediaProvider: Deleted 1 items on external_primary due to com.android.shell
07-14 16:51:43.640  3156  3319 I MediaProvider: Invalidating LocalCallingIdentity cache for package com.opportunistask.scheduling.benchmarking_app_to_test_big_cores. Reason: owned_database_row_deleted:/storage/emulated/0/experiments_automatization/app_output_folder/25999_ended
07-14 16:51:43.642  3156  3319 I MediaProvider: Deleted 1 items on external_primary due to com.android.shell
07-14 16:51:43.647  3156  3320 I MediaProvider: Invalidating LocalCallingIdentity cache for package com.opportunistask.scheduling.benchmarking_app_to_test_big_cores. Reason: owned_database_row_deleted:/storage/emulated/0/experiments_automatization/app_output_folder/25998_ended
07-14 16:51:43.648  3156  3320 I MediaProvider: Deleted 1 items on external_primary due to com.android.shell
07-14 16:51:43.653  3156  3852 I MediaProvider: Invalidating LocalCallingIdentity cache for package com.opportunistask.scheduling.benchmarking_app_to_test_big_cores. Reason: owned_database_row_deleted:/storage/emulated/0/experiments_automatization/app_output_folder/26000_ended
07-14 16:51:43.656  3156  3852 I MediaProvider: Deleted 1 items on external_primary due to com.android.shell
07-14 16:51:43.732  5193  5320 W CPU     : Failed to read cpu times
07-14 16:51:43.733  5193  5317 I DataCollector: Iteration 180572
07-14 16:51:43.882  5250  5373 W CPU     : Failed to read cpu times
07-14 16:51:44.134  1436  1540 I ActivityManager: Force stopping com.opportunistask.scheduling.benchmarking_app_to_test_big_cores appid=10790 user=-1: deletePackageX
07-14 16:51:44.239  1088  1088 I keystore: clear_uid 10790
07-14 16:51:44.241  1436  1723 D PackageManager: Instant App installer not found with android.intent.action.INSTALL_INSTANT_APP_PACKAGE
07-14 16:51:44.241  1436  1723 D PackageManager: Clear ephemeral installer activity
07-14 16:51:44.241  1436  1723 E PermissionMonitor: unknown permission type: -1for uid: 10790
07-14 16:51:44.457  1436  1723 I system_server: Explicit concurrent copying GC freed 273948(11MB) AllocSpace objects, 63(1644KB) LOS objects, 75% free, 13MB/53MB, paused 224us total 214.823ms
07-14 16:51:44.461  1436  1723 I ActivityManager: Force stopping com.opportunistask.scheduling.benchmarking_app_to_test_big_cores appid=10790 user=0: pkg removed
07-14 16:51:44.461 27132 27134 I cmd     : oneway function results will be dropped but finished with status OK and parcel size 4
07-14 16:51:44.462  1436  1450 W System  : A resource failed to call release. 
07-14 16:51:44.462  1436  1450 I chatty  : uid=1000(system) FinalizerDaemon identical 1 line
07-14 16:51:44.462  1436  1450 W System  : A resource failed to call release. 
07-14 16:51:44.483  2540  2621 W System  : A resource failed to call release. 
07-14 16:51:44.483  2540  2621 I chatty  : uid=10185(com.android.launcher3) FinalizerDaemon identical 1 line
07-14 16:51:44.484  2540  2621 W System  : A resource failed to call release. 
07-14 16:51:44.537  7265  7265 I abb     : StartCommandInProcess(73657474696e67730067657400656e61 settings.get.ena [truncated])
07-14 16:51:44.539  7265  8347 I abb     : oneway function results will be dropped but finished with status OK and parcel size 4
07-14 16:51:44.536  1436  1436 W Binder:1436_A: type=1400 audit(0.0:5627): avc: denied { getopt } for scontext=u:r:system_server:s0 tcontext=u:r:shell:s0 tclass=unix_stream_socket permissive=0
07-14 16:51:44.054    44    44 W [CONFIG_BEST_EFFORT_FL_TASK_SCHEDULING]: in function migration_cpu_stop, before normal migration of the task 27132 from cpu 4 to cpu 7
07-14 16:51:44.536  1436  1436 I chatty  : uid=1000(system) Binder:1436_3 identical 1 line
07-14 16:51:44.536  1436  1436 W Binder:1436_A: type=1400 audit(0.0:5629): avc: denied { getopt } for scontext=u:r:system_server:s0 tcontext=u:r:shell:s0 tclass=unix_stream_socket permissive=0
07-14 16:51:44.543  7265  7265 I abb     : StartCommandInProcess(7061636b61676500696e7374616c6c00 package.install. [truncated])
07-14 16:51:44.555  3156  3156 I MediaProvider: Invalidating LocalCallingIdentity cache for package com.opportunistask.scheduling.benchmarking_app_to_test_big_cores. Reason: package android.intent.action.PACKAGE_REMOVED
07-14 16:51:44.560  1436  1526 I RoleManagerService: Granting default roles...
07-14 16:51:44.560  1436  1962 V StorageManagerService: Package com.opportunistask.scheduling.benchmarking_app_to_test_big_cores does not have legacy storage
07-14 16:51:44.561  2046  2046 V AvrcpMediaPlayerList: mPackageChangedBroadcastReceiver: action: android.intent.action.PACKAGE_REMOVED
07-14 16:51:44.561  1436  1540 W BroadcastQueue: Background execution not allowed: receiving Intent { act=android.intent.action.PACKAGE_REMOVED dat=package:com.opportunistask.scheduling.benchmarking_app_to_test_big_cores flg=0x4000010 (has extras) } to org.lineageos.audiofx/.Compatibility$Receiver
07-14 16:51:44.561  2460  2581 W EuiccConnector: No valid EuiccService implementation found
07-14 16:51:44.562  1436  1540 W BroadcastQueue: Background execution not allowed: receiving Intent { act=android.intent.action.PACKAGE_REMOVED dat=package:com.opportunistask.scheduling.benchmarking_app_to_test_big_cores flg=0x4000010 (has extras) } to com.antutu.ABenchMark/com.taobao.accs.EventReceiver
07-14 16:51:44.562  1436  1528 W Looper  : Slow dispatch took 100ms android.ui h=com.android.server.am.ActivityManagerService$UiHandler c=null m=31
07-14 16:51:44.567  1436  1919 I RollbackManager: broadcast=ACTION_PACKAGE_FULLY_REMOVED pkg=com.opportunistask.scheduling.benchmarking_app_to_test_big_cores
07-14 16:51:44.567  1436  1540 W BroadcastQueue: Background execution not allowed: receiving Intent { act=android.intent.action.PACKAGE_REMOVED dat=package:com.opportunistask.scheduling.benchmarking_app_to_test_big_cores flg=0x4000010 (has extras) } to com.antutu.ABenchMark/com.taobao.agoo.AgooCommondReceiver
07-14 16:51:44.567  3188  3188 D RegisteredNfcFServicesCache: Service unchanged, not updating
07-14 16:51:44.572  1436  1952 I InputReader: Reconfiguring input devices, changes=KEYBOARD_LAYOUTS | 
07-14 16:51:44.578  2460  2460 E PhoneInterfaceManager: [PhoneIntfMgr] getCarrierPackageNamesForIntentAndPhone: No UICC
07-14 16:51:44.578  5687  5713 I LatinIME:LogUtils: Dictionary info: dictionary = main:en_us ; version = 54 ; date = 1414726260
07-14 16:51:44.578  2460  2460 D CarrierSvcBindHelper: No carrier app for: 0
07-14 16:51:44.593 26790 26825 E tutu.ABenchMar: Invalid ID 0x00000000.
07-14 16:51:44.600  1436  1540 W BroadcastQueue: Background execution not allowed: receiving Intent { act=android.intent.action.PACKAGE_REMOVED dat=package:com.opportunistask.scheduling.benchmarking_app_to_test_big_cores flg=0x4000010 (has extras) } to com.antutu.aibenchmark/com.taobao.accs.EventReceiver
07-14 16:51:44.600  1436  1436 W WifiService: Couldn't get PackageInfo for package:com.opportunistask.scheduling.benchmarking_app_to_test_big_cores
07-14 16:51:44.600  1436  1436 D WifiService: Remove settings for package:com.opportunistask.scheduling.benchmarking_app_to_test_big_cores
07-14 16:51:44.600  1436  2766 W TelephonyPermissions: reportAccessDeniedToReadIdentifiers:com.antutu.ABenchMark:getSerial:-1
07-14 16:51:44.601  1436  1977 D WifiConfigManager: Remove all networks for app ApplicationInfo{477df7a com.opportunistask.scheduling.benchmarking_app_to_test_big_cores}
07-14 16:51:44.602  1436  1540 W BroadcastQueue: Background execution not allowed: receiving Intent { act=android.intent.action.PACKAGE_REMOVED dat=package:com.opportunistask.scheduling.benchmarking_app_to_test_big_cores flg=0x4000010 (has extras) } to com.antutu.aibenchmark/com.taobao.agoo.AgooCommondReceiver
07-14 16:51:44.602   953  1180 D AF::TrackHandle: OpPlayAudio: track:55 usage:3 not muted
07-14 16:51:44.603  1436  1436 W WifiService: Couldn't get PackageInfo for package:com.opportunistask.scheduling.benchmarking_app_to_test_big_cores
07-14 16:51:44.603  1436  1436 D WifiService: Remove settings for package:com.opportunistask.scheduling.benchmarking_app_to_test_big_cores
07-14 16:51:44.603  1436  1973 W BestClock: java.time.DateTimeException: Missing NTP fix
07-14 16:51:44.603   953  1180 D AF::TrackHandle: OpPlayAudio: track:55 usage:3 not muted
07-14 16:51:44.607  1436  1436 I ConditionProviders: Disallowing condition provider com.opportunistask.scheduling.benchmarking_app_to_test_big_cores
07-14 16:51:44.604   953  1180 I chatty  : uid=1041(audioserver) Binder:953_1 identical 2 lines
07-14 16:51:44.605   953  1180 D AF::TrackHandle: OpPlayAudio: track:55 usage:3 not muted
07-14 16:51:44.608  1436  1973 W BestClock: java.time.DateTimeException: Missing NTP fix
07-14 16:51:44.610   953  1180 D AF::TrackHandle: OpPlayAudio: track:64 usage:13 not muted
07-14 16:51:44.611   953 15562 D AF::TrackHandle: OpPlayAudio: track:58 usage:13 not muted
07-14 16:51:44.611   953  1180 D AF::TrackHandle: OpPlayAudio: track:64 usage:13 not muted
07-14 16:51:44.611   953  2013 D AF::TrackHandle: OpPlayAudio: track:55 usage:3 not muted
07-14 16:51:44.611   953  2013 I chatty  : uid=1041(audioserver) Binder:953_3 identical 1 line
07-14 16:51:44.611   953  2013 D AF::TrackHandle: OpPlayAudio: track:55 usage:3 not muted
07-14 16:51:44.612   953   953 D AF::TrackHandle: OpPlayAudio: track:58 usage:13 not muted
07-14 16:51:44.612   953  2013 D AF::TrackHandle: OpPlayAudio: track:55 usage:3 not muted
07-14 16:51:44.612   953   953 D AF::TrackHandle: OpPlayAudio: track:58 usage:13 not muted
07-14 16:51:44.612   953  8046 D AF::TrackHandle: OpPlayAudio: track:55 usage:3 not muted
07-14 16:51:44.612   953   953 D AF::TrackHandle: OpPlayAudio: track:58 usage:13 not muted
07-14 16:51:44.612   953  1180 D AF::TrackHandle: OpPlayAudio: track:64 usage:13 not muted
07-14 16:51:44.612   953  2013 D AF::TrackHandle: OpPlayAudio: track:55 usage:3 not muted
07-14 16:51:44.612   953   953 D AF::TrackHandle: OpPlayAudio: track:58 usage:13 not muted
07-14 16:51:44.612   953  1180 D AF::TrackHandle: OpPlayAudio: track:64 usage:13 not muted
07-14 16:51:44.612   953  1180 I chatty  : uid=1041(audioserver) Binder:953_1 identical 1 line
07-14 16:51:44.612   953  1180 D AF::TrackHandle: OpPlayAudio: track:64 usage:13 not muted
07-14 16:51:44.612   953  2013 D AF::TrackHandle: OpPlayAudio: track:55 usage:3 not muted
07-14 16:51:44.613   953  2014 D AF::TrackHandle: OpPlayAudio: track:64 usage:13 not muted
07-14 16:51:44.613   953   953 D AF::TrackHandle: OpPlayAudio: track:58 usage:13 not muted
07-14 16:51:44.613   953  2014 D AF::TrackHandle: OpPlayAudio: track:64 usage:13 not muted
07-14 16:51:44.613   953  1180 D AF::TrackHandle: OpPlayAudio: track:58 usage:13 not muted
07-14 16:51:44.613   953  2014 D AF::TrackHandle: OpPlayAudio: track:64 usage:13 not muted
07-14 16:51:44.613   953  1180 D AF::TrackHandle: OpPlayAudio: track:58 usage:13 not muted
07-14 16:51:44.613   953  7280 D AF::TrackHandle: OpPlayAudio: track:55 usage:3 not muted
07-14 16:51:44.613   953  1180 D AF::TrackHandle: OpPlayAudio: track:58 usage:13 not muted
07-14 16:51:44.614   953  2014 D AF::TrackHandle: OpPlayAudio: track:64 usage:13 not muted
07-14 16:51:44.614   953 15562 D AF::TrackHandle: OpPlayAudio: track:58 usage:13 not muted
07-14 16:51:44.614   953  7280 D AF::TrackHandle: OpPlayAudio: track:55 usage:3 not muted
07-14 16:51:44.614   953  1180 D AF::TrackHandle: OpPlayAudio: track:55 usage:3 not muted
07-14 16:51:44.614   953  2014 D AF::TrackHandle: OpPlayAudio: track:64 usage:13 not muted
07-14 16:51:44.614   953  1180 D AF::TrackHandle: OpPlayAudio: track:55 usage:3 not muted
07-14 16:51:44.542    17    17 W [CONFIG_BEST_EFFORT_FL_TASK_SCHEDULING]: in function migration_cpu_stop, before normal migration of the task 24668 from cpu 0 to cpu 4
07-14 16:51:44.542    68    68 W [CONFIG_BEST_EFFORT_FL_TASK_SCHEDULING]: in function migration_cpu_stop, before normal migration of the task 24669 from cpu 0 to cpu 4
07-14 16:51:44.543    20    20 W [CONFIG_BEST_EFFORT_FL_TASK_SCHEDULING]: in function migration_cpu_stop, before normal migration of the task 24679 from cpu 7 to cpu 4
07-14 16:51:44.614   953  1180 I chatty  : uid=1041(audioserver) Binder:953_1 identical 1 line
07-14 16:51:44.615   953  1180 D AF::TrackHandle: OpPlayAudio: track:55 usage:3 not muted
07-14 16:51:44.615   953 15562 D AF::TrackHandle: OpPlayAudio: track:58 usage:13 not muted
07-14 16:51:44.615   953  1180 D AF::TrackHandle: OpPlayAudio: track:55 usage:3 not muted
07-14 16:51:44.615   953 15562 D AF::TrackHandle: OpPlayAudio: track:58 usage:13 not muted
07-14 16:51:44.615   953  1180 D AF::TrackHandle: OpPlayAudio: track:55 usage:3 not muted
07-14 16:51:44.615   953  1180 D AF::TrackHandle: OpPlayAudio: track:55 usage:3 not muted
07-14 16:51:44.615   953 15562 D AF::TrackHandle: OpPlayAudio: track:58 usage:13 not muted
07-14 16:51:44.615   953  1182 D AF::TrackHandle: OpPlayAudio: track:64 usage:13 not muted
07-14 16:51:44.615   953 15562 D AF::TrackHandle: OpPlayAudio: track:64 usage:13 not muted
07-14 16:51:44.615   953  1180 D AF::TrackHandle: OpPlayAudio: track:58 usage:13 not muted
07-14 16:51:44.616   953 15562 D AF::TrackHandle: OpPlayAudio: track:64 usage:13 not muted
07-14 16:51:44.616   953  1180 D AF::TrackHandle: OpPlayAudio: track:58 usage:13 not muted
07-14 16:51:44.616   953 15562 D AF::TrackHandle: OpPlayAudio: track:64 usage:13 not muted
07-14 16:51:44.616   953 15562 D AF::TrackHandle: OpPlayAudio: track:64 usage:13 not muted
07-14 16:51:44.616   953  1180 D AF::TrackHandle: OpPlayAudio: track:58 usage:13 not muted
07-14 16:51:44.616  1436  1974 W BestClock: java.time.DateTimeException: Missing NTP fix
07-14 16:51:44.616  1436  1974 W BestClock: java.time.DateTimeException: Missing NTP fix
07-14 16:51:44.617  1436  1977 D WifiConfigStore: Writing to stores completed in 14 ms.
07-14 16:51:44.617  1436  1977 I PasspointManager: No app ops listener found for com.opportunistask.scheduling.benchmarking_app_to_test_big_cores
07-14 16:51:44.618  1436  1977 D WifiConfigManager: Remove all networks for app ApplicationInfo{2ad2ca3 com.opportunistask.scheduling.benchmarking_app_to_test_big_cores}
07-14 16:51:44.624  1436  1977 D WifiConfigStore: Writing to stores completed in 3 ms.
07-14 16:51:44.625  1436  1977 I PasspointManager: No app ops listener found for com.opportunistask.scheduling.benchmarking_app_to_test_big_cores
07-14 16:51:44.627  1436  1539 W Searchables: No global search activity found
07-14 16:51:44.629  2540  2540 D Launcher.Model: package removed received com.opportunistask.scheduling.benchmarking_app_to_test_big_cores
07-14 16:51:44.629  2540  2632 D PackageUpdatedTask: Removing app iconcom.opportunistask.scheduling.benchmarking_app_to_test_big_cores
07-14 16:51:44.632  3156  5378 I MediaProvider: Begin Intent { act=android.intent.action.PACKAGE_FULLY_REMOVED dat=package:com.opportunistask.scheduling.benchmarking_app_to_test_big_cores flg=0x5000010 cmp=com.android.providers.media.module/com.android.providers.media.MediaService (has extras) }
07-14 16:51:44.632  2540  2632 D ModelWriter: removing items from db 
07-14 16:51:44.632  2540  2632 D ModelWriter: java.lang.Exception
07-14 16:51:44.632  2540  2632 D ModelWriter: 	at com.android.launcher3.model.ModelWriter.deleteItemsFromDatabase(ModelWriter.java:272)
07-14 16:51:44.632  2540  2632 D ModelWriter: 	at com.android.launcher3.model.ModelWriter.deleteItemsFromDatabase(ModelWriter.java:262)
07-14 16:51:44.632  2540  2632 D ModelWriter: 	at com.android.launcher3.model.BaseModelUpdateTask.deleteAndBindComponentsRemoved(BaseModelUpdateTask.java:111)
07-14 16:51:44.632  2540  2632 D ModelWriter: 	at com.android.launcher3.model.PackageUpdatedTask.execute(PackageUpdatedTask.java:323)
